05-23 06:12:32.176  1534  1534 W NotificationHistory: Attempted to add notif for locked/gone/disabled user 0
05-23 06:12:32.214  1534  1534 W NotificationHistory: Attempted to add notif for locked/gone/disabled user 0
05-23 06:12:32.237  1534  1534 W NotificationHistory: Attempted to add notif for locked/gone/disabled user 0
05-23 06:12:32.283  1534  1534 W NotificationHistory: Attempted to add notif for locked/gone/disabled user 0
05-23 06:12:32.298  1534  1534 W NotificationHistory: Attempted to add notif for locked/gone/disabled user 0
05-23 06:12:32.339  1534  1534 W NotificationHistory: Attempted to add notif for locked/gone/disabled user 0
05-23 06:12:32.354  1534  1534 W NotificationHistory: Attempted to add notif for locked/gone/disabled user 0
05-23 06:12:32.397  1534  1534 W NotificationHistory: Attempted to add notif for locked/gone/disabled user 0
05-23 06:12:32.409  1534  1534 W NotificationHistory: Attempted to add notif for locked/gone/disabled user 0
05-23 06:12:32.454  1534  1534 W NotificationHistory: Attempted to add notif for locked/gone/disabled user 0
05-23 06:12:32.474  1534  1534 W NotificationHistory: Attempted to add notif for locked/gone/disabled user 0
05-23 06:12:32.521  1534  1534 W NotificationHistory: Attempted to add notif for locked/gone/disabled user 0
05-23 06:12:32.538  1534  1534 W NotificationHistory: Attempted to add notif for locked/gone/disabled user 0
05-23 06:12:32.610  1534  1534 W NotificationHistory: Attempted to add notif for locked/gone/disabled user 0
05-23 06:12:32.636  1534  1534 W NotificationHistory: Attempted to add notif for locked/gone/disabled user 0
05-23 06:12:32.658  1534  1534 W NotificationHistory: Attempted to add notif for locked/gone/disabled user 0
05-23 06:12:32.676  1534  1534 W NotificationHistory: Attempted to add notif for locked/gone/disabled user 0
05-23 06:12:32.745  1534  1534 W NotificationHistory: Attempted to add notif for locked/gone/disabled user 0
05-23 06:12:32.759  1534  1534 W NotificationHistory: Attempted to add notif for locked/gone/disabled user 0
05-23 06:12:32.796  1534  1534 W NotificationHistory: Attempted to add notif for locked/gone/disabled user 0
05-23 06:12:32.848  1534  1534 W NotificationHistory: Attempted to add notif for locked/gone/disabled user 0
05-23 06:12:32.871  1534  1534 W NotificationHistory: Attempted to add notif for locked/gone/disabled user 0
05-23 06:12:32.915  1534  1534 W NotificationHistory: Attempted to add notif for locked/gone/disabled user 0
05-23 06:12:32.999  1534  1534 W NotificationHistory: Attempted to add notif for locked/gone/disabled user 0
05-23 06:12:33.023  1534  1534 W NotificationHistory: Attempted to add notif for locked/gone/disabled user 0
05-23 06:12:33.062  1534  1534 W NotificationHistory: Attempted to add notif for locked/gone/disabled user 0
05-23 06:12:33.100  1534  1534 W NotificationHistory: Attempted to add notif for locked/gone/disabled user 0
05-23 06:13:42.654  1534  1671 I WindowManager: SURFACE SHOW Surface(name=PopupWindow:9f20967)/@0x541fed3 on display:0
05-23 06:13:43.345  1534  1671 I WindowManager: SURFACE SHOW Surface(name=PopupWindow:e17850a)/@0x2a1af7d on display:0
05-23 06:13:43.510  1534  1671 I WindowManager: SURFACE SHOW Surface(name=PopupWindow:b30e7d6)/@0x4298fbe on display:0
05-23 06:15:52.912  1534  6214 I ActivityManager: Killing 17758:com.facebook.katana:fdidsync/u0a294 (adj 975, setSvc -10000): empty for 1800s
05-23 06:15:52.978  1534  6214 I ActivityManager: appDiedLocked: app=ProcessRecord{b9d0488 17758:com.facebook.katana:fdidsync/u0a294} thread=android.os.BinderProxy@b3c7c1a fromBinderDied=true isKilledByAm=true reason=null
05-23 06:15:53.022  1534  6214 I ActivityManager: Killing 17683:com.whatsapp/u0a747 (adj 975, setSvc -10000): empty for 1800s
05-23 06:15:53.089  1534  6214 I ActivityManager: appDiedLocked: app=ProcessRecord{b544102 17683:com.whatsapp/u0a747} thread=android.os.BinderProxy@cacf34b fromBinderDied=true isKilledByAm=true reason=null
05-23 06:15:53.123  1534  6214 I ActivityManager: Killing 17807:com.facebook.orca:fdidsync/u0a732 (adj 975, setSvc -10000): empty for 1800s
05-23 06:15:53.182  1534  2167 I ActivityManager: appDiedLocked: app=ProcessRecord{b6b8185 17807:com.facebook.orca:fdidsync/u0a732} thread=android.os.BinderProxy@ec6a128 fromBinderDied=true isKilledByAm=true reason=null
05-23 06:15:57.292  1534  2167 I ActivityManager: Killing 17289:com.whatsapp.w4b/u0a737 (adj 700, setSvc -10000): empty for 1803s
05-23 06:15:57.359  1534  6214 I ActivityManager: appDiedLocked: app=ProcessRecord{d3de886 17289:com.whatsapp.w4b/u0a737} thread=android.os.BinderProxy@c9cfe41 fromBinderDied=true isKilledByAm=true reason=null
05-23 06:16:15.563  1534  4032 I ActivityTaskManager: START u0 {cmp=com.knowz.mobleapp/expo.modules.devmenu.DevMenuActivity} from uid 10825
05-23 06:16:15.563  1534  4032 D ActivityTaskManager: getPreferredLaunchDisplay userset_displayid false user set display id 0, current display id -1, current focus display 0
05-23 06:16:15.564  1534  4032 D ActivityTaskManager: getPreferredLaunchDisplay userset_displayid false user set display id 0, current display id -1, current focus display 0
05-23 06:16:15.568  1534  2005 I UsbPortManager: ClientCallback V1_2: port0
05-23 06:16:15.569  1534  1666 I UsbPortManager: USB port changed: port=UsbPort{id=port0, supportedModes=dualsupportedContaminantProtectionModes=1supportsEnableContaminantPresenceProtection=falsesupportsEnableContaminantPresenceDetection=false, status=UsbPortStatus{connected=false, currentMode=none, currentPowerRole=no-power, currentDataRole=no-data, supportedRoleCombinations=[no-power:no-data], contaminantDetectionStatus=2, contaminantProtectionStatus=1}, canChangeMode=true, canChangePowerRole=false, canChangeDataRole=false, connectedAtMillis=0, lastConnectDurationMillis=11977434
05-23 06:16:15.586  1534  1829 D BatteryService: uevent={POWER_SUPPLY_VOLTAGE_NOW=4316000, POWER_SUPPLY_CHARGE_RATE=None, POWER_SUPPLY_CURRENT_AVG=0, POWER_SUPPLY_CAPACITY_LEVEL=Full, POWER_SUPPLY_HEALTH=Good, POWER_SUPPLY_CURRENT_NOW=-715900, POWER_SUPPLY_PRESENT=1, POWER_SUPPLY_TECHNOLOGY=Li-poly, POWER_SUPPLY_CHARGE_FULL=4931000, POWER_SUPPLY_TIME_TO_FULL_NOW=0, POWER_SUPPLY_CHARGE_FULL_DESIGN=4931000, SUBSYSTEM=power_supply, POWER_SUPPLY_TEMP=262, SEQNUM=43759, ACTION=change, POWER_SUPPLY_AGE=91, POWER_SUPPLY_NAME=battery, POWER_SUPPLY_STATUS=Discharging, POWER_SUPPLY_CYCLE_COUNT=72, POWER_SUPPLY_CHARGE_COUNTER=4931000, POWER_SUPPLY_CAPACITY=100, DEVPATH=/devices/platform/battery/power_supply/battery}
05-23 06:16:15.586  1534  1829 D BatteryService: uevent={POWER_SUPPLY_VOLTAGE_NOW=4316000, POWER_SUPPLY_CHARGE_RATE=None, POWER_SUPPLY_CURRENT_AVG=0, POWER_SUPPLY_CAPACITY_LEVEL=Full, POWER_SUPPLY_HEALTH=Good, POWER_SUPPLY_CURRENT_NOW=-715900, POWER_SUPPLY_PRESENT=1, POWER_SUPPLY_TECHNOLOGY=Li-poly, POWER_SUPPLY_CHARGE_FULL=4931000, POWER_SUPPLY_TIME_TO_FULL_NOW=0, POWER_SUPPLY_CHARGE_FULL_DESIGN=4931000, SUBSYSTEM=power_supply, POWER_SUPPLY_TEMP=262, SEQNUM=43759, ACTION=change, POWER_SUPPLY_AGE=91, POWER_SUPPLY_NAME=battery, POWER_SUPPLY_STATUS=Discharging, POWER_SUPPLY_CYCLE_COUNT=72, POWER_SUPPLY_CHARGE_COUNTER=4931000, POWER_SUPPLY_CAPACITY=100, DEVPATH=/devices/platform/battery/power_supply/battery}
05-23 06:16:15.594  1534  1687 W BroadcastQueue: Background execution not allowed: receiving Intent { act=android.intent.action.ACTION_POWER_DISCONNECTED flg=0x4000010 (has extras) } to com.google.android.gms/.chimera.GmsIntentOperationService$PersistentTrustedReceiver
05-23 06:16:15.594  1534  1687 W BroadcastQueue: Background execution not allowed: receiving Intent { act=android.intent.action.ACTION_POWER_DISCONNECTED flg=0x4000010 (has extras) } to com.google.android.projection.gearhead/com.google.android.apps.auto.components.connectivity.impl.ConnectivityEventHandlerImpl$ConnectivityEventBroadcastReceiver
05-23 06:16:15.594  1534  1687 W BroadcastQueue: Background execution not allowed: receiving Intent { act=android.intent.action.ACTION_POWER_DISCONNECTED flg=0x4000010 (has extras) } to com.facebook.katana/com.facebook.battery.monitor.ContinuousBatteryMonitorService$BroadcastReceiver
05-23 06:16:15.594  1534  1687 W BroadcastQueue: Background execution not allowed: receiving Intent { act=android.intent.action.ACTION_POWER_DISCONNECTED flg=0x4000010 (has extras) } to com.voicerecorder.audiorecorder.voicenote/com.qualityinfo.InsightReceiver
05-23 06:16:15.601  1534  1687 D CompatibilityChangeReporter: Compat change id reported: 135634846; UID 10192; state: DISABLED
05-23 06:16:15.601  1534  1687 D CompatibilityChangeReporter: Compat change id reported: 177438394; UID 10192; state: DISABLED
05-23 06:16:15.601  1534  1687 D CompatibilityChangeReporter: Compat change id reported: 135772972; UID 10192; state: DISABLED
05-23 06:16:15.601  1534  1687 D CompatibilityChangeReporter: Compat change id reported: 135754954; UID 10192; state: ENABLED
05-23 06:16:15.602  1534  1688 D CompatibilityChangeReporter: Compat change id reported: 143937733; UID 10192; state: ENABLED
05-23 06:16:15.607  1534  1866 W ActivityTaskManager: Tried to set launchTime (0) < mLastActivityLaunchTime (191042829)
05-23 06:16:15.611  1534  1829 D BatteryService: uevent={POWER_SUPPLY_VOLTAGE_NOW=4302000, POWER_SUPPLY_CHARGE_RATE=None, POWER_SUPPLY_CURRENT_AVG=0, POWER_SUPPLY_CAPACITY_LEVEL=Full, POWER_SUPPLY_HEALTH=Good, POWER_SUPPLY_CURRENT_NOW=-1116900, POWER_SUPPLY_PRESENT=1, POWER_SUPPLY_TECHNOLOGY=Li-poly, POWER_SUPPLY_CHARGE_FULL=4931000, POWER_SUPPLY_TIME_TO_FULL_NOW=0, POWER_SUPPLY_CHARGE_FULL_DESIGN=4931000, SUBSYSTEM=power_supply, POWER_SUPPLY_TEMP=262, SEQNUM=43760, ACTION=change, POWER_SUPPLY_AGE=91, POWER_SUPPLY_NAME=battery, POWER_SUPPLY_STATUS=Discharging, POWER_SUPPLY_CYCLE_COUNT=72, POWER_SUPPLY_CHARGE_COUNTER=4931000, POWER_SUPPLY_CAPACITY=100, DEVPATH=/devices/platform/battery/power_supply/battery}
05-23 06:16:15.611  1534  1829 D BatteryService: uevent={POWER_SUPPLY_VOLTAGE_NOW=4302000, POWER_SUPPLY_CHARGE_RATE=None, POWER_SUPPLY_CURRENT_AVG=0, POWER_SUPPLY_CAPACITY_LEVEL=Full, POWER_SUPPLY_HEALTH=Good, POWER_SUPPLY_CURRENT_NOW=-1116900, POWER_SUPPLY_PRESENT=1, POWER_SUPPLY_TECHNOLOGY=Li-poly, POWER_SUPPLY_CHARGE_FULL=4931000, POWER_SUPPLY_TIME_TO_FULL_NOW=0, POWER_SUPPLY_CHARGE_FULL_DESIGN=4931000, SUBSYSTEM=power_supply, POWER_SUPPLY_TEMP=262, SEQNUM=43760, ACTION=change, POWER_SUPPLY_AGE=91, POWER_SUPPLY_NAME=battery, POWER_SUPPLY_STATUS=Discharging, POWER_SUPPLY_CYCLE_COUNT=72, POWER_SUPPLY_CHARGE_COUNTER=4931000, POWER_SUPPLY_CAPACITY=100, DEVPATH=/devices/platform/battery/power_supply/battery}
05-23 06:16:15.612  1534  1866 V WindowManager: Changing focus of displayId=0 to null from Window{5f81039 u0 com.knowz.mobleapp/com.knowz.mobleapp.MainActivity}
05-23 06:16:15.632  1534  6214 I ActivityManager: Start proc 20023:com.google.android.apps.turbo/u0a192 for broadcast {com.google.android.apps.turbo/com.google.android.apps.turbo.nudges.broadcasts.BatteryStatusChangedReceiver}
05-23 06:16:15.635  1534  6214 D CompatibilityChangeReporter: Compat change id reported: 168419799; UID 10192; state: DISABLED
05-23 06:16:15.651  1534  1694 I BatteryStatsImpl: Resetting battery stats: level=100 status=5 dischargeLevel=100 lowAmount=7 highAmount=8
05-23 06:16:15.718  1534  1864 V WindowManager: Changing focus of displayId=0 to Window{1527e64 u0 com.knowz.mobleapp/expo.modules.devmenu.DevMenuActivity} from null
05-23 06:16:15.771  1534  1671 I LaunchCheckinHandler: MotoDisplayed com.knowz.mobleapp/expo.modules.devmenu.DevMenuActivity,wp,ca,164
05-23 06:16:15.773  1534  1671 I WindowManager: SURFACE SHOW Surface(name=com.knowz.mobleapp/expo.modules.devmenu.DevMenuActivity)/@0x768bab7 on display:0
05-23 06:16:15.838  1534  1534 W Looper  : Slow dispatch took 238ms main h=android.os.Handler c=com.android.server.BatteryService$$ExternalSyntheticLambda4@1039066 m=0
05-23 06:16:15.838  1534  1534 W Looper  : Slow delivery took 252ms main h=com.android.server.power.Notifier$NotifierHandler c=null m=7
05-23 06:16:15.850  1534  6214 D CompatibilityChangeReporter: Compat change id reported: 168419799; UID 10182; state: DISABLED
05-23 06:16:15.898  1534  1834 D BatteryService: AdaptiveCharging set configs, mUpperLimit:-1, mLowerLimit:-1, res:0, lastUpperLimit:-1, lastLowerLimit:-1, lastUpdateTime:472376441 (11976486 ms ago)
05-23 06:16:15.911  1534  1534 W Looper  : Drained
05-23 06:16:18.556  1534  1666 D UsbDeviceManager: clear usb bottom
05-23 06:16:18.557  1534  1666 D UsbDeviceManager: Clear notification
05-23 06:16:18.557  1534  1666 I UsbDeviceManager: Setting USB config to 
05-23 06:16:18.557  1534  1666 D UsbDeviceManager: setUsbConfig(1) request:20
05-23 06:16:18.571  1534  1687 D CompatibilityChangeReporter: Compat change id reported: 168419799; UID 10101; state: DISABLED
05-23 06:16:18.589  1534  2351 D CompatibilityChangeReporter: Compat change id reported: 177438394; UID 10200; state: DISABLED
05-23 06:16:18.589  1534  2351 D CompatibilityChangeReporter: Compat change id reported: 135772972; UID 10200; state: DISABLED
05-23 06:16:18.589  1534  2351 D CompatibilityChangeReporter: Compat change id reported: 135754954; UID 10200; state: ENABLED
05-23 06:16:18.589  1534  1688 D CompatibilityChangeReporter: Compat change id reported: 143937733; UID 10200; state: ENABLED
05-23 06:16:18.602  1534  1688 I ActivityManager: Start proc 20062:com.google.android.projection.gearhead:car/u0a200 for broadcast {com.google.android.projection.gearhead/com.google.android.apps.auto.carservice.gmscorecompat.CarUsbReceiver}
05-23 06:16:18.638  1534  2353 D CompatibilityChangeReporter: Compat change id reported: 168419799; UID 10200; state: DISABLED
05-23 06:16:18.658  1534  2788 W AdbDebuggingManager: Read failed with count -1
05-23 06:16:18.659  1534  2788 E AdbDebuggingManager: Caught an exception opening the socket: java.io.IOException: Connection refused
05-23 06:16:18.782  1534  2005 E UsbDeviceManager: notifyCurrentFunction request:20 status:0
05-23 06:16:18.858  1534  2353 V WindowManager: Changing focus of displayId=0 to Window{e4134e u0 com.motorola.launcher3/com.android.launcher3.CustomizationPanelLauncher} from Window{1527e64 u0 com.knowz.mobleapp/expo.modules.devmenu.DevMenuActivity}
05-23 06:16:18.883  1534  2353 I WindowManager: SURFACE hide Surface(name=com.knowz.mobleapp/com.knowz.mobleapp.MainActivity)/@0xc16c930 on display:0
05-23 06:16:18.883  1534  2353 I WindowManager: SURFACE hide Surface(name=com.knowz.mobleapp/expo.modules.devmenu.DevMenuActivity)/@0x768bab7 on display:0
05-23 06:16:19.003  1534  1669 I ActivityManager: Killing 16923:com.knowz.mobleapp/u0a825 (adj 700, setSvc -10000): remove task
05-23 06:16:19.152  1534  4032 I ActivityManager: appDiedLocked: app=ProcessRecord{e13657a 16923:com.knowz.mobleapp/u0a825} thread=android.os.BinderProxy@200eff8 fromBinderDied=true isKilledByAm=true reason=null
05-23 06:16:19.153  1534  1866 I WindowManager: WIN DEATH: Window{1527e64 u0 com.knowz.mobleapp/expo.modules.devmenu.DevMenuActivity}
05-23 06:16:19.155  1534  4031 I WindowManager: WIN DEATH: Window{5f81039 u0 com.knowz.mobleapp/com.knowz.mobleapp.MainActivity}
05-23 06:16:19.166  1534  1671 W ActivityTaskManager: Can't find TaskDisplayArea to determine support for multi window. Task id=2159 attached=false
05-23 06:16:19.167  1534  1671 W ActivityTaskManager: Can't find TaskDisplayArea to determine support for multi window. Task id=2159 attached=false
05-23 06:16:19.182  1534  1669 W ActivityManager: setHasOverlayUi called on unknown pid: 16923
05-23 06:16:21.737  1534  4032 D CompatibilityChangeReporter: Compat change id reported: 168419799; UID 10163; state: DISABLED
05-23 06:16:22.407  1534  1667 D CompatibilityChangeReporter: Compat change id reported: 173031413; UID 1000; state: ENABLED
05-23 06:16:22.584  1534  1534 D WindowManager: powerPress: eventTime=193734384 interactive=true count=1 beganFromNonInteractive=false mShortPressOnPowerBehavior=1
05-23 06:16:22.585  1534  1534 I PowerManagerService: Powering off display group due to power_button (groupId= 0, uid= 1000)...
05-23 06:16:22.585  1534  1534 I PowerManagerService: Going to sleep due to power_button (uid 1000)...
05-23 06:16:22.586  1534  1534 I InputMethodManagerService: setInteractive false, called by = 1534
05-23 06:16:22.607  1534  1534 I WindowManager: Started going to sleep... (why=OFF_BECAUSE_OF_USER)
05-23 06:16:22.642  1534  6214 D BiometricUtils: isEncrypted: false isLockdown: false
05-23 06:16:22.643  1534  1534 D BiometricUtils: isUdfpsLocalHbmSupport defaultSupport=false debugSupport=false
05-23 06:16:22.643  1534  1534 D BiometricScheduler/Fingerprint21: [Added] {[229] FingerprintUpdateActiveUserClient, proto=1, owner=android, cookie=0, requestId=-1, userId=0}, new queue size: 1
05-23 06:16:22.643  1534  1534 D BiometricScheduler/Fingerprint21: [Polled] {[229] FingerprintUpdateActiveUserClient, proto=1, owner=android, cookie=0, requestId=-1, userId=0}, State: 0
05-23 06:16:22.643  1534  1534 D BiometricScheduler/Fingerprint21: [Starting] {[229] FingerprintUpdateActiveUserClient, proto=1, owner=android, cookie=0, requestId=-1, userId=0}, State: 0
05-23 06:16:22.643  1534  1534 D BiometricScheduler/Fingerprint21: [Started] {[229] FingerprintUpdateActiveUserClient, proto=1, owner=android, cookie=0, requestId=-1, userId=0}
05-23 06:16:22.855  1534  1534 D BiometricUtils: isUdfpsLocalHbmSupport defaultSupport=false debugSupport=false
05-23 06:16:22.855  1534  1534 D BiometricScheduler/Fingerprint21: [Added] {[230] FingerprintAuthenticationClient, proto=3, owner=com.android.systemui, cookie=0, requestId=73, userId=0}, new queue size: 1
05-23 06:16:22.856  1534  1534 V BiometricScheduler/Fingerprint21: Not idle, current operation: {[229] FingerprintUpdateActiveUserClient, proto=1, owner=android, cookie=0, requestId=-1, userId=0}, State: 2
05-23 06:16:22.856  1534  1534 W Looper  : Slow dispatch took 213ms main h=android.os.Handler c=com.android.server.biometrics.sensors.fingerprint.hidl.Fingerprint21$$ExternalSyntheticLambda12@ba2d422 m=0
05-23 06:16:22.856  1534  1534 D BiometricScheduler/Fingerprint21: [Finishing] {[229] FingerprintUpdateActiveUserClient, proto=1, owner=android, cookie=0, requestId=-1, userId=0}, success: true
05-23 06:16:22.856  1534  1534 D BiometricScheduler/Fingerprint21: [Polled] {[230] FingerprintAuthenticationClient, proto=3, owner=com.android.systemui, cookie=0, requestId=73, userId=0}, State: 0
05-23 06:16:22.856  1534  1534 D GestureAvailabilityTracker: Notifying gesture availability, active=false
05-23 06:16:22.856  1534  1534 D BiometricScheduler/Fingerprint21: [Starting] {[230] FingerprintAuthenticationClient, proto=3, owner=com.android.systemui, cookie=0, requestId=73, userId=0}, State: 0
05-23 06:16:22.856  1534  1534 D BiometricScheduler/Fingerprint21: [Started] {[230] FingerprintAuthenticationClient, proto=3, owner=com.android.systemui, cookie=0, requestId=73, userId=0}
05-23 06:16:22.856  1534  1534 D BiometricCoexCoordinator: addAuthenticationClient(OtherFp), client: {[230] FingerprintAuthenticationClient, proto=3, owner=com.android.systemui, cookie=0, requestId=73, userId=0}
05-23 06:16:22.856  1534  1534 D FingerprintService: Fps state updated from 0 to 2, client {[230] FingerprintAuthenticationClient, proto=3, owner=com.android.systemui, cookie=0, requestId=73, userId=0}
05-23 06:16:22.862  1534  1534 D Biometrics/AuthenticationClient: Requesting auth for com.android.systemui
05-23 06:16:22.884  1534  1534 D BiometricScheduler/Fingerprint21: [StateChanged] {[230] FingerprintAuthenticationClient, proto=3, owner=com.android.systemui, cookie=0, requestId=73, userId=0}, state: 1
05-23 06:16:22.884  1534  1534 D FingerprintService: onClientStateChanged client={[230] FingerprintAuthenticationClient, proto=3, owner=com.android.systemui, cookie=0, requestId=73, userId=0} newState=1
05-23 06:16:22.885  1534  1534 V Biometrics/AcquisitionClient: Acquired: 6 1, shouldSend: true
05-23 06:16:23.089  1534  1705 I DisplayPowerController[0]: Blocking screen off
05-23 06:16:23.089  1534  1705 I DisplayPowerController[0]: Unblocked screen off after 1 ms
05-23 06:16:23.090  1534  1705 I WindowManager: Display0 turned off...
05-23 06:16:23.113  1534  1534 V Biometrics/AcquisitionClient: Acquired: 6 2, shouldSend: true
05-23 06:16:23.119  1534  1705 D ActivityTaskManager: Top Process State changed to PROCESS_STATE_TOP_SLEEPING
05-23 06:16:23.126  1534  4032 V WindowManager: Changing focus of displayId=0 to null from Window{e4134e u0 com.motorola.launcher3/com.android.launcher3.CustomizationPanelLauncher}
05-23 06:16:23.127  1534  4032 I WindowManager: SURFACE hide Surface(name=com.motorola.launcher3/com.android.launcher3.CustomizationPanelLauncher)/@0xdb58967 on display:0
05-23 06:16:23.127  1534  4032 I WindowManager: SURFACE hide Surface(name=com.motorola.launcher3/com.android.launcher3.CustomizationPanelLauncher)/@0x7a76926 on display:0
05-23 06:16:23.132  1534  4032 I WindowManager: SURFACE hide Surface(name=com.android.systemui.ImageWallpaper)/@0x9b5d37c on display:0
05-23 06:16:23.136  1534  1705 V DisplayPowerController[0]: Brightness [0.0] reason changing to: 'screen_off', previous reason: 'automatic'.
05-23 06:16:23.137  1534  2000 D LocalDisplayAdapter: setDisplayPowerMode mode=0 for display=android.os.BinderProxy@22bb32a
05-23 06:16:23.138  1534  1669 I DisplayDeviceRepository: Display device changed state: "Built-in Screen", OFF
05-23 06:16:23.158  1534  1534 I WallpaperManagerService: onDisplayChanged displayId = 0
05-23 06:16:23.161  1534  1669 D DisplayModeDirector: Display brightness 1, ambient lux -1.0, Vote Vote{width=-1, height=-1, minRefreshRate=60.0, maxRefreshRate=60.0, disableRefreshRateSwitching=true, baseModeRefreshRate=0.0}
05-23 06:16:23.205  1534  1534 V Biometrics/LoggableMonitor: Authentication latency: -1
05-23 06:16:23.205  1534  1534 W Biometrics/LoggableMonitor: found a negative latency : -1
05-23 06:16:23.206  1534  1534 V Biometrics/AuthenticationClient: onAuthenticated(false), ID:0, Owner: com.android.systemui, isBP: false, listener: com.android.server.biometrics.sensors.ClientMonitorCallbackConverter@aa73619, requireConfirmation: false, user: 0, clientMonitor: {[230] FingerprintAuthenticationClient, proto=3, owner=com.android.systemui, cookie=0, requestId=73, userId=0}, displayId: 0
05-23 06:16:23.206  1534  1534 W Biometrics/AuthenticationClient: Allowing background authentication, this is allowed only for platform or test invocations
05-23 06:16:23.206  1534  1534 D BiometricScheduler/Fingerprint21: [StateChanged] {[230] FingerprintAuthenticationClient, proto=3, owner=com.android.systemui, cookie=0, requestId=73, userId=0}, state: 3
05-23 06:16:23.206  1534  1534 D FingerprintService: onClientStateChanged client={[230] FingerprintAuthenticationClient, proto=3, owner=com.android.systemui, cookie=0, requestId=73, userId=0} newState=3
05-23 06:16:23.232  1534  1534 V Biometrics/AcquisitionClient: Acquired: 6 3, shouldSend: true
05-23 06:16:23.309  1534  1705 I DreamManagerService: Entering dreamland.
05-23 06:16:23.310  1534  1705 I PowerManagerService: Dozing... groupId=0
05-23 06:16:23.312  1534  1666 I DreamController: Starting dream: name=ComponentInfo{com.android.systemui/com.android.systemui.doze.DozeService}, isTest=false, canDoze=true, userId=0
05-23 06:16:23.606  2064  2118 V FingerprintManager: onAuthenticationFailed
05-23 06:16:23.646  2064  2064 W FingerprintManager: Invalid acquired message: 6, 1
05-23 06:16:23.688  2064  2064 W FingerprintManager: Invalid acquired message: 6, 2
05-23 06:16:23.688  2064  2064 V FingerprintManager: handleMessage:failed
05-23 06:16:23.693  2064  2064 W FingerprintManager: Invalid acquired message: 6, 3
05-23 06:16:23.700  2064  2064 V DreamService[DozeService]: onCreate()
05-23 06:16:23.722  2064  2064 V DreamService[DozeService]: onBind() intent = Intent { act=android.service.dreams.DreamService flg=0x800000 cmp=com.android.systemui/.doze.DozeService }
05-23 06:16:23.724  1534  1534 I DreamController: onServiceConnected: name=ComponentInfo{com.android.systemui/com.android.systemui.doze.DozeService}, service=android.os.BinderProxy@a15f824
05-23 06:16:23.724  1534  1666 I DreamController: onServiceConnected to attach: name=ComponentInfo{com.android.systemui/com.android.systemui.doze.DozeService}
05-23 06:16:23.726  2064  2078 I DreamService[DozeService]: DreamServiceWrapper attach: dreamToken=android.os.BinderProxy@aa06371, canDoze=true
05-23 06:16:23.738  2064  2064 I DreamService[DozeService]: attach() called: dreamToken=android.os.BinderProxy@aa06371, canDoze=true mWindow=null mWindowless=true
05-23 06:16:23.739  2064  2064 V DreamService[DozeService]: onDreamingStarted()
05-23 06:16:23.847  1534  4032 D DreamManagerService: Dream requested to start dozing: android.os.Binder@8f9b254, screenState=1, screenBrightness=17
05-23 06:16:23.850  1534  4032 I DreamController: mDreamingStartedCallback sendResult
05-23 06:16:23.852  1534  1534 I WindowManager: Finished going to sleep... (why=OFF_BECAUSE_OF_USER)
05-23 06:16:23.894  1534  2167 I WindowManager: SURFACE create Surface(name=NotificationShade)/@0x783a7b5 on display:0
05-23 06:16:23.967  1534  1671 I WindowManager: SURFACE SHOW Surface(name=NotificationShade)/@0x783a7b5 on display:0
05-23 06:16:24.010  1534  3981 V WindowManager: Changing focus of displayId=0 to Window{5d74d1a u0 NotificationShade} from null
05-23 06:16:24.060  1534  4032 V WindowManager: Changing focus of displayId=0 to Window{e50341c u0 AOD} from Window{5d74d1a u0 NotificationShade}
05-23 06:16:24.067  1534  3981 D JobScheduler: Enqueueing job: (job:101/com.motorola.motodisplay/.analytics.AnalyticsIntentService) work: JobWorkItem{id=0 intent=Intent { act=LOAD_EVENTS_ACTION cmp=com.motorola.motodisplay/.analytics.AnalyticsIntentService (has extras) }}
05-23 06:16:24.120  1534  3981 I WindowManager: SURFACE create Surface(name=AOD)/@0x691b99b on display:0
05-23 06:16:24.156  1534  1671 I WindowManager: SURFACE SHOW Surface(name=AOD)/@0x691b99b on display:0
05-23 06:16:24.173  1534  1669 I DisplayDeviceRepository: Display device changed: DisplayDeviceInfo{"Built-in Screen": uniqueId="local:0", 1080 x 2400, modeId 1, defaultModeId 1, supportedModes [{id=1, width=1080, height=2400, fps=60.0, alternativeRefreshRates=[90.0]}, {id=2, width=1080, height=2400, fps=90.0, alternativeRefreshRates=[60.0]}], supportedReadyForModes [], colorMode 0, supportedColorModes [0, 7, 9], hdrCapabilities HdrCapabilities{mSupportedHdrTypes=[2, 3, 4], mMaxLuminance=500.0, mMaxAverageLuminance=500.0, mMinLuminance=0.0}, allmSupported false, gameContentTypeSupported false, density 400, 391.885 x 393.29 dpi, appVsyncOff 1000001, presDeadline 16111111, cutout DisplayCutout{insets=Rect(0, 65 - 0, 0) waterfall=Insets{left=0, top=0, right=0, bottom=0} boundingRect={Bounds=[Rect(0, 0 - 0, 0), Rect(490, 0 - 590, 65), Rect(0, 0 - 0, 0), Rect(0, 0 - 0, 0)]} cutoutPathParserInfo={CutoutPathParserInfo{displayWidth=1080 displayHeight=2400 density={2.5} cutoutSpec={M 35,0 L -35,0 L -35,100 L 35,100 Z} rotation={0} scale={1.0}}}}, touch INTERNAL, rotation 0, type INTERNAL, address {port=0}, deviceProductInfo null, state OFF, frameRateOverride , brightnessMinimum 0.0, brightnessMaximum 1.0, brightnessDefault 0.42519686, roundedCorners RoundedCorners{[RoundedCorner{position=TopLeft, radius=60, center=Point(60, 60)}, RoundedCorner{position=TopRight, radius=60, center=Point(1020, 60)}, RoundedCorner{position=BottomRight, radius=60, center=Point(1020, 2340)}, RoundedCorner{position=BottomLeft, radius=60, center=Point(60, 2340)}]}, FLAG_DEFAULT_DISPLAY, FLAG_ROTATES_WITH_CONTENT, FLAG_SECURE, FLAG_SUPPORTS_PROTECTED_BUFFERS}
05-23 06:16:24.206  1534  1534 I WallpaperManagerService: onDisplayChanged displayId = 0
05-23 06:16:24.412  1534  1866 W ActivityManager: Receiver with filter android.content.IntentFilter@f903f8b already registered for pid 23001, callerPackage is com.motorola.motodisplay
05-23 06:16:24.575  1534  3164 W AppOps  : Noting op not finished: uid 10163 pkg com.google.android.gms code 113 startTime of in progress event=1716383985479
05-23 06:16:24.586  1534  6214 W AppOps  : Noting op not finished: uid 10163 pkg com.google.android.gms code 79 startTime of in progress event=1716383985479
05-23 06:16:24.594  1534  4032 W AppOps  : Noting op not finished: uid 10163 pkg com.google.android.gms code 113 startTime of in progress event=1716383985479
05-23 06:16:24.615  1534  4032 W AppOps  : Noting op not finished: uid 10242 pkg com.google.android.gms.location.history code 79 startTime of in progress event=1716271491336
05-23 06:16:24.625  1534  3164 W AppOps  : Noting op not finished: uid 10163 pkg com.google.android.gms code 113 startTime of in progress event=1716383985479
05-23 06:16:26.602  1534  4032 I ActivityManager: Killing 17399:com.google.android.apps.messaging/u0a155 (adj 800, setSvc -10000): empty for 1800s
05-23 06:16:26.675  1534  3164 I ActivityManager: appDiedLocked: app=ProcessRecord{cd4ace6 17399:com.google.android.apps.messaging/u0a155} thread=android.os.BinderProxy@1f6d199 fromBinderDied=true isKilledByAm=true reason=null
05-23 06:16:28.199  1534  1866 E MotoAITuneService: readCommaParameters: /sys/module/lowmemorykiller/parameters/lmk_count Not Found.
05-23 06:16:28.205  1534  1534 D CompatibilityChangeReporter: Compat change id reported: 135634846; UID 10737; state: DISABLED
05-23 06:16:28.206  1534  1534 D CompatibilityChangeReporter: Compat change id reported: 177438394; UID 10737; state: DISABLED
05-23 06:16:28.206  1534  1534 D CompatibilityChangeReporter: Compat change id reported: 135772972; UID 10737; state: DISABLED
05-23 06:16:28.206  1534  1534 D CompatibilityChangeReporter: Compat change id reported: 135754954; UID 10737; state: ENABLED
05-23 06:16:28.208  1534  1688 D CompatibilityChangeReporter: Compat change id reported: 143937733; UID 10737; state: ENABLED
05-23 06:16:28.209  1534  1534 D CompatibilityChangeReporter: Compat change id reported: 135634846; UID 10825; state: DISABLED
05-23 06:16:28.212  1534  1534 D CompatibilityChangeReporter: Compat change id reported: 177438394; UID 10825; state: DISABLED
05-23 06:16:28.212  1534  1534 D CompatibilityChangeReporter: Compat change id reported: 135772972; UID 10825; state: DISABLED
05-23 06:16:28.212  1534  1534 D CompatibilityChangeReporter: Compat change id reported: 135754954; UID 10825; state: ENABLED
05-23 06:16:28.235  1534  1688 I ActivityManager: Start proc 20130:com.whatsapp.w4b/u0a737 for aitune
05-23 06:16:28.235  1534  1688 D CompatibilityChangeReporter: Compat change id reported: 143937733; UID 10825; state: ENABLED
05-23 06:16:28.257  1534  1688 I ActivityManager: Start proc 20131:com.knowz.mobleapp/u0a825 for aitune
05-23 06:16:28.258  1534  1688 W ActivityManager: Slow operation: 51ms so far, now at startProcess: done updating pids map
05-23 06:16:28.803  1534  3164 D JobScheduler: Enqueueing job: (job:3/com.whatsapp.w4b/com.whatsapp.AlarmService) work: JobWorkItem{id=0 intent=Intent { act=com.whatsapp.w4b.action.SETUP cmp=com.whatsapp.w4b/com.whatsapp.AlarmService }}
05-23 06:16:28.864  1534  4032 D JobScheduler: Enqueueing job: (job:1/com.whatsapp.w4b/com.whatsapp.crash.upload.ExceptionsUploadService) work: JobWorkItem{id=0 intent=Intent { cmp=com.whatsapp.w4b/com.whatsapp.crash.upload.ExceptionsUploadService (has extras) }}
05-23 06:16:28.925  1534  4268 D CompatibilityChangeReporter: Compat change id reported: 171306433; UID 10737; state: ENABLED
05-23 06:16:29.053  1534  4032 D CompatibilityChangeReporter: Compat change id reported: 157233955; UID 10737; state: ENABLED
05-23 06:16:29.079  1534  4268 W BluetoothManagerService: psc is not null in bindBluetoothProfileService
05-23 06:16:32.213  1534  1866 I InputMethodManagerService: setInteractive true.
05-23 06:16:32.219  1534  4268 D DreamManagerService: Dream requested to start dozing: android.os.Binder@8f9b254, screenState=2, screenBrightness=17
05-23 06:16:32.223  1534  1705 I WindowManager: Display 0 turning on...
05-23 06:16:32.223  1534  1705 D WindowManager: isKeyguardAuthState = YES.
05-23 06:16:32.235  1534  4032 D WindowManager: mKeyguardDelegate.ShowListener.onDrawn.
05-23 06:16:32.235  1534  1667 W WindowManager: Setting mKeyguardDrawComplete
05-23 06:16:32.248  1534  1705 V DisplayPowerController[0]: Brightness [0.42794114] reason changing to: 'manual', previous reason: 'screen_off'.
05-23 06:16:32.249  1534  1705 V DisplayPowerController[0]: Brightness [0.45925057] reason changing to: 'automatic', previous reason: 'manual'.
05-23 06:16:32.250  1534  2000 D LocalDisplayAdapter: setDisplayPowerMode mode=2 for display=android.os.BinderProxy@22bb32a
05-23 06:16:32.251  1534  1669 I DisplayDeviceRepository: Display device changed state: "Built-in Screen", ON
05-23 06:16:32.257  1534  1669 D DisplayModeDirector: Display brightness 118, ambient lux -1.0, Vote null
05-23 06:16:32.271  1534  1534 I WallpaperManagerService: onDisplayChanged displayId = 0
05-23 06:16:32.432  1534  1669 I WindowManager: All windows ready for every display
05-23 06:16:32.432  1534  1667 W WindowManager: Setting mWindowManagerDrawComplete
05-23 06:16:32.432  1534  1667 D WindowManager: finishScreenTurningOn..
05-23 06:16:32.433  1534  1667 D WindowManager: enableScreen mKeyguardDrawnOnce=true awake=false mBootMessageNeedsHiding=false
05-23 06:16:32.433  1534  1669 I DisplayDeviceRepository: Display device changed: DisplayDeviceInfo{"Built-in Screen": uniqueId="local:0", 1080 x 2400, modeId 2, defaultModeId 1, supportedModes [{id=1, width=1080, height=2400, fps=60.0, alternativeRefreshRates=[90.0]}, {id=2, width=1080, height=2400, fps=90.0, alternativeRefreshRates=[60.0]}], supportedReadyForModes [], colorMode 0, supportedColorModes [0, 7, 9], hdrCapabilities HdrCapabilities{mSupportedHdrTypes=[2, 3, 4], mMaxLuminance=500.0, mMaxAverageLuminance=500.0, mMinLuminance=0.0}, allmSupported false, gameContentTypeSupported false, density 400, 391.885 x 393.29 dpi, appVsyncOff 1000000, presDeadline 16111111, cutout DisplayCutout{insets=Rect(0, 65 - 0, 0) waterfall=Insets{left=0, top=0, right=0, bottom=0} boundingRect={Bounds=[Rect(0, 0 - 0, 0), Rect(490, 0 - 590, 65), Rect(0, 0 - 0, 0), Rect(0, 0 - 0, 0)]} cutoutPathParserInfo={CutoutPathParserInfo{displayWidth=1080 displayHeight=2400 density={2.5} cutoutSpec={M 35,0 L -35,0 L -35,100 L 35,100 Z} rotation={0} scale={1.0}}}}, touch INTERNAL, rotation 0, type INTERNAL, address {port=0}, deviceProductInfo null, state ON, frameRateOverride , brightnessMinimum 0.0, brightnessMaximum 1.0, brightnessDefault 0.42519686, roundedCorners RoundedCorners{[RoundedCorner{position=TopLeft, radius=60, center=Point(60, 60)}, RoundedCorner{position=TopRight, radius=60, center=Point(1020, 60)}, RoundedCorner{position=BottomRight, radius=60, center=Point(1020, 2340)}, RoundedCorner{position=BottomLeft, radius=60, center=Point(60, 2340)}]}, FLAG_DEFAULT_DISPLAY, FLAG_ROTATES_WITH_CONTENT, FLAG_SECURE, FLAG_SUPPORTS_PROTECTED_BUFFERS}
05-23 06:16:32.435  1534  1534 I WallpaperManagerService: onDisplayChanged displayId = 0
05-23 06:16:32.437  1534  1705 I WindowManager: Display 0 turned on...
05-23 06:16:32.632  1534  1669 I DisplayDeviceRepository: Display device changed: DisplayDeviceInfo{"Built-in Screen": uniqueId="local:0", 1080 x 2400, modeId 1, defaultModeId 1, supportedModes [{id=1, width=1080, height=2400, fps=60.0, alternativeRefreshRates=[90.0]}, {id=2, width=1080, height=2400, fps=90.0, alternativeRefreshRates=[60.0]}], supportedReadyForModes [], colorMode 0, supportedColorModes [0, 7, 9], hdrCapabilities HdrCapabilities{mSupportedHdrTypes=[2, 3, 4], mMaxLuminance=500.0, mMaxAverageLuminance=500.0, mMinLuminance=0.0}, allmSupported false, gameContentTypeSupported false, density 400, 391.885 x 393.29 dpi, appVsyncOff 1000001, presDeadline 16111111, cutout DisplayCutout{insets=Rect(0, 65 - 0, 0) waterfall=Insets{left=0, top=0, right=0, bottom=0} boundingRect={Bounds=[Rect(0, 0 - 0, 0), Rect(490, 0 - 590, 65), Rect(0, 0 - 0, 0), Rect(0, 0 - 0, 0)]} cutoutPathParserInfo={CutoutPathParserInfo{displayWidth=1080 displayHeight=2400 density={2.5} cutoutSpec={M 35,0 L -35,0 L -35,100 L 35,100 Z} rotation={0} scale={1.0}}}}, touch INTERNAL, rotation 0, type INTERNAL, address {port=0}, deviceProductInfo null, state ON, frameRateOverride , brightnessMinimum 0.0, brightnessMaximum 1.0, brightnessDefault 0.42519686, roundedCorners RoundedCorners{[RoundedCorner{position=TopLeft, radius=60, center=Point(60, 60)}, RoundedCorner{position=TopRight, radius=60, center=Point(1020, 60)}, RoundedCorner{position=BottomRight, radius=60, center=Point(1020, 2340)}, RoundedCorner{position=BottomLeft, radius=60, center=Point(60, 2340)}]}, FLAG_DEFAULT_DISPLAY, FLAG_ROTATES_WITH_CONTENT, FLAG_SECURE, FLAG_SUPPORTS_PROTECTED_BUFFERS}
05-23 06:16:32.636  1534  1534 I WallpaperManagerService: onDisplayChanged displayId = 0
05-23 06:16:34.022  1534  1534 V Biometrics/AcquisitionClient: Acquired: 6 2, shouldSend: true
05-23 06:16:34.023  2064  2064 W FingerprintManager: Invalid acquired message: 6, 2
05-23 06:16:34.303  1534  1534 V Biometrics/LoggableMonitor: Authentication latency: -1
05-23 06:16:34.303  1534  1534 W Biometrics/LoggableMonitor: found a negative latency : -1
05-23 06:16:34.304  1534  1534 V Biometrics/AuthenticationClient: onAuthenticated(false), ID:0, Owner: com.android.systemui, isBP: false, listener: com.android.server.biometrics.sensors.ClientMonitorCallbackConverter@aa73619, requireConfirmation: false, user: 0, clientMonitor: {[230] FingerprintAuthenticationClient, proto=3, owner=com.android.systemui, cookie=0, requestId=73, userId=0}, displayId: 0
05-23 06:16:34.304  1534  1534 W Biometrics/AuthenticationClient: Allowing background authentication, this is allowed only for platform or test invocations
05-23 06:16:34.305  2064  2076 V FingerprintManager: onAuthenticationFailed
05-23 06:16:34.306  2064  2064 V FingerprintManager: handleMessage:failed
05-23 06:16:34.306  1534  1534 D BiometricScheduler/Fingerprint21: [StateChanged] {[230] FingerprintAuthenticationClient, proto=3, owner=com.android.systemui, cookie=0, requestId=73, userId=0}, state: 3
05-23 06:16:34.306  1534  1534 D FingerprintService: onClientStateChanged client={[230] FingerprintAuthenticationClient, proto=3, owner=com.android.systemui, cookie=0, requestId=73, userId=0} newState=3
05-23 06:16:34.571  1534  1854 I PowerManagerService: Powering on display group fromDozing (groupId=0, uid=1000, reason=WAKE_REASON_POWER_BUTTON, details=android.policy:POWER)...
05-23 06:16:34.571  1534  1854 I PowerManagerService: Waking up from Dozing (uid=1000, reason=WAKE_REASON_POWER_BUTTON, details=android.policy:POWER)...
05-23 06:16:34.572  1534  1854 I InputMethodManagerService: setInteractive true.
05-23 06:16:34.583  1534  1705 I PowerManagerService: handleSandman stop dream, groupId=0
05-23 06:16:34.583  1534  1705 I DreamManagerService: Gently waking up from dream.
05-23 06:16:34.583  1534  1666 I DreamManagerService: Performing gentle wake from dream.
05-23 06:16:34.584  2064  2064 V DreamService[DozeService]: wakeUp(): fromSystem=true, mWaking=false, mFinished=false
05-23 06:16:34.584  2064  2064 V DreamService[DozeService]: finish(): mFinished=false activity=null
05-23 06:16:34.584  1534  4031 D DreamManagerService: Dream finished: android.os.Binder@8f9b254, immediate=true
05-23 06:16:34.584  1534  4031 I DreamManagerService: Leaving dreamland.
05-23 06:16:34.584  1534  1666 I DreamManagerService: Performing gentle wake from dream.
05-23 06:16:34.584  1534  1666 I DreamController: Stopping dream: name=ComponentInfo{com.android.systemui/com.android.systemui.doze.DozeService}, isTest=false, canDoze=true, userId=0, reason='finished self'(from 'requested stopDream')
05-23 06:16:34.618  1534  1534 I WindowManager: Started waking up... (why=ON_BECAUSE_OF_USER)
05-23 06:16:34.618  2064  2064 V DreamService[DozeService]: detach(): Calling onDreamingStopped()
05-23 06:16:34.618  2064  2064 V DreamService[DozeService]: onDreamingStopped()
05-23 06:16:34.652  1534  1534 I WindowManager: Finished waking up... (why=ON_BECAUSE_OF_USER)
05-23 06:16:34.672  1534  3163 I WindowManager: SURFACE destroy Surface(name=AOD)/@0x691b99b on display:0
05-23 06:16:34.675  1534  3163 V WindowManager: Changing focus of displayId=0 to Window{5d74d1a u0 NotificationShade} from Window{e50341c u0 AOD}
05-23 06:16:34.688  2064  2064 V DreamService[DozeService]: finish(): mFinished=true activity=null
05-23 06:16:34.688  2064  2064 V DreamService[DozeService]: detach(): mActivity=null mActivity.isFinishing()=false
05-23 06:16:34.688  2064  2064 V DreamService[DozeService]: finish(): mFinished=true activity=null
05-23 06:16:34.693  1534  4032 D ActivityTaskManager: Top Process State changed to PROCESS_STATE_TOP
05-23 06:16:34.722  1534  3981 D JobScheduler: Enqueueing job: (job:101/com.motorola.motodisplay/.analytics.AnalyticsIntentService) work: JobWorkItem{id=0 intent=Intent { act=FLUSH_EVENTS_ACTION cmp=com.motorola.motodisplay/.analytics.AnalyticsIntentService (has extras) }}
05-23 06:16:34.737  2064  2064 D FingerprintManager: Cancel fingerprint authentication requested for: 73
05-23 06:16:34.738  1534  4268 D Fingerprint21: cancelAuthentication, sensorId: 0
05-23 06:16:34.780  1534  1534 D BiometricScheduler/Fingerprint21: cancelAuthenticationOrDetection, requestId: 73 current: {[230] FingerprintAuthenticationClient, proto=3, owner=com.android.systemui, cookie=0, requestId=73, userId=0}, State: 2 stack size: 0
05-23 06:16:34.780  1534  1534 D BiometricScheduler/Fingerprint21: Cancelling: {[230] FingerprintAuthenticationClient, proto=3, owner=com.android.systemui, cookie=0, requestId=73, userId=0}, State: 2
05-23 06:16:34.780  1534  1534 D BiometricScheduler/Fingerprint21: [Cancelling] Current client: {[230] FingerprintAuthenticationClient, proto=3, owner=com.android.systemui, cookie=0, requestId=73, userId=0}
05-23 06:16:34.782  2064  2064 V DreamService[DozeService]: onDestroy()
05-23 06:16:34.782  2064  2064 V DreamService[DozeService]: detach(): mActivity=null mActivity.isFinishing()=false
05-23 06:16:34.782  2064  2064 V DreamService[DozeService]: finish(): mFinished=true activity=null
05-23 06:16:34.785  1534  1669 I DisplayDeviceRepository: Display device changed: DisplayDeviceInfo{"Built-in Screen": uniqueId="local:0", 1080 x 2400, modeId 2, defaultModeId 1, supportedModes [{id=1, width=1080, height=2400, fps=60.0, alternativeRefreshRates=[90.0]}, {id=2, width=1080, height=2400, fps=90.0, alternativeRefreshRates=[60.0]}], supportedReadyForModes [], colorMode 0, supportedColorModes [0, 7, 9], hdrCapabilities HdrCapabilities{mSupportedHdrTypes=[2, 3, 4], mMaxLuminance=500.0, mMaxAverageLuminance=500.0, mMinLuminance=0.0}, allmSupported false, gameContentTypeSupported false, density 400, 391.885 x 393.29 dpi, appVsyncOff 1000000, presDeadline 16111111, cutout DisplayCutout{insets=Rect(0, 65 - 0, 0) waterfall=Insets{left=0, top=0, right=0, bottom=0} boundingRect={Bounds=[Rect(0, 0 - 0, 0), Rect(490, 0 - 590, 65), Rect(0, 0 - 0, 0), Rect(0, 0 - 0, 0)]} cutoutPathParserInfo={CutoutPathParserInfo{displayWidth=1080 displayHeight=2400 density={2.5} cutoutSpec={M 35,0 L -35,0 L -35,100 L 35,100 Z} rotation={0} scale={1.0}}}}, touch INTERNAL, rotation 0, type INTERNAL, address {port=0}, deviceProductInfo null, state ON, frameRateOverride , brightnessMinimum 0.0, brightnessMaximum 1.0, brightnessDefault 0.42519686, roundedCorners RoundedCorners{[RoundedCorner{position=TopLeft, radius=60, center=Point(60, 60)}, RoundedCorner{position=TopRight, radius=60, center=Point(1020, 60)}, RoundedCorner{position=BottomRight, radius=60, center=Point(1020, 2340)}, RoundedCorner{position=BottomLeft, radius=60, center=Point(60, 2340)}]}, FLAG_DEFAULT_DISPLAY, FLAG_ROTATES_WITH_CONTENT, FLAG_SECURE, FLAG_SUPPORTS_PROTECTED_BUFFERS}
05-23 06:16:34.792  1534  1671 I WindowManager: SURFACE SHOW Surface(name=com.android.systemui.ImageWallpaper)/@0x9b5d37c on display:0
05-23 06:16:34.794  1534  1671 I WindowManager: SURFACE SHOW Surface(name=com.motorola.launcher3/com.android.launcher3.CustomizationPanelLauncher)/@0xf7f7659 on display:0
05-23 06:16:34.794  1534  1671 I WindowManager: SURFACE SHOW Surface(name=com.motorola.launcher3/com.android.launcher3.CustomizationPanelLauncher)/@0x12ab21e on display:0
05-23 06:16:34.797  1534  4267 V WindowManager: Changing focus of displayId=0 to Window{e4134e u0 com.motorola.launcher3/com.android.launcher3.CustomizationPanelLauncher} from Window{5d74d1a u0 NotificationShade}
05-23 06:16:34.869  1534  1534 D WindowManager: powerPress: eventTime=193744255 interactive=true count=1 beganFromNonInteractive=true mShortPressOnPowerBehavior=1
05-23 06:16:34.869  1534  1534 D Fingerprint21: handleError, client: FingerprintAuthenticationClient, error: 5, vendorCode: 0
05-23 06:16:34.869  1534  1534 D Biometrics/AcquisitionClient: onErrorInternal code: 5, finish: true
05-23 06:16:34.869  1534  1534 V Biometrics/LoggableMonitor: Error latency: -1
05-23 06:16:34.869  1534  1534 W Biometrics/LoggableMonitor: found a negative latency : -1
05-23 06:16:34.874  1534  1534 D Biometrics/LoggableMonitor: disableDisplayColorMatrix disable=false
05-23 06:16:34.874  1534  1534 D BiometricScheduler/Fingerprint21: [StateChanged] {[230] FingerprintAuthenticationClient, proto=3, owner=com.android.systemui, cookie=0, requestId=73, userId=0}, state: 4
05-23 06:16:34.874  1534  1534 D FingerprintService: onClientStateChanged client={[230] FingerprintAuthenticationClient, proto=3, owner=com.android.systemui, cookie=0, requestId=73, userId=0} newState=4
05-23 06:16:34.874  1534  1534 D BiometricCoexCoordinator: shouldUsuallyVibrate: false, hapticSuppressedByCoex: false
05-23 06:16:34.874  1534  1534 I WallpaperManagerService: onDisplayChanged displayId = 0
05-23 06:16:34.877  1534  1534 D BiometricScheduler/Fingerprint21: [Finishing] {[230] FingerprintAuthenticationClient, proto=3, owner=com.android.systemui, cookie=0, requestId=73, userId=0}, success: false
05-23 06:16:34.877  1534  1534 D BiometricCoexCoordinator: removeAuthenticationClient(OtherFp), client: {[230] FingerprintAuthenticationClient, proto=3, owner=com.android.systemui, cookie=0, requestId=73, userId=0}
05-23 06:16:34.877  1534  1534 D FingerprintService: Client finished, fps state updated to 0, client {[230] FingerprintAuthenticationClient, proto=3, owner=com.android.systemui, cookie=0, requestId=73, userId=0}
05-23 06:16:34.877  1534  1534 D GestureAvailabilityTracker: Notifying gesture availability, active=true
05-23 06:16:34.877  1534  1534 D BiometricScheduler/Fingerprint21: No operations, returning to idle
05-23 06:16:34.889  1534  4268 D NotificationListeners: Disabling component com.motorola.motodisplay/.notification.DisplayNotifListenerService
05-23 06:16:35.006  1534  4028 I ActivityManager: Killing 18358:com.google.process.gapps/u0a163 (adj 985, setSvc -10000): empty #25
05-23 06:16:35.033  1534  4032 I ActivityManager: appDiedLocked: app=ProcessRecord{ea3f613 18358:com.google.process.gapps/u0a163} thread=android.os.BinderProxy@9baf9a6 fromBinderDied=true isKilledByAm=true reason=null
05-23 06:16:35.170  1534  4028 I WindowManager: SURFACE destroy Surface(name=NotificationShade)/@0x783a7b5 on display:0
05-23 06:16:35.184 16554 16567 W Binder  : reply too large data on java level: InterfaceDescriptor = null, code = 1
05-23 06:16:35.198  1534  4268 D CompatibilityChangeReporter: Compat change id reported: 135634846; UID 10155; state: DISABLED
05-23 06:16:35.198  1534  4268 D CompatibilityChangeReporter: Compat change id reported: 177438394; UID 10155; state: DISABLED
05-23 06:16:35.198  1534  4268 D CompatibilityChangeReporter: Compat change id reported: 135772972; UID 10155; state: DISABLED
05-23 06:16:35.198  1534  4268 D CompatibilityChangeReporter: Compat change id reported: 135754954; UID 10155; state: ENABLED
05-23 06:16:35.198  1534  1688 D CompatibilityChangeReporter: Compat change id reported: 143937733; UID 10155; state: ENABLED
05-23 06:16:35.210  1534  1688 I ActivityManager: Start proc 20294:com.google.android.apps.messaging/u0a155 for content provider {com.google.android.apps.messaging/com.google.android.apps.messaging.shared.datamodel.provider.sharedstorage.SharedStorageProvider}
05-23 06:16:36.376  1534  1864 I ActivityTaskManager: START u0 {dat=ga:/data?tab_type=2&go_back_to_discover_feed_from_srp=false&go_back_to_inbox_from_srp=false flg=0x10008000 cmp=com.google.android.googlequicksearchbox/.InternalGoogleAppActivityEntrypoint (has extras)} from uid 10173
05-23 06:16:36.443  1534  1864 D ActivityTaskManager: getPreferredLaunchDisplay userset_displayid false user set display id 0, current display id -1, current focus display 0
05-23 06:16:36.443  1534  1864 D ActivityTaskManager: getPreferredLaunchDisplay userset_displayid false user set display id 0, current display id -1, current focus display 0
05-23 06:16:36.443  1534  1864 W ActivityTaskManager: Can't find TaskDisplayArea to determine support for multi window. Task id=2160 attached=false
05-23 06:16:36.449  1534  1864 D ActivityTaskManager: getPreferredLaunchDisplay userset_displayid false user set display id 0, current display id -1, current focus display 0
05-23 06:16:36.450  1534  1864 D CompatibilityChangeReporter: Compat change id reported: 174042980; UID 10173; state: DISABLED
05-23 06:16:36.450  1534  1864 D CompatibilityChangeReporter: Compat change id reported: 184838306; UID 10173; state: DISABLED
05-23 06:16:36.450  1534  1864 D CompatibilityChangeReporter: Compat change id reported: 185004937; UID 10173; state: DISABLED
05-23 06:16:36.451  1534  1864 D CompatibilityChangeReporter: Compat change id reported: 181136395; UID 10173; state: DISABLED
05-23 06:16:36.451  1534  1864 D CompatibilityChangeReporter: Compat change id reported: 174042936; UID 10173; state: DISABLED
