05-23 05:30:56.050  1534  1669 D CompatibilityChangeReporter: Compat change id reported: 177438394; UID 10825; state: DISABLED
05-23 05:30:56.050  1534  1669 D CompatibilityChangeReporter: Compat change id reported: 135772972; UID 10825; state: DISABLED
05-23 05:30:56.050  1534  1669 D CompatibilityChangeReporter: Compat change id reported: 135754954; UID 10825; state: ENABLED
05-23 05:30:56.050  1534  1688 D CompatibilityChangeReporter: Compat change id reported: 143937733; UID 10825; state: ENABLED
05-23 05:30:56.057  1534  1688 I ActivityManager: Start proc 16923:com.knowz.mobleapp/u0a825 for pre-top-activity {com.knowz.mobleapp/com.knowz.mobleapp.MainActivity}
05-23 05:30:56.096  1534  6214 V WindowManager: Changing focus of displayId=0 to null from Window{e4134e u0 com.motorola.launcher3/com.android.launcher3.CustomizationPanelLauncher}
05-23 05:30:56.778  1534  2351 V WindowManager: Changing focus of displayId=0 to Window{e087291 u0 com.knowz.mobleapp/com.knowz.mobleapp.MainActivity} from null
05-23 05:30:56.849  1534  1671 I LaunchCheckinHandler: MotoDisplayed com.knowz.mobleapp/.MainActivity,cp,ca,811
05-23 05:30:56.850  1534  1671 I WindowManager: SURFACE SHOW Surface(name=com.knowz.mobleapp/com.knowz.mobleapp.MainActivity)/@0xc261bfc on display:0
05-23 05:30:57.085  1534  2038 I ActivityTaskManager: START u0 {act=android.intent.action.MAIN cat=[android.intent.category.LAUNCHER] flg=0x10018000 pkg=com.knowz.mobleapp cmp=com.knowz.mobleapp/.MainActivity} from uid 10825
05-23 05:30:57.086  1534  2038 D ActivityTaskManager: getPreferredLaunchDisplay userset_displayid false user set display id -1, current display id -1, current focus display 0
05-23 05:30:57.086  1534  2038 D ActivityTaskManager: getPreferredLaunchDisplay userset_displayid false user set display id 0, current display id -1, current focus display 0
05-23 05:30:57.101  1534  2038 V WindowManager: Changing focus of displayId=0 to null from Window{e087291 u0 com.knowz.mobleapp/com.knowz.mobleapp.MainActivity}
05-23 05:30:57.107  1534  2038 W ActivityTaskManager: Tried to set launchTime (0) < mLastActivityLaunchTime (191008087)
05-23 05:30:57.240  1534  4028 V WindowManager: Changing focus of displayId=0 to Window{5f81039 u0 com.knowz.mobleapp/com.knowz.mobleapp.MainActivity} from null
05-23 05:30:57.307  1534  1671 I LaunchCheckinHandler: MotoDisplayed com.knowz.mobleapp/.MainActivity,wp,ca,200
05-23 05:30:57.308  1534  1671 I WindowManager: SURFACE SHOW Surface(name=com.knowz.mobleapp/com.knowz.mobleapp.MainActivity)/@0xc16c930 on display:0
05-23 05:30:57.362  1534  1671 I WindowManager: SURFACE SHOW Surface(name=PopupWindow:39c1d48)/@0x82bc206 on display:0
05-23 05:30:57.707  1534  1671 I WindowManager: SURFACE hide Surface(name=com.knowz.mobleapp/com.knowz.mobleapp.MainActivity)/@0xc261bfc on display:0
05-23 05:31:30.795  1534  2347 I ActivityTaskManager: START u0 {cmp=com.knowz.mobleapp/expo.modules.devmenu.DevMenuActivity} from uid 10825
05-23 05:31:30.796  1534  2347 D ActivityTaskManager: getPreferredLaunchDisplay userset_displayid false user set display id 0, current display id -1, current focus display 0
05-23 05:31:30.796  1534  2347 D ActivityTaskManager: getPreferredLaunchDisplay userset_displayid false user set display id 0, current display id -1, current focus display 0
05-23 05:31:30.798  1534  2347 D CompatibilityChangeReporter: Compat change id reported: 174042980; UID 10825; state: DISABLED
05-23 05:31:30.799  1534  2347 D CompatibilityChangeReporter: Compat change id reported: 184838306; UID 10825; state: DISABLED
05-23 05:31:30.800  1534  2347 D CompatibilityChangeReporter: Compat change id reported: 185004937; UID 10825; state: DISABLED
05-23 05:31:30.801  1534  2347 D CompatibilityChangeReporter: Compat change id reported: 181136395; UID 10825; state: DISABLED
05-23 05:31:30.802  1534  2347 D CompatibilityChangeReporter: Compat change id reported: 174042936; UID 10825; state: DISABLED
05-23 05:31:30.812  1534  2347 D CompatibilityChangeReporter: Compat change id reported: 168419799; UID 10825; state: DISABLED
05-23 05:31:30.837  1534  2351 W ActivityTaskManager: Tried to set launchTime (0) < mLastActivityLaunchTime (191009099)
05-23 05:31:30.840  1534  2351 V WindowManager: Changing focus of displayId=0 to null from Window{5f81039 u0 com.knowz.mobleapp/com.knowz.mobleapp.MainActivity}
05-23 05:31:31.017  1534  2038 V WindowManager: Changing focus of displayId=0 to Window{f843584 u0 com.knowz.mobleapp/expo.modules.devmenu.DevMenuActivity} from null
05-23 05:31:31.063  1534  1671 I LaunchCheckinHandler: MotoDisplayed com.knowz.mobleapp/expo.modules.devmenu.DevMenuActivity,wp,ca,226
05-23 05:31:31.066  1534  1671 I WindowManager: SURFACE SHOW Surface(name=com.knowz.mobleapp/expo.modules.devmenu.DevMenuActivity)/@0x15705ee on display:0
05-23 05:31:31.386  1534  2351 D CompatibilityChangeReporter: Compat change id reported: 135634846; UID 10224; state: DISABLED
05-23 05:31:31.386  1534  2351 D CompatibilityChangeReporter: Compat change id reported: 177438394; UID 10224; state: DISABLED
05-23 05:31:31.386  1534  2351 D CompatibilityChangeReporter: Compat change id reported: 135772972; UID 10224; state: DISABLED
05-23 05:31:31.386  1534  2351 D CompatibilityChangeReporter: Compat change id reported: 135754954; UID 10224; state: ENABLED
05-23 05:31:31.386  1534  1688 D CompatibilityChangeReporter: Compat change id reported: 143937733; UID 10224; state: ENABLED
05-23 05:31:31.398  1534  1688 I ActivityManager: Start proc 17064:com.google.android.webview:webview_service/u0a224 for service {com.google.android.webview/org.chromium.android_webview.services.VariationsSeedServer}
05-23 05:31:31.433  1534  2351 D CompatibilityChangeReporter: Compat change id reported: 168419799; UID 10224; state: DISABLED
05-23 05:31:35.086  1534  2351 I ActivityTaskManager: START u0 {act=android.content.pm.action.REQUEST_PERMISSIONS pkg=com.google.android.permissioncontroller cmp=com.google.android.permissioncontroller/com.android.permissioncontroller.permission.ui.GrantPermissionsActivity (has extras)} from uid 10825
05-23 05:31:35.092  1534  2351 D ActivityTaskManager: getPreferredLaunchDisplay userset_displayid false user set display id 0, current display id -1, current focus display 0
05-23 05:31:35.093  1534  2351 D ActivityTaskManager: getPreferredLaunchDisplay userset_displayid false user set display id 0, current display id -1, current focus display 0
05-23 05:31:35.094  1534  2351 D CompatibilityChangeReporter: Compat change id reported: 174042980; UID 10289; state: DISABLED
05-23 05:31:35.094  1534  2351 D CompatibilityChangeReporter: Compat change id reported: 184838306; UID 10289; state: DISABLED
05-23 05:31:35.095  1534  2351 D CompatibilityChangeReporter: Compat change id reported: 185004937; UID 10289; state: DISABLED
05-23 05:31:35.095  1534  2351 D CompatibilityChangeReporter: Compat change id reported: 181136395; UID 10289; state: DISABLED
05-23 05:31:35.096  1534  2351 D CompatibilityChangeReporter: Compat change id reported: 174042936; UID 10289; state: DISABLED
05-23 05:31:35.293  1534  2351 V WindowManager: Changing focus of displayId=0 to null from Window{f843584 u0 com.knowz.mobleapp/expo.modules.devmenu.DevMenuActivity}
05-23 05:31:35.460  1534  2038 V WindowManager: Changing focus of displayId=0 to Window{86b208b u0 com.google.android.permissioncontroller/com.android.permissioncontroller.permission.ui.GrantPermissionsActivity} from null
05-23 05:31:35.468  1534  1671 I LaunchCheckinHandler: MotoDisplayed com.google.android.permissioncontroller/com.android.permissioncontroller.permission.ui.GrantPermissionsActivity,wp,ca,176
05-23 05:31:35.470  1534  1671 I WindowManager: SURFACE SHOW Surface(name=com.google.android.permissioncontroller/com.android.permissioncontroller.permission.ui.GrantPermissionsActivity)/@0xa1916b2 on display:0
05-23 05:31:37.607  1534  2167 V WindowManager: Changing focus of displayId=0 to Window{f843584 u0 com.knowz.mobleapp/expo.modules.devmenu.DevMenuActivity} from Window{86b208b u0 com.google.android.permissioncontroller/com.android.permissioncontroller.permission.ui.GrantPermissionsActivity}
05-23 05:31:37.775  1534  1671 I WindowManager: SURFACE hide Surface(name=com.google.android.permissioncontroller/com.android.permissioncontroller.permission.ui.GrantPermissionsActivity)/@0xa1916b2 on display:0
05-23 05:31:39.156  1534  2038 V WindowManager: Changing focus of displayId=0 to Window{5f81039 u0 com.knowz.mobleapp/com.knowz.mobleapp.MainActivity} from Window{f843584 u0 com.knowz.mobleapp/expo.modules.devmenu.DevMenuActivity}
05-23 05:31:39.168  1534  2038 I WindowManager: SURFACE hide Surface(name=com.knowz.mobleapp/expo.modules.devmenu.DevMenuActivity)/@0x15705ee on display:0
05-23 05:31:40.468 16135 16135 W ViewRootImpl[GrantPermissionsActivity]: Received frameDrawingCallback timeout 5003ms for null
05-23 05:31:40.473 16135 16135 W ViewRootImpl[GrantPermissionsActivity]: Received frameDrawingCallback timeout 5008ms for null
05-23 05:31:41.603  1534  2347 D InputMethodManagerService: applyImeVisibility setVisible = true; mCurClient = ClientState{48f010b uid=10825 pid=16923 displayId=0}
05-23 05:31:41.608  1534  2038 I WindowManager: SURFACE create Surface(name=InputMethod)/@0x925c29c on display:0
05-23 05:31:41.647  1534  1669 I WindowManager: SURFACE SHOW Surface(name=InputMethod)/@0x925c29c on display:0
05-23 05:31:42.592  1534  2167 D InputMethodManagerService: applyImeVisibility setVisible = false; mCurClient = ClientState{48f010b uid=10825 pid=16923 displayId=0}
05-23 05:31:42.822  1534  4028 I WindowManager: SURFACE destroy Surface(name=InputMethod)/@0x925c29c on display:0
05-23 05:34:41.639  1534  2351 D CompatibilityChangeReporter: Compat change id reported: 135634846; UID 10150; state: DISABLED
05-23 05:34:41.639  1534  2351 D CompatibilityChangeReporter: Compat change id reported: 177438394; UID 10150; state: DISABLED
05-23 05:34:41.640  1534  2351 D CompatibilityChangeReporter: Compat change id reported: 135772972; UID 10150; state: DISABLED
05-23 05:34:41.640  1534  2351 D CompatibilityChangeReporter: Compat change id reported: 135754954; UID 10150; state: ENABLED
05-23 05:34:41.641  1534  1688 D CompatibilityChangeReporter: Compat change id reported: 143937733; UID 10150; state: ENABLED
05-23 05:34:41.671  1534  1688 I ActivityManager: Start proc 17183:com.motorola.screenshoteditor/u0a150 for service {com.motorola.screenshoteditor/com.motorola.gifmaker.ui.GIFMakerTileService}
05-23 05:34:41.738  1534  2351 D CompatibilityChangeReporter: Compat change id reported: 168419799; UID 10150; state: DISABLED
05-23 05:34:52.340  1534  2347 I Telecom : : isInEmergencyCall: false: TSI.iIEC@IIQ
05-23 05:34:54.519  1534  2347 W ContextImpl: Calling a method in the system process without a qualified user: android.app.ContextImpl.sendBroadcastMultiplePermissions:1217 com.android.server.TelephonyRegistry.broadcastServiceStateChanged:2876 com.android.server.TelephonyRegistry.notifyServiceStateForPhoneId:1609 com.android.internal.telephony.ITelephonyRegistry$Stub.onTransact:455 android.os.Binder.execTransactInternal:1197 
05-23 05:34:54.520  1534  1687 W BroadcastQueue: Permission Denial: receiving Intent { act=android.intent.action.SERVICE_STATE flg=0x1000010 (has extras) } to ProcessRecord{3541b07 2064:com.android.systemui/u0a280} (pid=2064, uid=10280) requires android.permission.READ_PHONE_STATE due to sender android (uid 1001)
05-23 05:34:54.520  1534  2347 W ContextImpl: Calling a method in the system process without a qualified user: android.app.ContextImpl.sendBroadcastMultiplePermissions:1267 android.content.Context.sendBroadcastMultiplePermissions:2215 com.android.server.TelephonyRegistry.broadcastServiceStateChanged:2880 com.android.server.TelephonyRegistry.notifyServiceStateForPhoneId:1609 com.android.internal.telephony.ITelephonyRegistry$Stub.onTransact:455 
05-23 05:34:54.521  1534  1687 W BroadcastQueue: Permission Denial: receiving Intent { act=android.intent.action.SERVICE_STATE flg=0x1000010 (has extras) } to ProcessRecord{bf810dc 2236:com.motorola.sarcontrol/u0a102} (pid=2236, uid=10102) requires android.permission.READ_PHONE_STATE due to sender android (uid 1001)
05-23 05:34:54.521  1534  1687 W BroadcastQueue: Permission Denial: receiving Intent { act=android.intent.action.SERVICE_STATE flg=0x1000010 (has extras) } to com.google.android.cellbroadcastreceiver/com.android.cellbroadcastreceiver.CellBroadcastReceiver requires android.permission.READ_PHONE_STATE due to sender android (uid 1001)
05-23 05:34:54.522  1534  2347 W ContextImpl: Calling a method in the system process without a qualified user: android.app.ContextImpl.sendBroadcastMultiplePermissions:1267 android.content.Context.sendBroadcastMultiplePermissions:2215 com.android.server.TelephonyRegistry.broadcastServiceStateChanged:2887 com.android.server.TelephonyRegistry.notifyServiceStateForPhoneId:1609 com.android.internal.telephony.ITelephonyRegistry$Stub.onTransact:455 
05-23 05:34:54.523  1534  1687 W BroadcastQueue: Appop Denial: receiving Intent { act=android.intent.action.SERVICE_STATE flg=0x1000010 (has extras) } to ProcessRecord{535a36b 2296:com.android.phone/1001} (pid=2296, uid=1001) excludes appop android:read_phone_state due to sender android (uid 1001)
05-23 05:34:54.523  1534  1687 W BroadcastQueue: Permission Denial: receiving Intent { act=android.intent.action.SERVICE_STATE flg=0x1000010 (has extras) } to ProcessRecord{bf810dc 2236:com.motorola.sarcontrol/u0a102} (pid=2236, uid=10102) requires android.permission.ACCESS_FINE_LOCATION due to sender android (uid 1001)
05-23 05:34:54.523  1534  1687 W BroadcastQueue: Permission Denial: receiving Intent { act=android.intent.action.SERVICE_STATE flg=0x1000010 (has extras) } to com.google.android.cellbroadcastreceiver/com.android.cellbroadcastreceiver.CellBroadcastReceiver requires android.permission.ACCESS_FINE_LOCATION due to sender android (uid 1001)
05-23 05:34:54.525  1534  1687 W BroadcastQueue: Permission Denial: receiving Intent { act=android.intent.action.SERVICE_STATE flg=0x1000010 (has extras) } to ProcessRecord{3541b07 2064:com.android.systemui/u0a280} (pid=2064, uid=10280) requires android.permission.READ_PHONE_STATE due to sender android (uid 1001)
05-23 05:34:54.525  1534  2347 W ContextImpl: Calling a method in the system process without a qualified user: android.app.ContextImpl.sendBroadcastMultiplePermissions:1267 android.content.Context.sendBroadcastMultiplePermissions:2215 com.android.server.TelephonyRegistry.broadcastServiceStateChanged:2891 com.android.server.TelephonyRegistry.notifyServiceStateForPhoneId:1609 com.android.internal.telephony.ITelephonyRegistry$Stub.onTransact:455 
05-23 05:34:54.525  1534  1687 W BroadcastQueue: Appop Denial: receiving Intent { act=android.intent.action.SERVICE_STATE flg=0x1000010 (has extras) } to ProcessRecord{535a36b 2296:com.android.phone/1001} (pid=2296, uid=1001) excludes appop android:fine_location due to sender android (uid 1001)
05-23 05:34:54.526  1534  1687 W BroadcastQueue: Permission Denial: receiving Intent { act=android.intent.action.SERVICE_STATE flg=0x1000010 (has extras) } to ProcessRecord{bf810dc 2236:com.motorola.sarcontrol/u0a102} (pid=2236, uid=10102) requires android.permission.READ_PHONE_STATE due to sender android (uid 1001)
05-23 05:34:54.526  1534  1687 W BroadcastQueue: Permission Denial: receiving Intent { act=android.intent.action.SERVICE_STATE flg=0x1000010 (has extras) } to com.google.android.cellbroadcastreceiver/com.android.cellbroadcastreceiver.CellBroadcastReceiver requires android.permission.READ_PHONE_STATE due to sender android (uid 1001)
05-23 05:34:54.528  1534  1687 W BroadcastQueue: Appop Denial: receiving Intent { act=android.intent.action.SERVICE_STATE flg=0x1000010 (has extras) } to ProcessRecord{3541b07 2064:com.android.systemui/u0a280} (pid=2064, uid=10280) excludes appop android:fine_location due to sender android (uid 1001)
05-23 05:34:54.528  1534  1687 W BroadcastQueue: Appop Denial: receiving Intent { act=android.intent.action.SERVICE_STATE flg=0x1000010 (has extras) } to ProcessRecord{535a36b 2296:com.android.phone/1001} (pid=2296, uid=1001) excludes appop android:read_phone_state due to sender android (uid 1001)
05-23 05:34:54.530  1534  1687 D CompatibilityChangeReporter: Compat change id reported: 135634846; UID 10290; state: DISABLED
05-23 05:34:54.531  1534  1687 D CompatibilityChangeReporter: Compat change id reported: 177438394; UID 10290; state: DISABLED
05-23 05:34:54.531  1534  1687 D CompatibilityChangeReporter: Compat change id reported: 135772972; UID 10290; state: DISABLED
05-23 05:34:54.531  1534  1687 D CompatibilityChangeReporter: Compat change id reported: 135754954; UID 10290; state: ENABLED
05-23 05:34:54.532  1534  1688 D CompatibilityChangeReporter: Compat change id reported: 143937733; UID 10290; state: ENABLED
05-23 05:34:54.545  1534  1688 I ActivityManager: Start proc 17206:com.google.android.cellbroadcastreceiver/u0a290 for broadcast {com.google.android.cellbroadcastreceiver/com.android.cellbroadcastreceiver.CellBroadcastReceiver}
05-23 05:34:54.597  1534  2347 D CompatibilityChangeReporter: Compat change id reported: 168419799; UID 10290; state: DISABLED
05-23 05:34:54.700  1534  2347 I ActivityManager: Killing 15671:com.google.android.projection.gearhead:car/u0a200 (adj 915, setSvc -10000): empty #25
05-23 05:34:54.730  1534  6214 I ActivityManager: appDiedLocked: app=ProcessRecord{fdd82c5 15671:com.google.android.projection.gearhead:car/u0a200} thread=android.os.BinderProxy@2f9bb3 fromBinderDied=true isKilledByAm=true reason=null
05-23 05:34:55.392  1534  2351 I Telecom : : isInEmergencyCall: false: TSI.iIEC@IIU
05-23 05:34:58.428  1534  6214 I Telecom : : isInEmergencyCall: false: TSI.iIEC@IIY
05-23 05:35:01.468  1534  2038 I Telecom : : isInEmergencyCall: false: TSI.iIEC@IIc
05-23 05:35:04.503  1534  2351 I Telecom : : isInEmergencyCall: false: TSI.iIEC@IIg
05-23 05:35:07.535  1534  6214 I Telecom : : isInEmergencyCall: false: TSI.iIEC@IIk
05-23 05:35:10.571  1534  2038 I Telecom : : isInEmergencyCall: false: TSI.iIEC@IIo
05-23 05:35:13.605  1534  2351 I Telecom : : isInEmergencyCall: false: TSI.iIEC@IIs
05-23 05:35:16.637  1534  2038 I Telecom : : isInEmergencyCall: false: TSI.iIEC@IIw
05-23 05:35:19.673  1534  2351 I Telecom : : isInEmergencyCall: false: TSI.iIEC@II0
05-23 05:35:22.708  1534  2038 I Telecom : : isInEmergencyCall: false: TSI.iIEC@II4
05-23 05:35:25.746  1534  2038 I Telecom : : isInEmergencyCall: false: TSI.iIEC@II8
05-23 05:35:28.779  1534  2038 I Telecom : : isInEmergencyCall: false: TSI.iIEC@IJA
05-23 05:35:31.814  1534  2351 I Telecom : : isInEmergencyCall: false: TSI.iIEC@IJE
05-23 05:35:34.838  1534  2351 I Telecom : : isInEmergencyCall: false: TSI.iIEC@IJI
05-23 05:35:37.862  1534  2038 I Telecom : : isInEmergencyCall: false: TSI.iIEC@IJM
05-23 05:35:57.509  1534  2038 W AppOps  : Noting op not finished: uid 10242 pkg com.google.android.gms.location.history code 79 startTime of in progress event=1716271491336
05-23 05:36:42.387  1534  2351 D CompatibilityChangeReporter: Compat change id reported: 135634846; UID 10179; state: DISABLED
05-23 05:36:42.387  1534  2351 D CompatibilityChangeReporter: Compat change id reported: 177438394; UID 10179; state: DISABLED
05-23 05:36:42.388  1534  2351 D CompatibilityChangeReporter: Compat change id reported: 135772972; UID 10179; state: DISABLED
05-23 05:36:42.388  1534  2351 D CompatibilityChangeReporter: Compat change id reported: 135754954; UID 10179; state: ENABLED
05-23 05:36:42.389  1534  1688 D CompatibilityChangeReporter: Compat change id reported: 143937733; UID 10179; state: ENABLED
05-23 05:36:42.417  1534  1688 I ActivityManager: Start proc 17234:com.motorola.help/u0a179 for service {com.motorola.help/com.motorola.feedback.quicksettings.FeedBackTileService}
05-23 05:36:42.480  1534  2351 D CompatibilityChangeReporter: Compat change id reported: 168419799; UID 10179; state: DISABLED
05-23 05:36:43.132  1534  2351 I ActivityManager: Killing 15042:com.instagram.android/u0a730 (adj 985, setSvc -10000): empty #25
05-23 05:36:43.309  1534  2347 I ActivityManager: appDiedLocked: app=ProcessRecord{708bc10 15042:com.instagram.android/u0a730} thread=android.os.BinderProxy@4dcb1d9 fromBinderDied=true isKilledByAm=true reason=null
05-23 05:37:45.843  1534  2347 D CompatibilityChangeReporter: Compat change id reported: 171306433; UID 10163; state: ENABLED
05-23 05:42:52.287  1534  2046 D CompatibilityChangeReporter: Compat change id reported: 135634846; UID 10737; state: DISABLED
05-23 05:42:52.288  1534  2046 D CompatibilityChangeReporter: Compat change id reported: 177438394; UID 10737; state: DISABLED
05-23 05:42:52.288  1534  2046 D CompatibilityChangeReporter: Compat change id reported: 135772972; UID 10737; state: DISABLED
05-23 05:42:52.288  1534  2046 D CompatibilityChangeReporter: Compat change id reported: 135754954; UID 10737; state: ENABLED
05-23 05:42:52.289  1534  1688 D CompatibilityChangeReporter: Compat change id reported: 143937733; UID 10737; state: ENABLED
05-23 05:42:52.302  1534  1688 I ActivityManager: Start proc 17289:com.whatsapp.w4b/u0a737 for service {com.whatsapp.w4b/com.whatsapp.contact.sync.ContactsSyncAdapterService}
05-23 05:42:52.656  1534  6214 D JobScheduler: Enqueueing job: (job:3/com.whatsapp.w4b/com.whatsapp.AlarmService) work: JobWorkItem{id=0 intent=Intent { act=com.whatsapp.w4b.action.SETUP cmp=com.whatsapp.w4b/com.whatsapp.AlarmService }}
05-23 05:42:52.684  1534  2347 D CompatibilityChangeReporter: Compat change id reported: 171306433; UID 10737; state: ENABLED
05-23 05:42:52.684  1534  6214 D JobScheduler: Enqueueing job: (job:1/com.whatsapp.w4b/com.whatsapp.crash.upload.ExceptionsUploadService) work: JobWorkItem{id=0 intent=Intent { cmp=com.whatsapp.w4b/com.whatsapp.crash.upload.ExceptionsUploadService (has extras) }}
05-23 05:42:52.797  1534  6214 D CompatibilityChangeReporter: Compat change id reported: 157233955; UID 10737; state: ENABLED
05-23 05:42:52.816  1534  2167 W BluetoothManagerService: psc is not null in bindBluetoothProfileService
05-23 05:44:07.516  1534  1534 W Looper  : Slow dispatch took 120ms main h=com.android.server.job.JobSchedulerService$JobHandler c=null m=1
05-23 05:44:08.640  1534  4035 D CompatibilityChangeReporter: Compat change id reported: 135634846; UID 10155; state: DISABLED
05-23 05:44:08.640  1534  4035 D CompatibilityChangeReporter: Compat change id reported: 177438394; UID 10155; state: DISABLED
05-23 05:44:08.640  1534  4035 D CompatibilityChangeReporter: Compat change id reported: 135772972; UID 10155; state: DISABLED
05-23 05:44:08.641  1534  4035 D CompatibilityChangeReporter: Compat change id reported: 135754954; UID 10155; state: ENABLED
05-23 05:44:08.641  1534  1688 D CompatibilityChangeReporter: Compat change id reported: 143937733; UID 10155; state: ENABLED
05-23 05:44:08.658  1534  1688 I ActivityManager: Start proc 17399:com.google.android.apps.messaging/u0a155 for content provider {com.google.android.apps.messaging/com.google.android.apps.messaging.shared.datamodel.provider.sharedstorage.SharedStorageProvider}
05-23 05:44:44.372  1534  1534 D CompatibilityChangeReporter: Compat change id reported: 168419799; UID 10182; state: DISABLED
05-23 05:44:44.462  1534  1534 W Looper  : Slow dispatch took 100ms main h=com.android.server.job.JobSchedulerService$JobHandler c=null m=1
05-23 05:44:45.741  1534  1666 D CompanionDeviceManagerService: onPackageModified(packageName = com.motorola.moto)
05-23 05:44:45.766  1534  1534 I Telecom : DefaultDialerCache: Refreshing default dialer for user 0: now com.google.android.dialer: DDC.oR@IJU
05-23 05:44:45.821  1534  2167 D CompatibilityChangeReporter: Compat change id reported: 135634846; UID 10182; state: DISABLED
05-23 05:44:45.821  1534  2167 D CompatibilityChangeReporter: Compat change id reported: 177438394; UID 10182; state: DISABLED
05-23 05:44:45.821  1534  2167 D CompatibilityChangeReporter: Compat change id reported: 135772972; UID 10182; state: DISABLED
05-23 05:44:45.821  1534  2167 D CompatibilityChangeReporter: Compat change id reported: 135754954; UID 10182; state: ENABLED
05-23 05:44:45.821  1534  1688 D CompatibilityChangeReporter: Compat change id reported: 143937733; UID 10182; state: ENABLED
05-23 05:44:45.835  1534  1688 I ActivityManager: Start proc 17508:com.motorola.moto/u0a182 for content provider {com.motorola.moto/com.motorola.data.engineprovider.EngineContentProvider}
05-23 05:44:46.009  1534  4028 D CompatibilityChangeReporter: Compat change id reported: 135634846; UID 10199; state: DISABLED
05-23 05:44:46.009  1534  4028 D CompatibilityChangeReporter: Compat change id reported: 177438394; UID 10199; state: DISABLED
05-23 05:44:46.009  1534  4028 D CompatibilityChangeReporter: Compat change id reported: 135772972; UID 10199; state: DISABLED
05-23 05:44:46.009  1534  4028 D CompatibilityChangeReporter: Compat change id reported: 135754954; UID 10199; state: ENABLED
05-23 05:44:46.009  1534  1688 D CompatibilityChangeReporter: Compat change id reported: 143937733; UID 10199; state: ENABLED
05-23 05:44:46.023  1534  1688 I ActivityManager: Start proc 17525:com.motorola.mototour/u0a199 for content provider {com.motorola.mototour/com.motorola.mototour.motoappdataprovider.TourProvider}
05-23 05:44:46.060  1534  6214 D CompatibilityChangeReporter: Compat change id reported: 168419799; UID 10199; state: DISABLED
05-23 05:44:46.116  1534  4028 D CompatibilityChangeReporter: Compat change id reported: 135634846; UID 10266; state: DISABLED
05-23 05:44:46.116  1534  4028 D CompatibilityChangeReporter: Compat change id reported: 177438394; UID 10266; state: DISABLED
05-23 05:44:46.117  1534  4028 D CompatibilityChangeReporter: Compat change id reported: 135772972; UID 10266; state: DISABLED
05-23 05:44:46.117  1534  4028 D CompatibilityChangeReporter: Compat change id reported: 135754954; UID 10266; state: ENABLED
05-23 05:44:46.117  1534  1688 D CompatibilityChangeReporter: Compat change id reported: 143937733; UID 10266; state: ENABLED
05-23 05:44:46.131  1534  1688 I ActivityManager: Start proc 17541:com.motorola.personalize/u0a266 for content provider {com.motorola.personalize/com.motorola.personalize.provider.StylesMotoAppProvider}
05-23 05:44:46.183  1534  4028 D CompatibilityChangeReporter: Compat change id reported: 168419799; UID 10266; state: DISABLED
05-23 05:44:46.293  1534  4028 D CompatibilityChangeReporter: Compat change id reported: 135634846; UID 10267; state: DISABLED
05-23 05:44:46.293  1534  4028 D CompatibilityChangeReporter: Compat change id reported: 177438394; UID 10267; state: DISABLED
05-23 05:44:46.293  1534  4028 D CompatibilityChangeReporter: Compat change id reported: 135772972; UID 10267; state: DISABLED
05-23 05:44:46.294  1534  4028 D CompatibilityChangeReporter: Compat change id reported: 135754954; UID 10267; state: ENABLED
05-23 05:44:46.294  1534  1688 D CompatibilityChangeReporter: Compat change id reported: 143937733; UID 10267; state: ENABLED
05-23 05:44:46.305  1534  1688 I ActivityManager: Start proc 17561:com.motorola.motcameradesktop/u0a267 for content provider {com.motorola.motcameradesktop/com.motorola.motoprovider.VideoEffectsProvider}
05-23 05:44:46.345  1534  4028 D CompatibilityChangeReporter: Compat change id reported: 168419799; UID 10267; state: DISABLED
05-23 05:44:46.482 17508 17608 E ActivityThread: Failed to find provider info for com.motorola.freeform.settings.provider
05-23 05:44:46.486 17508 17604 E ActivityThread: Failed to find provider info for com.motorola.motoedgeassistant.provider
05-23 05:44:46.487 17508 17622 E ActivityThread: Failed to find provider info for com.motorola.dolby.dolbyui.provider.moto
05-23 05:44:46.526 17508 17599 E ActivityThread: Failed to find provider info for com.motorola.motoedgeassistant.provider
05-23 05:44:46.532 17508 17586 E ActivityThread: Failed to find provider info for com.motorola.dolby.dolbyui.provider.moto
05-23 05:44:46.532 17508 17613 E ActivityThread: Failed to find provider info for com.motorola.motoedgeassistant.provide
05-23 05:44:46.532 17508 17585 E ActivityThread: Failed to find provider info for com.motorola.motowaves.provider.moto
05-23 05:44:46.534 17508 17628 E ActivityThread: Failed to find provider info for com.motorola.motoedgeassistant.provider
05-23 05:44:46.535 17508 17616 E ActivityThread: Failed to find provider info for com.motorola.dolby.dolbyui.provider.moto
05-23 05:44:46.538 17508 17596 E ActivityThread: Failed to find provider info for com.motorola.freeform.settings.provider
05-23 05:44:46.538 17508 17588 E ActivityThread: Failed to find provider info for com.motorola.dolby.dolbyui.provider.moto
05-23 05:44:46.539 17508 17591 E ActivityThread: Failed to find provider info for com.motorola.motowaves.provider.moto
05-23 05:44:46.539 17508 17625 E ActivityThread: Failed to find provider info for com.motorola.motowaves.provider.moto
05-23 05:44:46.539 17508 17618 E ActivityThread: Failed to find provider info for com.motorola.freeform.settings.provider
05-23 05:44:46.539 17508 17606 E ActivityThread: Failed to find provider info for com.motorola.freeform.settings.provider
05-23 05:44:46.540 17508 17615 E ActivityThread: Failed to find provider info for com.motorola.motowaves.provider.moto
05-23 05:45:21.008  1534  1666 D CompanionDeviceManagerService: onPackageModified(packageName = com.motorola.moto)
05-23 05:45:21.049  1534  1534 I Telecom : DefaultDialerCache: Refreshing default dialer for user 0: now com.google.android.dialer: DDC.oR@ILw
05-23 05:45:21.190 17508 17603 E ActivityThread: Failed to find provider info for com.motorola.motoedgeassistant.provide
05-23 05:45:21.191 17508 17648 E ActivityThread: Failed to find provider info for com.motorola.motoedgeassistant.provider
05-23 05:45:21.191 17508 17584 E ActivityThread: Failed to find provider info for com.motorola.motowaves.provider.moto
05-23 05:45:21.208 17508 17612 E ActivityThread: Failed to find provider info for com.motorola.dolby.dolbyui.provider.moto
05-23 05:45:21.223 17508 17623 E ActivityThread: Failed to find provider info for com.motorola.freeform.settings.provider
05-23 05:45:21.224 17508 17632 E ActivityThread: Failed to find provider info for com.motorola.freeform.settings.provider
05-23 05:45:21.302 17508 17607 E ActivityThread: Failed to find provider info for com.motorola.motoedgeassistant.provider
05-23 05:45:21.302 17508 17590 E ActivityThread: Failed to find provider info for com.motorola.motowaves.provider.moto
05-23 05:45:21.332 17508 17622 E ActivityThread: Failed to find provider info for com.motorola.dolby.dolbyui.provider.moto
05-23 05:45:21.333 17508 17628 E ActivityThread: Failed to find provider info for com.motorola.freeform.settings.provider
05-23 05:45:21.427 17508 17592 E ActivityThread: Failed to find provider info for com.motorola.motoedgeassistant.provider
05-23 05:45:21.453 17508 17602 E ActivityThread: Failed to find provider info for com.motorola.motowaves.provider.moto
05-23 05:45:21.473 17508 17604 E ActivityThread: Failed to find provider info for com.motorola.dolby.dolbyui.provider.moto
05-23 05:45:21.503 17508 17610 E ActivityThread: Failed to find provider info for com.motorola.freeform.settings.provider
05-23 05:45:21.504 17508 17596 E ActivityThread: Failed to find provider info for com.motorola.dolby.dolbyui.provider.moto
05-23 05:45:21.587 17508 17583 E ActivityThread: Failed to find provider info for com.motorola.motowaves.provider.moto
05-23 05:45:27.558  1534  1686 I ActivityManager: Killing 14882:com.whatsapp/u0a747 (adj 975, setSvc -10000): empty #25
05-23 05:45:27.633  1534  4035 I ActivityManager: appDiedLocked: app=ProcessRecord{846bd06 14882:com.whatsapp/u0a747} thread=android.os.BinderProxy@a8e529b fromBinderDied=true isKilledByAm=true reason=null
05-23 05:45:28.187  1534  2351 I ActivityManager: Killing 16283:com.android.keychain/1000 (adj 985, setSvc -10000): empty #25
05-23 05:45:28.220  1534  2351 I ActivityManager: appDiedLocked: app=ProcessRecord{56e709a 16283:com.android.keychain/1000} thread=android.os.BinderProxy@aa69638 fromBinderDied=true isKilledByAm=true reason=null
05-23 05:45:36.608  1534  2351 I ActivityManager: Killing 16105:com.motorola.coresettingsext/u0a279 (adj 985, setSvc -10000): empty #25
05-23 05:45:36.626  1534  2351 I ActivityManager: appDiedLocked: app=ProcessRecord{b6c455d 16105:com.motorola.coresettingsext/u0a279} thread=android.os.BinderProxy@54adde4 fromBinderDied=true isKilledByAm=true reason=null
05-23 05:45:36.629 15364 15364 I ActivityThread: Removing dead content provider:android.content.ContentProviderProxy@987ad22
05-23 05:45:52.157  1534  1687 D CompatibilityChangeReporter: Compat change id reported: 135634846; UID 10747; state: DISABLED
05-23 05:45:52.157  1534  1687 D CompatibilityChangeReporter: Compat change id reported: 177438394; UID 10747; state: DISABLED
05-23 05:45:52.157  1534  1687 D CompatibilityChangeReporter: Compat change id reported: 135772972; UID 10747; state: DISABLED
05-23 05:45:52.157  1534  1687 D CompatibilityChangeReporter: Compat change id reported: 135754954; UID 10747; state: ENABLED
05-23 05:45:52.158  1534  1688 D CompatibilityChangeReporter: Compat change id reported: 143937733; UID 10747; state: ENABLED
05-23 05:45:52.193  1534  1688 I ActivityManager: Start proc 17683:com.whatsapp/u0a747 for broadcast {com.whatsapp/com.whatsapp.AlarmBroadcastReceiver}
05-23 05:45:52.487  1534  1866 D JobScheduler: Enqueueing job: (job:3/com.whatsapp/.AlarmService) work: JobWorkItem{id=0 intent=Intent { act=com.whatsapp.action.HOURLY_CRON flg=0x10 cmp=com.whatsapp/.AlarmService }}
05-23 05:45:52.493  1534  2351 I ActivityManager: Killing 16665:com.google.android.videos/u0a221 (adj 975, setSvc -10000): empty #25
05-23 05:45:52.494  1534  2351 I ActivityManager: Killing 15364:com.android.settings/1000 (adj 800, setSvc -10000): empty #26
05-23 05:45:52.512  1534  1866 D CompatibilityChangeReporter: Compat change id reported: 168419799; UID 10737; state: DISABLED
05-23 05:45:52.514  1534  4035 D JobScheduler: Enqueueing job: (job:3/com.whatsapp.w4b/com.whatsapp.AlarmService) work: JobWorkItem{id=0 intent=Intent { act=com.whatsapp.w4b.action.HOURLY_CRON flg=0x10 cmp=com.whatsapp.w4b/com.whatsapp.AlarmService }}
05-23 05:45:52.530  1534  6214 I ActivityManager: appDiedLocked: app=ProcessRecord{98e0be7 16665:com.google.android.videos/u0a221} thread=android.os.BinderProxy@5313a7b fromBinderDied=true isKilledByAm=true reason=null
05-23 05:45:52.546  1534  2038 D CompatibilityChangeReporter: Compat change id reported: 135634846; UID 10263; state: DISABLED
05-23 05:45:52.546  1534  2038 D CompatibilityChangeReporter: Compat change id reported: 177438394; UID 10263; state: DISABLED
05-23 05:45:52.546  1534  2038 D CompatibilityChangeReporter: Compat change id reported: 135772972; UID 10263; state: DISABLED
05-23 05:45:52.546  1534  2038 D CompatibilityChangeReporter: Compat change id reported: 135754954; UID 10263; state: ENABLED
05-23 05:45:52.546  1534  1688 D CompatibilityChangeReporter: Compat change id reported: 143937733; UID 10263; state: ENABLED
05-23 05:45:52.558  1534  2022 I ActivityManager: appDiedLocked: app=ProcessRecord{a4f8d04 15364:com.android.settings/1000} thread=android.os.BinderProxy@c94cb2d fromBinderDied=true isKilledByAm=true reason=null
05-23 05:45:52.571  1534  1688 I ActivityManager: Start proc 17729:com.motorola.lifetimedata/u0a263 for broadcast {com.motorola.lifetimedata/com.motorola.lifetimedata.receiver.LifetimeDataReceiver}
05-23 05:45:52.590  1534  4032 I ActivityManager: Killing 16402:com.google.process.gapps/u0a163 (adj 975, setSvc -10000): empty #25
05-23 05:45:52.605  1534  2022 I ActivityManager: Killing 16331:com.android.chrome/u0a238 (adj 975, setSvc -10000): empty #25
05-23 05:45:52.607  1534  4028 D CompatibilityChangeReporter: Compat change id reported: 168419799; UID 10263; state: DISABLED
05-23 05:45:52.609  1534  2022 I ActivityManager: appDiedLocked: app=ProcessRecord{19102cf 16402:com.google.process.gapps/u0a163} thread=android.os.BinderProxy@f81f1d3 fromBinderDied=true isKilledByAm=true reason=null
05-23 05:45:52.627  1534  3181 D JobScheduler: Enqueueing job: (job:3/com.whatsapp/.AlarmService) work: JobWorkItem{id=0 intent=Intent { act=com.whatsapp.action.SETUP cmp=com.whatsapp/.AlarmService }}
05-23 05:45:52.627  1534  2022 I ActivityManager: appDiedLocked: app=ProcessRecord{44429f7 16331:com.android.chrome/u0a238} thread=android.os.BinderProxy@4a61ebe fromBinderDied=true isKilledByAm=true reason=null
05-23 05:45:52.664  1534  6214 D JobScheduler: Enqueueing job: (job:1/com.whatsapp/.crash.upload.ExceptionsUploadService) work: JobWorkItem{id=0 intent=Intent { cmp=com.whatsapp/.crash.upload.ExceptionsUploadService (has extras) }}
05-23 05:45:52.708  1534  4028 D CompatibilityChangeReporter: Compat change id reported: 135634846; UID 10294; state: DISABLED
05-23 05:45:52.708  1534  4028 D CompatibilityChangeReporter: Compat change id reported: 177438394; UID 10294; state: DISABLED
05-23 05:45:52.708  1534  4028 D CompatibilityChangeReporter: Compat change id reported: 135772972; UID 10294; state: DISABLED
05-23 05:45:52.709  1534  4028 D CompatibilityChangeReporter: Compat change id reported: 135754954; UID 10294; state: ENABLED
05-23 05:45:52.709  1534  1688 D CompatibilityChangeReporter: Compat change id reported: 143937733; UID 10294; state: ENABLED
05-23 05:45:52.722  1534  1688 I ActivityManager: Start proc 17758:com.facebook.katana:fdidsync/u0a294 for broadcast {com.facebook.katana/com.facebook.fdidlite.FDIDSyncLiteReceiver}
05-23 05:45:52.748  1534  4028 D CompatibilityChangeReporter: Compat change id reported: 168419799; UID 10294; state: DISABLED
05-23 05:45:52.821  1534  2022 D CompatibilityChangeReporter: Compat change id reported: 157233955; UID 10747; state: ENABLED
05-23 05:45:52.853  1534  2022 W BluetoothManagerService: psc is not null in bindBluetoothProfileService
05-23 05:45:52.858  1534  4028 D CompatibilityChangeReporter: Compat change id reported: 171306433; UID 10747; state: ENABLED
05-23 05:45:52.898  1534  4032 I ActivityManager: Killing 15437:com.google.android.apps.photos/u0a239 (adj 975, setSvc -10000): empty #25
05-23 05:45:52.940  1534  4028 I ActivityManager: appDiedLocked: app=ProcessRecord{5da46e5 15437:com.google.android.apps.photos/u0a239} thread=android.os.BinderProxy@3bea4ff fromBinderDied=true isKilledByAm=true reason=null
05-23 05:45:53.045  1534  3196 D CompatibilityChangeReporter: Compat change id reported: 135634846; UID 10732; state: DISABLED
05-23 05:45:53.045  1534  3196 D CompatibilityChangeReporter: Compat change id reported: 177438394; UID 10732; state: DISABLED
05-23 05:45:53.045  1534  3196 D CompatibilityChangeReporter: Compat change id reported: 135772972; UID 10732; state: DISABLED
05-23 05:45:53.045  1534  3196 D CompatibilityChangeReporter: Compat change id reported: 135754954; UID 10732; state: ENABLED
05-23 05:45:53.046  1534  1688 D CompatibilityChangeReporter: Compat change id reported: 143937733; UID 10732; state: ENABLED
05-23 05:45:53.057  1534  3196 I ActivityManager: Killing 16623:com.google.android.documentsui/u0a111 (adj 975, setSvc -10000): empty #25
05-23 05:45:53.061  1534  1688 I ActivityManager: Start proc 17807:com.facebook.orca:fdidsync/u0a732 for broadcast {com.facebook.orca/com.facebook.fdidlite.FDIDSyncLiteReceiver}
05-23 05:45:53.077  1534  3196 I ActivityManager: appDiedLocked: app=ProcessRecord{309640c 16623:com.google.android.documentsui/u0a111} thread=android.os.BinderProxy@ce7b101 fromBinderDied=true isKilledByAm=true reason=null
05-23 05:45:53.088  1534  4268 D CompatibilityChangeReporter: Compat change id reported: 168419799; UID 10732; state: DISABLED
05-23 05:45:53.300  1534  4268 D CompatibilityChangeReporter: Compat change id reported: 135634846; UID 10730; state: DISABLED
05-23 05:45:53.300  1534  4268 D CompatibilityChangeReporter: Compat change id reported: 177438394; UID 10730; state: DISABLED
05-23 05:45:53.300  1534  4268 D CompatibilityChangeReporter: Compat change id reported: 135772972; UID 10730; state: DISABLED
05-23 05:45:53.300  1534  4268 D CompatibilityChangeReporter: Compat change id reported: 135754954; UID 10730; state: ENABLED
05-23 05:45:53.300  1534  1688 D CompatibilityChangeReporter: Compat change id reported: 143937733; UID 10730; state: ENABLED
05-23 05:45:53.312  1534  4268 I ActivityManager: Killing 16550:com.google.android.apps.wellbeing/u0a153 (adj 915, setSvc -10000): empty #25
05-23 05:45:53.313  1534  1688 I ActivityManager: Start proc 17837:com.instagram.android/u0a730 for broadcast {com.instagram.android/com.instagram.common.analytics.phoneid.InstagramPhoneIdRequestReceiver}
05-23 05:45:53.349  1534  4268 I ActivityManager: appDiedLocked: app=ProcessRecord{3d3e89e 16550:com.google.android.apps.wellbeing/u0a153} thread=android.os.BinderProxy@342edcf fromBinderDied=true isKilledByAm=true reason=null
05-23 05:45:53.822  1534  1694 D KernelCpuUidUserSysTimeReader: Removing uids 10824-10824
05-23 05:45:53.966  1534  1866 D CompatibilityChangeReporter: Compat change id reported: 183164979; UID 10730; state: ENABLED
05-23 05:45:54.279  1534  3605 I ActivityManager: Killing 16289:eu.chainfire.supersu/u0a317 (adj 975, setSvc -10000): empty #25
05-23 05:45:54.312  1534  2022 I ActivityManager: appDiedLocked: app=ProcessRecord{b580022 16289:eu.chainfire.supersu/u0a317} thread=android.os.BinderProxy@e744d11 fromBinderDied=true isKilledByAm=true reason=null
05-23 05:45:54.581  1534  3605 D CompatibilityChangeReporter: Compat change id reported: 171306433; UID 10730; state: ENABLED
05-23 05:46:24.038  1534  3605 D CompatibilityChangeReporter: Compat change id reported: 168419799; UID 10155; state: DISABLED
05-23 05:47:53.427  1534  1686 I UsageStatsService: User[0] Flushing usage stats to disk
05-23 05:48:01.368  1534  1687 D CompatibilityChangeReporter: Compat change id reported: 177438394; UID 10245; state: DISABLED
05-23 05:48:01.368  1534  1687 D CompatibilityChangeReporter: Compat change id reported: 135772972; UID 10245; state: DISABLED
05-23 05:48:01.368  1534  1687 D CompatibilityChangeReporter: Compat change id reported: 135754954; UID 10245; state: ENABLED
05-23 05:48:01.369  1534  1688 D CompatibilityChangeReporter: Compat change id reported: 143937733; UID 10245; state: ENABLED
05-23 05:48:01.392  1534  1688 I ActivityManager: Start proc 18124:com.google.android.gm/u0a245 for broadcast {com.google.android.gm/com.google.firebase.iid.FirebaseInstanceIdReceiver}
05-23 05:48:01.444  1534  1866 D CompatibilityChangeReporter: Compat change id reported: 168419799; UID 10245; state: DISABLED
05-23 05:48:02.535  1534  1534 D CompatibilityChangeReporter: Compat change id reported: 175319604; UID 1000; state: ENABLED
05-23 05:48:02.717  1534  2167 D JobScheduler: Enqueueing job: (job:2000005/com.google.android.gm/com.android.mail.widget.NotifyDatasetChangedJob$NotifyDatasetChangedJobService) work: JobWorkItem{id=0 intent=Intent { (has extras) }}
05-23 05:48:02.804  1534  3181 D JobScheduler: Enqueueing job: (job:2000005/com.google.android.gm/com.android.mail.widget.NotifyDatasetChangedJob$NotifyDatasetChangedJobService) work: JobWorkItem{id=0 intent=Intent { (has extras) }}
05-23 05:48:04.707  1534  2038 I ActivityManager: Killing 16184:com.google.android.packageinstaller/u0a96 (adj 975, setSvc -10000): empty #25
05-23 05:48:04.741  1534  3181 I ActivityManager: appDiedLocked: app=ProcessRecord{bdcd7fa 16184:com.google.android.packageinstaller/u0a96} thread=android.os.BinderProxy@d2c2b27 fromBinderDied=true isKilledByAm=true reason=null
05-23 05:48:04.764  1534  1669 W ActivityManager: setHasOverlayUi called on unknown pid: 16184
05-23 05:51:36.080  1534  4268 D CompatibilityChangeReporter: Compat change id reported: 135634846; UID 10238; state: DISABLED
05-23 05:51:36.080  1534  1688 D CompatibilityChangeReporter: Compat change id reported: 143937733; UID 10238; state: ENABLED
05-23 05:51:36.119  1534  1688 I ActivityManager: Start proc 18300:com.android.chrome/u0a238 for broadcast {com.android.chrome/com.google.firebase.iid.FirebaseInstanceIdReceiver}
05-23 05:51:36.659  1534  3918 D CompatibilityChangeReporter: Compat change id reported: 135634846; UID 10163; state: DISABLED
05-23 05:51:36.659  1534  3918 D CompatibilityChangeReporter: Compat change id reported: 177438394; UID 10163; state: DISABLED
05-23 05:51:36.659  1534  3918 D CompatibilityChangeReporter: Compat change id reported: 135772972; UID 10163; state: DISABLED
05-23 05:51:36.660  1534  3918 D CompatibilityChangeReporter: Compat change id reported: 135754954; UID 10163; state: ENABLED
05-23 05:51:36.660  1534  1688 D CompatibilityChangeReporter: Compat change id reported: 143937733; UID 10163; state: ENABLED
05-23 05:51:36.672  1534  1688 I ActivityManager: Start proc 18358:com.google.process.gapps/u0a163 for content provider {com.google.android.gsf/com.google.android.gsf.subscribedfeeds.SubscribedFeedsProvider}
05-23 05:51:37.463  1534  2167 D CompatibilityChangeReporter: Compat change id reported: 182734110; UID 10238; state: ENABLED
05-23 05:51:37.465  1534  2167 D CompatibilityChangeReporter: Compat change id reported: 149924527; UID 10238; state: ENABLED
05-23 05:51:37.465  1534  3181 D CompatibilityChangeReporter: Compat change id reported: 132649864; UID 10238; state: DISABLED
05-23 05:52:38.039  1534  3918 D CompatibilityChangeReporter: Compat change id reported: 135634846; UID 10238; state: DISABLED
05-23 05:52:38.039  1534  1688 D CompatibilityChangeReporter: Compat change id reported: 143937733; UID 10238; state: ENABLED
05-23 05:52:38.205  1534  1688 W ActivityManager: Slow operation: 166ms so far, now at startProcess: returned from zygote!
05-23 05:52:38.206  1534  1688 W ActivityManager: Slow operation: 167ms so far, now at startProcess: done updating battery stats
05-23 05:52:38.206  1534  1688 W ActivityManager: Slow operation: 167ms so far, now at startProcess: building log message
05-23 05:52:38.206  1534  1688 I ActivityManager: Start proc 18445:com.android.chrome:sandboxed_process0:org.chromium.content.app.SandboxedProcessService0:0/u0ai0 for  {com.android.chrome/org.chromium.content.app.SandboxedProcessService0:0}
05-23 05:52:38.206  1534  1688 W ActivityManager: Slow operation: 167ms so far, now at startProcess: starting to update pids map
05-23 05:52:38.206  1534  1688 W ActivityManager: Slow operation: 167ms so far, now at startProcess: done updating pids map
05-23 05:52:38.398  1534  3918 I ActivityManager: Killing 16868:com.android.soundpicker/u0a101 (adj 975, setSvc -10000): empty #25
05-23 05:52:38.401  1534  3918 I ActivityManager: Killing 18445:com.android.chrome:sandboxed_process0:org.chromium.content.app.SandboxedProcessService0:0/u0a238i-9000 (adj 0, setSvc -10000): isolated not needed
05-23 05:52:38.417  1534  3918 D CompatibilityChangeReporter: Compat change id reported: 135634846; UID 10238; state: DISABLED
05-23 05:52:38.418  1534  1688 D CompatibilityChangeReporter: Compat change id reported: 143937733; UID 10238; state: ENABLED
05-23 05:52:38.433  1534  2022 I ActivityManager: appDiedLocked: app=ProcessRecord{ae52261 18445:com.android.chrome:sandboxed_process0:org.chromium.content.app.SandboxedProcessService0:0/u0a238i-9000} thread=android.os.BinderProxy@9108c5b fromBinderDied=true isKilledByAm=true reason=null
05-23 05:52:38.446  1534  2022 I ActivityManager: Killing 16468:com.android.vending:background/u0a202 (adj 985, setSvc -10000): empty #25
05-23 05:52:38.447  1534  1688 I ActivityManager: Start proc 18467:com.android.chrome:sandboxed_process0:org.chromium.content.app.SandboxedProcessService0:1/u0ai1 for  {com.android.chrome/org.chromium.content.app.SandboxedProcessService0:1}
05-23 05:52:38.447  1534  3918 I ActivityManager: appDiedLocked: app=ProcessRecord{b0db665 16868:com.android.soundpicker/u0a101} thread=android.os.BinderProxy@7aa65d1 fromBinderDied=true isKilledByAm=true reason=null
05-23 05:52:38.484  1534  2022 I ActivityManager: appDiedLocked: app=ProcessRecord{5e82048 16468:com.android.vending:background/u0a202} thread=android.os.BinderProxy@a419337 fromBinderDied=true isKilledByAm=true reason=null
05-23 05:52:38.591  1534  3181 I ActivityManager: Killing 16505:com.google.android.apps.nbu.files/u0a166 (adj 975, setSvc -10000): empty #25
05-23 05:52:38.594  1534  3181 I ActivityManager: Killing 18467:com.android.chrome:sandboxed_process0:org.chromium.content.app.SandboxedProcessService0:1/u0a238i-8999 (adj 0, setSvc -10000): isolated not needed
05-23 05:52:38.624  1534  4031 I ActivityManager: appDiedLocked: app=ProcessRecord{f8cdc0c 18467:com.android.chrome:sandboxed_process0:org.chromium.content.app.SandboxedProcessService0:1/u0a238i-8999} thread=android.os.BinderProxy@2122bd3 fromBinderDied=true isKilledByAm=true reason=null
05-23 05:52:38.637  1534  3181 I ActivityManager: appDiedLocked: app=ProcessRecord{584b2af 16505:com.google.android.apps.nbu.files/u0a166} thread=android.os.BinderProxy@3492310 fromBinderDied=true isKilledByAm=true reason=null
05-23 05:52:38.957  1534  4031 D CompatibilityChangeReporter: Compat change id reported: 135634846; UID 10238; state: DISABLED
05-23 05:52:38.958  1534  1688 D CompatibilityChangeReporter: Compat change id reported: 143937733; UID 10238; state: ENABLED
05-23 05:52:38.970  1534  1688 I ActivityManager: Start proc 18492:com.android.chrome:sandboxed_process0:org.chromium.content.app.SandboxedProcessService0:2/u0ai2 for  {com.android.chrome/org.chromium.content.app.SandboxedProcessService0:2}
05-23 05:52:39.120  1534  3181 I ActivityManager: Killing 18492:com.android.chrome:sandboxed_process0:org.chromium.content.app.SandboxedProcessService0:2/u0a238i-8998 (adj 0, setSvc -10000): isolated not needed
05-23 05:52:39.136  1534  3181 D CompatibilityChangeReporter: Compat change id reported: 135634846; UID 10238; state: DISABLED
