--------- beginning of system
05-23 05:19:47.143  1534  1671 I WindowManager: SURFACE SHOW Surface(name=PopupWindow:e014858)/@0xe3a8cfc on display:0
05-23 05:22:37.849  1534  4033 V WindowManager: Changing focus of displayId=0 to Window{e4134e u0 com.motorola.launcher3/com.android.launcher3.CustomizationPanelLauncher} from Window{d86da14 u0 com.knowz.mobleapp/com.knowz.mobleapp.MainActivity}
05-23 05:22:37.860  1534  4033 I WindowManager: SURFACE hide Surface(name=com.knowz.mobleapp/com.knowz.mobleapp.MainActivity)/@0xc22daf1 on display:0
05-23 05:22:37.978  1534  1669 I ActivityManager: Killing 14998:com.facebook.orca:fdidsync/u0a732 (adj 975, setSvc -10000): empty for 2086s
05-23 05:22:37.979  1534  1669 I ActivityManager: Killing 14187:com.knowz.mobleapp/u0a824 (adj 800, setSvc -10000): remove task
05-23 05:22:38.010  1534  4032 I ActivityManager: appDiedLocked: app=ProcessRecord{23391e5 14998:com.facebook.orca:fdidsync/u0a732} thread=android.os.BinderProxy@d89bbcf fromBinderDied=true isKilledByAm=true reason=null
05-23 05:22:38.015  1534  1888 D CompatibilityChangeReporter: Compat change id reported: 171306433; UID 10732; state: ENABLED
05-23 05:22:38.149  1534  4032 I ActivityManager: appDiedLocked: app=ProcessRecord{c948cec 14187:com.knowz.mobleapp/u0a824} thread=android.os.BinderProxy@352a465 fromBinderDied=true isKilledByAm=true reason=null
05-23 05:22:38.150  1534  1686 W UsageStatsService: Unexpected activity event reported! (com.knowz.mobleapp/com.knowz.mobleapp.MainActivity event : 23 instanceId : 108722181)
05-23 05:22:38.153  1534  3477 W WindowManager: Failed looking up window session=Session{437cc6 14187:u0a10824} callers=com.android.server.wm.WindowManagerService.windowForClientLocked:6224 com.android.server.wm.WindowState$DeathRecipient.binderDied:3199 android.os.IBinder$DeathRecipient.binderDied:314 
05-23 05:22:38.153  1534  3477 I WindowManager: WIN DEATH: null
05-23 05:22:38.155  1534  1671 W ActivityTaskManager: Can't find TaskDisplayArea to determine support for multi window. Task id=2157 attached=false
05-23 05:22:38.155  1534  1671 W ActivityTaskManager: Can't find TaskDisplayArea to determine support for multi window. Task id=2157 attached=false
05-23 05:22:38.158  1534  1669 W ActivityManager: setHasOverlayUi called on unknown pid: 14187
05-23 05:22:51.894  1534  1534 D CompatibilityChangeReporter: Compat change id reported: 168419799; UID 1000; state: DISABLED
05-23 05:22:52.031  1534  2046 D CompatibilityChangeReporter: Compat change id reported: 168419799; UID 10747; state: DISABLED
05-23 05:23:52.131  1534  1534 W Looper  : Slow dispatch took 104ms main h=android.app.job.JobServiceEngine$JobHandler c=null m=2
05-23 05:25:44.370  1534  1534 W Looper  : Slow dispatch took 148ms main h=com.android.server.job.JobSchedulerService$JobHandler c=null m=1
05-23 05:26:20.777  1534  2038 I ActivityTaskManager: START u0 {act=android.settings.APPLICATION_DETAILS_SETTINGS dat=package:com.knowz.mobleapp flg=0x10008000 cmp=com.android.settings/.applications.InstalledAppDetails bnds=[345,1573][885,1713] (has extras)} from uid 10271
05-23 05:26:20.786  1534  2038 D ActivityTaskManager: getPreferredLaunchDisplay userset_displayid false user set display id -1, current display id -1, current focus display 0
05-23 05:26:20.786  1534  2038 D ActivityTaskManager: getPreferredLaunchDisplay userset_displayid false user set display id -1, current display id -1, current focus display 0
05-23 05:26:20.787  1534  2038 W ActivityTaskManager: Can't find TaskDisplayArea to determine support for multi window. Task id=2158 attached=false
05-23 05:26:20.788  1534  2038 D ActivityTaskManager: getPreferredLaunchDisplay userset_displayid false user set display id 0, current display id -1, current focus display 0
05-23 05:26:20.789  1534  2038 D CompatibilityChangeReporter: Compat change id reported: 174042980; UID 1000; state: DISABLED
05-23 05:26:20.804  1534  3477 V WindowManager: Changing focus of displayId=0 to null from Window{e4134e u0 com.motorola.launcher3/com.android.launcher3.CustomizationPanelLauncher}
05-23 05:26:20.805  1534  3477 D CompatibilityChangeReporter: Compat change id reported: 181136395; UID 1000; state: DISABLED
05-23 05:26:20.806  1534  3477 D CompatibilityChangeReporter: Compat change id reported: 174042936; UID 1000; state: DISABLED
05-23 05:26:20.845  1534  1671 I WindowManager: SURFACE SHOW Surface(name=Splash Screen com.android.settings)/@0x116e6a5 on display:0
05-23 05:26:20.944  1534  4032 D CompatibilityChangeReporter: Compat change id reported: 135634846; UID 10279; state: DISABLED
05-23 05:26:20.944  1534  4032 D CompatibilityChangeReporter: Compat change id reported: 177438394; UID 10279; state: DISABLED
05-23 05:26:20.944  1534  4032 D CompatibilityChangeReporter: Compat change id reported: 135772972; UID 10279; state: DISABLED
05-23 05:26:20.944  1534  4032 D CompatibilityChangeReporter: Compat change id reported: 135754954; UID 10279; state: ENABLED
05-23 05:26:20.944  1534  1688 D CompatibilityChangeReporter: Compat change id reported: 143937733; UID 10279; state: ENABLED
05-23 05:26:20.952  1534  1688 I ActivityManager: Start proc 16105:com.motorola.coresettingsext/u0a279 for content provider {com.motorola.coresettingsext/com.motorola.coresettingsext.tilecontrollers.CoreSettingsDynamicTilesProvider}
05-23 05:26:20.980  1534  2349 D CompatibilityChangeReporter: Compat change id reported: 168419799; UID 10279; state: DISABLED
05-23 05:26:21.126  1534  1671 I WindowManager: SURFACE hide Surface(name=com.android.systemui.ImageWallpaper)/@0x9b5d37c on display:0
05-23 05:26:21.126  1534  1671 I WindowManager: SURFACE hide Surface(name=com.motorola.launcher3/com.android.launcher3.CustomizationPanelLauncher)/@0x7187c07 on display:0
05-23 05:26:21.127  1534  1671 I WindowManager: SURFACE hide Surface(name=com.motorola.launcher3/com.android.launcher3.CustomizationPanelLauncher)/@0xfa12134 on display:0
05-23 05:26:21.139  1534  2038 D IntervalStats: Unable to parse usage stats packages: [776]
05-23 05:26:21.148  1534  2038 D IntervalStats: Unable to parse usage stats packages: [786, 787]
05-23 05:26:21.150  1534  2038 D IntervalStats: Unable to parse usage stats packages: [787]
05-23 05:26:21.152  1534  2038 D IntervalStats: Unable to parse usage stats packages: [787, 790]
05-23 05:26:21.154  1534  2038 D IntervalStats: Unable to parse usage stats packages: [790, 791]
05-23 05:26:21.157  1534  2038 D IntervalStats: Unable to parse usage stats packages: [791]
05-23 05:26:21.170  1534  2038 D IntervalStats: Unable to parse usage stats packages: [776]
05-23 05:26:21.174  1534  2038 D IntervalStats: Unable to parse usage stats packages: [786, 787]
05-23 05:26:21.176  1534  2038 D IntervalStats: Unable to parse usage stats packages: [787]
05-23 05:26:21.182  1534  2038 D IntervalStats: Unable to parse usage stats packages: [787, 790]
05-23 05:26:21.186  1534  2038 D IntervalStats: Unable to parse usage stats packages: [790, 791]
05-23 05:26:21.188  1534  2038 D IntervalStats: Unable to parse usage stats packages: [791]
05-23 05:26:21.215  1534  3918 D CompatibilityChangeReporter: Compat change id reported: 135634846; UID 10289; state: DISABLED
05-23 05:26:21.215  1534  3918 D CompatibilityChangeReporter: Compat change id reported: 177438394; UID 10289; state: DISABLED
05-23 05:26:21.215  1534  3918 D CompatibilityChangeReporter: Compat change id reported: 135772972; UID 10289; state: DISABLED
05-23 05:26:21.216  1534  3918 D CompatibilityChangeReporter: Compat change id reported: 135754954; UID 10289; state: ENABLED
05-23 05:26:21.216  1534  1688 D CompatibilityChangeReporter: Compat change id reported: 143937733; UID 10289; state: ENABLED
05-23 05:26:21.227  1534  1688 I ActivityManager: Start proc 16135:com.google.android.permissioncontroller/u0a289 for service {com.google.android.permissioncontroller/com.android.permissioncontroller.role.service.RoleControllerServiceImpl}
05-23 05:26:21.283  1534  2038 V WindowManager: Changing focus of displayId=0 to Window{9c40363 u0 com.android.settings/com.android.settings.applications.InstalledAppDetails} from null
05-23 05:26:21.384  1534  1671 I LaunchCheckinHandler: MotoDisplayed com.android.settings/.applications.InstalledAppDetails,wp,ca,584
05-23 05:26:21.390  1534  1671 I WindowManager: SURFACE SHOW Surface(name=com.android.settings/com.android.settings.applications.InstalledAppDetails)/@0xa5fd545 on display:0
05-23 05:26:21.819  1534  1671 I WindowManager: SURFACE hide Surface(name=Splash Screen com.android.settings)/@0x116e6a5 on display:0
05-23 05:26:22.489  1534  3918 D IntervalStats: Unable to parse usage stats packages: [776]
05-23 05:26:22.491  1534  3918 D IntervalStats: Unable to parse usage stats packages: [786, 787]
05-23 05:26:22.493  1534  3918 D IntervalStats: Unable to parse usage stats packages: [787]
05-23 05:26:22.494  1534  3918 D IntervalStats: Unable to parse usage stats packages: [787, 790]
05-23 05:26:22.495  1534  3918 D IntervalStats: Unable to parse usage stats packages: [790, 791]
05-23 05:26:22.496  1534  3918 D IntervalStats: Unable to parse usage stats packages: [791]
05-23 05:26:23.282  1534  2038 E UserRestrictionsUtils: Unknown restriction queried by uid 1000 (com.android.inputdevices et al): com.knowz.mobleapp
05-23 05:26:23.283  1534  2038 I ActivityTaskManager: START u0 {act=android.intent.action.UNINSTALL_PACKAGE dat=package:com.knowz.mobleapp cmp=com.google.android.packageinstaller/com.android.packageinstaller.UninstallerActivity (has extras)} from uid 1000
05-23 05:26:23.284  1534  2038 D ActivityTaskManager: getPreferredLaunchDisplay userset_displayid false user set display id 0, current display id -1, current focus display 0
05-23 05:26:23.284  1534  2038 D ActivityTaskManager: getPreferredLaunchDisplay userset_displayid false user set display id 0, current display id -1, current focus display 0
05-23 05:26:23.302  1534  1669 I ActivityManager: com.google.android.packageinstaller is exempt from freezer
05-23 05:26:23.302  1534  1669 D CompatibilityChangeReporter: Compat change id reported: 135634846; UID 10096; state: DISABLED
05-23 05:26:23.302  1534  1669 D CompatibilityChangeReporter: Compat change id reported: 177438394; UID 10096; state: DISABLED
05-23 05:26:23.302  1534  1669 D CompatibilityChangeReporter: Compat change id reported: 135772972; UID 10096; state: DISABLED
05-23 05:26:23.302  1534  1669 D CompatibilityChangeReporter: Compat change id reported: 135754954; UID 10096; state: ENABLED
05-23 05:26:23.303  1534  1688 D CompatibilityChangeReporter: Compat change id reported: 143937733; UID 10096; state: ENABLED
05-23 05:26:23.310  1534  1688 I ActivityManager: Start proc 16184:com.google.android.packageinstaller/u0a96 for pre-top-activity {com.google.android.packageinstaller/com.android.packageinstaller.UninstallerActivity}
05-23 05:26:23.326  1534  3918 V WindowManager: Changing focus of displayId=0 to null from Window{9c40363 u0 com.android.settings/com.android.settings.applications.InstalledAppDetails}
05-23 05:26:23.382  1534  3918 V WindowManager: Changing focus of displayId=0 to Window{50a564c u0 com.google.android.packageinstaller/com.android.packageinstaller.UninstallerActivity} from null
05-23 05:26:23.442  1534  1671 I LaunchCheckinHandler: MotoDisplayed com.google.android.packageinstaller/com.android.packageinstaller.UninstallerActivity,cp,ca,138
05-23 05:26:23.447  1534  1671 I WindowManager: SURFACE SHOW Surface(name=com.google.android.packageinstaller/com.android.packageinstaller.UninstallerActivity)/@0x46f884e on display:0
05-23 05:26:23.447  1534  1671 I WindowManager: SURFACE SHOW Surface(name=com.google.android.packageinstaller/com.android.packageinstaller.UninstallerActivity)/@0x958fd6f on display:0
05-23 05:26:24.155  1534  3477 I ActivityTaskManager: START u0 {flg=0x2000000 cmp=com.google.android.packageinstaller/com.android.packageinstaller.UninstallUninstalling (has extras)} from uid 10096
05-23 05:26:24.155  1534  3477 D ActivityTaskManager: getPreferredLaunchDisplay userset_displayid false user set display id 0, current display id -1, current focus display 0
05-23 05:26:24.155  1534  3477 D ActivityTaskManager: getPreferredLaunchDisplay userset_displayid false user set display id 0, current display id -1, current focus display 0
05-23 05:26:24.162  1534  3918 V WindowManager: Changing focus of displayId=0 to Window{397b677 u0 com.google.android.packageinstaller/com.android.packageinstaller.UninstallerActivity} from Window{50a564c u0 com.google.android.packageinstaller/com.android.packageinstaller.UninstallerActivity EXITING}
05-23 05:26:24.167  1534  3477 W ActivityTaskManager: Tried to set launchTime (0) < mLastActivityLaunchTime (190735316)
05-23 05:26:24.169  1534  3477 V WindowManager: Changing focus of displayId=0 to null from Window{397b677 u0 com.google.android.packageinstaller/com.android.packageinstaller.UninstallerActivity}
05-23 05:26:24.186  1534  1687 I ActivityManager: Force stopping com.knowz.mobleapp appid=10824 user=0: deletePackageX
05-23 05:26:24.189  1534  2349 V WindowManager: Changing focus of displayId=0 to Window{f0945ae u0 com.google.android.packageinstaller/com.android.packageinstaller.UninstallUninstalling} from null
05-23 05:26:24.198  1534  1713 I PackageManager: Removing permission com.knowz.mobleapp.DYNAMIC_RECEIVER_NOT_EXPORTED_PERMISSION that used to be declared by com.knowz.mobleapp
05-23 05:26:24.198  1534  1713 I PackageManager: Permission ownership changed. Updating all permissions.
05-23 05:26:24.223  1534  1671 I LaunchCheckinHandler: MotoDisplayed com.google.android.packageinstaller/com.android.packageinstaller.UninstallUninstalling,wp,ca,56
05-23 05:26:24.225  1534  1671 I WindowManager: SURFACE SHOW Surface(name=com.google.android.packageinstaller/com.android.packageinstaller.UninstallUninstalling)/@0x96452e3 on display:0
05-23 05:26:24.225  1534  1671 I WindowManager: SURFACE SHOW Surface(name=com.google.android.packageinstaller/com.android.packageinstaller.UninstallUninstalling)/@0xf8aa4e0 on display:0
05-23 05:26:24.325  1534  1666 W Looper  : Slow dispatch took 126ms android.fg h=android.os.Handler c=<recycled PooledLambda@d8dc542> m=0
05-23 05:26:24.326  1534  1671 I WindowManager: SURFACE hide Surface(name=com.google.android.packageinstaller/com.android.packageinstaller.UninstallerActivity)/@0x958fd6f on display:0
05-23 05:26:24.382  1534  1671 I WindowManager: SURFACE hide Surface(name=com.google.android.packageinstaller/com.android.packageinstaller.UninstallerActivity)/@0x46f884e on display:0
05-23 05:26:24.696  1534  1713 I ActivityManager: Force stopping com.knowz.mobleapp appid=10824 user=0: pkg removed
05-23 05:26:24.702  1534  1669 D CompatibilityChangeReporter: Compat change id reported: 181136395; UID 10096; state: DISABLED
05-23 05:26:24.702  1534  1669 D CompatibilityChangeReporter: Compat change id reported: 174042936; UID 10096; state: DISABLED
05-23 05:26:24.728  1534  1687 D CompatibilityChangeReporter: Compat change id reported: 168419799; UID 10096; state: DISABLED
05-23 05:26:24.743  1534  2349 V WindowManager: Changing focus of displayId=0 to Window{9c40363 u0 com.android.settings/com.android.settings.applications.InstalledAppDetails} from Window{f0945ae u0 com.google.android.packageinstaller/com.android.packageinstaller.UninstallUninstalling}
05-23 05:26:24.755  1534  3918 V WindowManager: Changing focus of displayId=0 to null from Window{9c40363 u0 com.android.settings/com.android.settings.applications.InstalledAppDetails}
05-23 05:26:24.897  1534  1687 W BroadcastQueue: Background execution not allowed: receiving Intent { act=android.intent.action.PACKAGE_REMOVED dat=package:com.knowz.mobleapp flg=0x4000010 (has extras) } to com.android.vending/com.google.android.finsky.packagemonitor.impl.PackageMonitorReceiverImpl$RegisteredReceiver
05-23 05:26:24.897  1534  1687 W BroadcastQueue: Background execution not allowed: receiving Intent { act=android.intent.action.PACKAGE_REMOVED dat=package:com.knowz.mobleapp flg=0x4000010 (has extras) } to com.android.vending/com.google.android.finsky.packagemonitor.backgroundimpl.BackgroundPackageMonitorReceiverImpl$RegisteredReceiver
05-23 05:26:24.897  1534  1838 I RollbackManager: broadcast=ACTION_PACKAGE_FULLY_REMOVED pkg=com.knowz.mobleapp
05-23 05:26:24.897  1534  1687 W BroadcastQueue: Background execution not allowed: receiving Intent { act=android.intent.action.PACKAGE_REMOVED dat=package:com.knowz.mobleapp flg=0x4000010 (has extras) } to com.android.vending/com.google.android.finsky.instantapps.appmanagement.InstantAppRemoveMonitor
05-23 05:26:24.897  1534  1687 W BroadcastQueue: Background execution not allowed: receiving Intent { act=android.intent.action.PACKAGE_REMOVED dat=package:com.knowz.mobleapp flg=0x4000010 (has extras) } to com.google.android.gms/.chimera.GmsIntentOperationService$PersistentTrustedReceiver
05-23 05:26:24.899  1534  1859 V StorageManagerService: Package com.knowz.mobleapp does not have legacy storage
05-23 05:26:24.901  1534  1666 D CompanionDeviceManagerService: onPackageRemoved(packageName = com.knowz.mobleapp, uid = 10824)
05-23 05:26:24.901  1534  1666 I CompanionDeviceManagerService: Updating associations: []  -->  []
05-23 05:26:24.914  1534  1554 V WindowManager: Changing focus of displayId=0 to Window{e4134e u0 com.motorola.launcher3/com.android.launcher3.CustomizationPanelLauncher} from null
05-23 05:26:24.921  1534  3219 W ActivityTaskManager: Finishing task with all activities already finished
05-23 05:26:24.921  1534  3219 W ActivityTaskManager: Duplicate finish request for r=ActivityRecord{90f90be u0 com.android.settings/.applications.InstalledAppDetails t2158 f}}
05-23 05:26:24.937  1534  1671 I WindowManager: SURFACE SHOW Surface(name=com.android.systemui.ImageWallpaper)/@0x9b5d37c on display:0
05-23 05:26:24.942  1534  1671 I WindowManager: SURFACE SHOW Surface(name=com.motorola.launcher3/com.android.launcher3.CustomizationPanelLauncher)/@0x7a76926 on display:0
05-23 05:26:24.942  1534  1671 I WindowManager: SURFACE SHOW Surface(name=com.motorola.launcher3/com.android.launcher3.CustomizationPanelLauncher)/@0xdb58967 on display:0
05-23 05:26:25.039  1534  1666 W Looper  : Slow dispatch took 144ms android.fg h=android.os.Handler c=android.app.LoadedApk$ReceiverDispatcher$Args$$ExternalSyntheticLambda0@36f4c5e m=0
05-23 05:26:25.040  1534  1687 W BroadcastQueue: Background execution not allowed: receiving Intent { act=android.intent.action.PACKAGE_REMOVED dat=package:com.knowz.mobleapp flg=0x4000010 (has extras) } to com.google.android.gms/.games.chimera.GamesSystemBroadcastReceiverProxy
05-23 05:26:25.040  1534  1534 W Looper  : Slow dispatch took 142ms main h=com.android.server.job.JobSchedulerService$JobHandler c=null m=4
05-23 05:26:25.043  1534  1555 D IntervalStats: Unable to parse usage stats packages: [349, 353, 356, 357, 361, 363, 364, 365, 367, 368, 370, 372, 373, 375, 376, 377, 378, 380, 383, 384, 385, 386, 387, 388, 389, 390, 391, 392, 394, 395, 397, 398, 399, 400, 404, 405, 406, 407, 408, 409, 410, 411, 412, 413, 414, 415, 416, 421, 422, 423, 426, 427, 428, 429, 430, 431, 432, 433, 434, 435, 437, 438, 439, 441, 442, 443, 444, 445, 446, 448, 449, 452, 453, 455, 457, 458, 459, 460, 461, 462, 465, 466, 467, 469, 470, 471, 473, 474, 475, 476, 477, 479, 480, 481, 482, 483, 484, 485, 486, 487, 488, 489, 491, 492, 494, 495, 498, 499, 500, 501, 503, 504, 505, 506, 507, 508, 509, 510, 511, 512, 513, 514, 515, 516, 517, 518, 519, 520, 521, 523, 525, 527, 528, 529, 530, 531, 532, 533, 534, 537, 542, 544, 545, 550, 551, 552, 554, 555, 556, 559, 560, 563, 564, 565, 566, 567, 568, 570, 571, 573, 574, 575, 577, 578, 580, 581, 582, 585, 586, 587, 588, 589, 590, 591, 594, 596, 597, 598, 600, 602, 603, 605, 606, 607, 609, 610, 613, 614, 615, 616, 617, 618, 619, 620, 621, 622, 623, 624, 625, 627, 629, 630, 631, 634, 636, 638, 642, 643, 644, 645, 646, 648, 649, 650, 653, 654, 656, 657, 658, 659, 662, 663, 665, 666, 667, 668, 669, 670, 671, 672, 674, 675, 676, 677, 678, 680, 681, 682, 683, 684]
05-23 05:26:25.253  1534  1686 I CompanionDeviceManagerService: Writing associations to disk: []
05-23 05:26:25.298  1534  1671 I WindowManager: SURFACE hide Surface(name=com.android.settings/com.android.settings.applications.InstalledAppDetails)/@0xa5fd545 on display:0
05-23 05:26:25.313  1534  1671 I WindowManager: SURFACE hide Surface(name=com.google.android.packageinstaller/com.android.packageinstaller.UninstallUninstalling)/@0xf8aa4e0 on display:0
05-23 05:26:25.324  1534  1671 I WindowManager: SURFACE hide Surface(name=com.google.android.packageinstaller/com.android.packageinstaller.UninstallUninstalling)/@0x96452e3 on display:0
05-23 05:26:25.514  1534  1534 I ActivityManager: Killing 13555:com.whatsapp.w4b/u0a737 (adj 800, setSvc -10000): empty for 2312s
05-23 05:26:25.522  1534  1534 D CompatibilityChangeReporter: Compat change id reported: 135634846; UID 1000; state: DISABLED
05-23 05:26:25.522  1534  1534 D CompatibilityChangeReporter: Compat change id reported: 177438394; UID 1000; state: DISABLED
05-23 05:26:25.522  1534  1534 D CompatibilityChangeReporter: Compat change id reported: 135772972; UID 1000; state: DISABLED
05-23 05:26:25.523  1534  1534 D CompatibilityChangeReporter: Compat change id reported: 135754954; UID 1000; state: ENABLED
05-23 05:26:25.523  1534  1534 W Looper  : Slow dispatch took 481ms main h=android.app.ActivityThread$H c=android.app.LoadedApk$ReceiverDispatcher$Args$$ExternalSyntheticLambda0@7710dcb m=0
05-23 05:26:25.523  1534  1534 W Looper  : Slow delivery took 629ms main h=android.app.ActivityThread$H c=android.app.LoadedApk$ReceiverDispatcher$Args$$ExternalSyntheticLambda0@3fcdcc1 m=0
05-23 05:26:25.525  1534  1687 W BroadcastQueue: Background execution not allowed: receiving Intent { act=android.intent.action.PACKAGE_REMOVED dat=package:com.knowz.mobleapp flg=0x4000010 (has extras) } to com.google.android.videos/com.google.android.libraries.social.peoplekit.thirdparty.viewcontrollers.ThirdPartyReceiver
05-23 05:26:25.525  1534  1687 W BroadcastQueue: Background execution not allowed: receiving Intent { act=android.intent.action.PACKAGE_REMOVED dat=package:com.knowz.mobleapp flg=0x4000010 (has extras) } to com.verizon.loginengine.unbranded/com.verizon.vzwavs.AVSSystemReceiver
05-23 05:26:25.525  1534  1687 W BroadcastQueue: Background execution not allowed: receiving Intent { act=android.intent.action.PACKAGE_REMOVED dat=package:com.knowz.mobleapp flg=0x4000010 (has extras) } to com.facebook.katana/com.facebook.feed.platformads.AppInstallReceiver
05-23 05:26:25.526  1534  1687 D CompatibilityChangeReporter: Compat change id reported: 135634846; UID 10317; state: DISABLED
05-23 05:26:25.526  1534  1687 D CompatibilityChangeReporter: Compat change id reported: 177438394; UID 10317; state: DISABLED
05-23 05:26:25.526  1534  1687 D CompatibilityChangeReporter: Compat change id reported: 135772972; UID 10317; state: DISABLED
05-23 05:26:25.526  1534  1687 D CompatibilityChangeReporter: Compat change id reported: 135754954; UID 10317; state: DISABLED
05-23 05:26:25.527  1534  1534 I GameManagerService: Disabling downscale for com.knowz.mobleapp
05-23 05:26:25.535  1534  1534 I Telecom : CarModeTracker: Package com.knowz.mobleapp is not tracked.: SSH.oR@IFU
05-23 05:26:25.536  1534  1534 I Telecom : InCallController: updateCarModeForConnections: car mode apps: : SSH.oR@IFU
05-23 05:26:25.539  1534  1688 I ActivityManager: Start proc 16283:com.android.keychain/1000 for service {com.android.keychain/com.android.keychain.KeyChainService}
05-23 05:26:25.539  1534  1688 D CompatibilityChangeReporter: Compat change id reported: 143937733; UID 10317; state: DISABLED
05-23 05:26:25.542  1534  1534 I ConditionProviders: Disallowing condition provider com.knowz.mobleapp (userSet: true)
05-23 05:26:25.546  1534  2038 I ActivityManager: appDiedLocked: app=ProcessRecord{4143755 13555:com.whatsapp.w4b/u0a737} thread=android.os.BinderProxy@4b70588 fromBinderDied=true isKilledByAm=true reason=null
05-23 05:26:25.565  1534  4028 I ActivityManager: Start proc 16289:eu.chainfire.supersu/u0a317 for broadcast {eu.chainfire.supersu/eu.chainfire.supersu.InstallReceiver}
05-23 05:26:25.602  1534  1534 W Looper  : Drained
05-23 05:26:25.675  1534  1671 W ActivityTaskManager: Can't find TaskDisplayArea to determine support for multi window. Task id=2158 attached=false
05-23 05:26:25.675  1534  1671 W ActivityTaskManager: Can't find TaskDisplayArea to determine support for multi window. Task id=2158 attached=false
05-23 05:26:25.733  1534  1864 I ActivityManager: Killing 9729:com.android.vending/u0a202 (adj 965, setSvc -10000): empty for 2311s
05-23 05:26:25.735  1534  1864 D CompatibilityChangeReporter: Compat change id reported: 135634846; UID 10238; state: DISABLED
05-23 05:26:25.735  1534  1688 D CompatibilityChangeReporter: Compat change id reported: 143937733; UID 10238; state: ENABLED
05-23 05:26:25.742  1534  1688 I ActivityManager: Start proc 16331:com.android.chrome/u0a238 for broadcast {com.android.chrome/org.chromium.chrome.browser.browserservices.InstalledWebappBroadcastReceiver}
05-23 05:26:25.770  1534  3219 I ActivityManager: appDiedLocked: app=ProcessRecord{72d2389 9729:com.android.vending/u0a202} thread=android.os.BinderProxy@d876e93 fromBinderDied=true isKilledByAm=true reason=null
05-23 05:26:25.862  1534  6214 D CompatibilityChangeReporter: Compat change id reported: 168419799; UID 1000; state: DISABLED
05-23 05:26:25.866  1534  1534 I ActivityManager: com.android.vending is exempt from freezer
05-23 05:26:25.867  1534  1534 D CompatibilityChangeReporter: Compat change id reported: 135634846; UID 10202; state: DISABLED
05-23 05:26:25.867  1534  1534 D CompatibilityChangeReporter: Compat change id reported: 177438394; UID 10202; state: DISABLED
05-23 05:26:25.867  1534  1534 D CompatibilityChangeReporter: Compat change id reported: 135772972; UID 10202; state: DISABLED
05-23 05:26:25.867  1534  1534 D CompatibilityChangeReporter: Compat change id reported: 135754954; UID 10202; state: ENABLED
05-23 05:26:25.867  1534  1688 D CompatibilityChangeReporter: Compat change id reported: 143937733; UID 10202; state: ENABLED
05-23 05:26:25.874  1534  1688 I ActivityManager: Start proc 16357:com.android.vending/u0a202 for broadcast {com.android.vending/com.google.android.finsky.packagemonitor.impl.PackageMonitorReceiverImpl$RegisteredReceiver}
05-23 05:26:26.149  1534  3219 D CompatibilityChangeReporter: Compat change id reported: 135634846; UID 10163; state: DISABLED
05-23 05:26:26.149  1534  3219 D CompatibilityChangeReporter: Compat change id reported: 177438394; UID 10163; state: DISABLED
05-23 05:26:26.149  1534  3219 D CompatibilityChangeReporter: Compat change id reported: 135772972; UID 10163; state: DISABLED
05-23 05:26:26.149  1534  3219 D CompatibilityChangeReporter: Compat change id reported: 135754954; UID 10163; state: ENABLED
05-23 05:26:26.150  1534  1688 D CompatibilityChangeReporter: Compat change id reported: 143937733; UID 10163; state: ENABLED
05-23 05:26:26.156  1534  1688 I ActivityManager: Start proc 16402:com.google.process.gapps/u0a163 for content provider {com.google.android.gsf/com.google.android.gsf.settings.GoogleSettingsProvider}
05-23 05:26:26.244  1534  1864 D IntervalStats: Unable to parse usage stats packages: [349, 353, 356, 357, 361, 363, 364, 365, 367, 368, 370, 372, 373, 375, 376, 377, 378, 380, 383, 384, 385, 386, 387, 388, 389, 390, 391, 392, 394, 395, 397, 398, 399, 400, 404, 405, 406, 407, 408, 409, 410, 411, 412, 413, 414, 415, 416, 421, 422, 423, 426, 427, 428, 429, 430, 431, 432, 433, 434, 435, 437, 438, 439, 441, 442, 443, 444, 445, 446, 448, 449, 452, 453, 455, 457, 458, 459, 460, 461, 462, 465, 466, 467, 469, 470, 471, 473, 474, 475, 476, 477, 479, 480, 481, 482, 483, 484, 485, 486, 487, 488, 489, 491, 492, 494, 495, 498, 499, 500, 501, 503, 504, 505, 506, 507, 508, 509, 510, 511, 512, 513, 514, 515, 516, 517, 518, 519, 520, 521, 523, 525, 527, 528, 529, 530, 531, 532, 533, 534, 537, 542, 544, 545, 550, 551, 552, 554, 555, 556, 559, 560, 563, 564, 565, 566, 567, 568, 570, 571, 573, 574, 575, 577, 578, 580, 581, 582, 585, 586, 587, 588, 589, 590, 591, 594, 596, 597, 598, 600, 602, 603, 605, 606, 607, 609, 610, 613, 614, 615, 616, 617, 618, 619, 620, 621, 622, 623, 624, 625, 627, 629, 630, 631, 634, 636, 638, 642, 643, 644, 645, 646, 648, 649, 650, 653, 654, 656, 657, 658, 659, 662, 663, 665, 666, 667, 668, 669, 670, 671, 672, 674, 675, 676, 677, 678, 680, 681, 682, 683, 684]
05-23 05:26:26.343  1534  1864 I ActivityManager: com.android.vending is exempt from freezer
05-23 05:26:26.343  1534  1864 D CompatibilityChangeReporter: Compat change id reported: 135634846; UID 10202; state: DISABLED
05-23 05:26:26.343  1534  1864 D CompatibilityChangeReporter: Compat change id reported: 177438394; UID 10202; state: DISABLED
05-23 05:26:26.343  1534  1864 D CompatibilityChangeReporter: Compat change id reported: 135772972; UID 10202; state: DISABLED
05-23 05:26:26.343  1534  1864 D CompatibilityChangeReporter: Compat change id reported: 135754954; UID 10202; state: ENABLED
05-23 05:26:26.344  1534  1688 D CompatibilityChangeReporter: Compat change id reported: 143937733; UID 10202; state: ENABLED
05-23 05:26:26.350  1534  1688 I ActivityManager: Start proc 16468:com.android.vending:background/u0a202 for broadcast {com.android.vending/com.google.android.finsky.packagemonitor.backgroundimpl.BackgroundPackageMonitorReceiverImpl$RegisteredReceiver}
05-23 05:26:26.555  1534  1864 D CompatibilityChangeReporter: Compat change id reported: 177438394; UID 10166; state: DISABLED
05-23 05:26:26.555  1534  1864 D CompatibilityChangeReporter: Compat change id reported: 135772972; UID 10166; state: DISABLED
05-23 05:26:26.555  1534  1864 D CompatibilityChangeReporter: Compat change id reported: 135754954; UID 10166; state: ENABLED
05-23 05:26:26.556  1534  1688 D CompatibilityChangeReporter: Compat change id reported: 143937733; UID 10166; state: ENABLED
05-23 05:26:26.562  1534  1688 I ActivityManager: Start proc 16505:com.google.android.apps.nbu.files/u0a166 for broadcast {com.google.android.apps.nbu.files/com.google.android.apps.nbu.files.documentbrowser.browselanding.rootcontainerlist.receiver.PackageChangeReceiver_Receiver}
05-23 05:26:26.752  1534  2347 D CompatibilityChangeReporter: Compat change id reported: 135634846; UID 10153; state: DISABLED
05-23 05:26:26.752  1534  2347 D CompatibilityChangeReporter: Compat change id reported: 177438394; UID 10153; state: DISABLED
05-23 05:26:26.752  1534  2347 D CompatibilityChangeReporter: Compat change id reported: 135772972; UID 10153; state: DISABLED
05-23 05:26:26.752  1534  2347 D CompatibilityChangeReporter: Compat change id reported: 135754954; UID 10153; state: ENABLED
05-23 05:26:26.756  1534  1688 D CompatibilityChangeReporter: Compat change id reported: 143937733; UID 10153; state: ENABLED
05-23 05:26:26.772  1534  1688 I ActivityManager: Start proc 16550:com.google.android.apps.wellbeing/u0a153 for broadcast {com.google.android.apps.wellbeing/com.google.android.apps.wellbeing.common.receiver.coalescedreceivers.PackageFullyRemovedCoalescedBroadcast_Receiver}
05-23 05:26:27.733  1534  2347 D CompatibilityChangeReporter: Compat change id reported: 135634846; UID 10111; state: DISABLED
05-23 05:26:27.733  1534  2347 D CompatibilityChangeReporter: Compat change id reported: 177438394; UID 10111; state: DISABLED
05-23 05:26:27.733  1534  2347 D CompatibilityChangeReporter: Compat change id reported: 135772972; UID 10111; state: DISABLED
05-23 05:26:27.733  1534  2347 D CompatibilityChangeReporter: Compat change id reported: 135754954; UID 10111; state: ENABLED
05-23 05:26:27.734  1534  1688 D CompatibilityChangeReporter: Compat change id reported: 143937733; UID 10111; state: ENABLED
05-23 05:26:27.752  1534  1688 I ActivityManager: Start proc 16623:com.google.android.documentsui/u0a111 for broadcast {com.google.android.documentsui/com.android.documentsui.PackageReceiver}
05-23 05:26:28.123  1534  2347 D CompatibilityChangeReporter: Compat change id reported: 168419799; UID 10289; state: DISABLED
05-23 05:26:28.217  1534  2347 D JobScheduler: Enqueueing job: (job:-300/com.google.android.providers.media.module/com.android.providers.media.MediaService) work: JobWorkItem{id=0 intent=Intent { act=android.intent.action.PACKAGE_FULLY_REMOVED dat=package:com.knowz.mobleapp flg=0x5000010 cmp=com.google.android.providers.media.module/com.android.providers.media.MediaService (has extras) }}
05-23 05:26:28.233  1534  2349 D CompatibilityChangeReporter: Compat change id reported: 177438394; UID 10221; state: DISABLED
05-23 05:26:28.233  1534  2349 D CompatibilityChangeReporter: Compat change id reported: 135772972; UID 10221; state: DISABLED
05-23 05:26:28.233  1534  2349 D CompatibilityChangeReporter: Compat change id reported: 135754954; UID 10221; state: ENABLED
05-23 05:26:28.234  1534  1688 D CompatibilityChangeReporter: Compat change id reported: 143937733; UID 10221; state: ENABLED
05-23 05:26:28.244  1534  1688 I ActivityManager: Start proc 16665:com.google.android.videos/u0a221 for broadcast {com.google.android.videos/com.google.android.libraries.social.peoplekit.thirdparty.viewcontrollers.ThirdPartyReceiver}
05-23 05:26:28.281  1534  1864 D CompatibilityChangeReporter: Compat change id reported: 168419799; UID 10221; state: DISABLED
05-23 05:26:44.095  1534  6214 D CompatibilityChangeReporter: Compat change id reported: 168419799; UID 10163; state: DISABLED
05-23 05:26:44.273  1534  1534 D CompatibilityChangeReporter: Compat change id reported: 168419799; UID 10202; state: DISABLED
05-23 05:27:52.021  1534  1534 I ActivityManager: Killing 15474:com.motorola.camera3/u0a208 (adj 800, setSvc -10000): empty for 1800s
05-23 05:27:52.023  1534  1534 I ActivityManager: Killing 15409:com.google.android.apps.turbo:aab/u0a192 (adj 975, setSvc -10000): empty for 1807s
05-23 05:27:52.067  1534  3219 I ActivityManager: appDiedLocked: app=ProcessRecord{9009db8 15409:com.google.android.apps.turbo:aab/u0a192} thread=android.os.BinderProxy@536eb1 fromBinderDied=true isKilledByAm=true reason=null
05-23 05:27:52.103  1534  2347 I ActivityManager: appDiedLocked: app=ProcessRecord{af0579 15474:com.motorola.camera3/u0a208} thread=android.os.BinderProxy@d263f96 fromBinderDied=true isKilledByAm=true reason=null
05-23 05:27:53.371  1534  1686 I UsageStatsService: User[0] Flushing usage stats to disk
05-23 05:28:50.130  1534  2347 D CompatibilityChangeReporter: Compat change id reported: 171306433; UID 1000; state: ENABLED
05-23 05:29:56.899  1534  1713 I PackageManager: Integrity check passed for file:///data/app/vmdl990075940.tmp
05-23 05:29:57.011  1534  1713 I PackageManager: Permission ownership changed. Updating all permissions.
05-23 05:29:57.226  1534  1666 W Looper  : Slow dispatch took 213ms android.fg h=android.os.Handler c=<recycled PooledLambda@dd4d662> m=0
05-23 05:29:57.226  1534  1666 W Looper  : Slow delivery took 211ms android.fg h=android.os.Handler c=<recycled PooledLambda@ebd53f3> m=0
05-23 05:29:57.229  1534  1666 W Looper  : Drained
05-23 05:29:57.252  1534  1713 V BackupManagerService: [UserID:0] restoreAtInstall pkg=com.knowz.mobleapp token=24 restoreSet=3fa7a7b8b7831ec0
05-23 05:29:57.253  1534  1713 V BackupManagerService: [UserID:0] Acquired wakelock:*backup*-0-3130
05-23 05:29:57.253  1534  3130 D BackupManagerService: MSG_RUN_RESTORE observer=null
05-23 05:29:57.254  1534  3130 D BackupManagerService: Starting restore.
05-23 05:29:57.336  1534  1534 I TransportClient: BackupTransportService#26: Notifying [PerformUnifiedRestoreTask.startRestore()] transport = IBackupTransport
05-23 05:29:57.352  1534  1666 V StorageManagerService: Package null does not have legacy storage
05-23 05:29:57.366  1534  3219 D BackupTransportManager: Transport com.google.android.gms/.backup.BackupTransportService updated its attributes
05-23 05:29:58.391  1534  3130 D BackupManagerService: initiateOneRestore packageName=@pm@
05-23 05:30:00.350  1534  3130 I BackupManagerService: Next restore package: RestoreDescription{com.knowz.mobleapp : STREAM}
05-23 05:30:05.062  1534 16788 W BackupManagerService: Restore manifest signatures do not match installed application for com.knowz.mobleapp
05-23 05:30:05.134  1534  3130 D BackupManagerService: restoreFinished packageName=com.knowz.mobleapp
05-23 05:30:05.135  1534  3130 E BackupManagerService: Unable to finalize restore of com.knowz.mobleapp
05-23 05:30:05.136  1534  3130 I ActivityManager: Force stopping com.knowz.mobleapp appid=10825 user=0: clear data
05-23 05:30:05.184  1534  1687 I ActivityManager: Force stopping com.knowz.mobleapp appid=10825 user=-1: clearApplicationUserData
05-23 05:30:05.255  1534  1687 D CompatibilityChangeReporter: Compat change id reported: 168419799; UID 10238; state: DISABLED
05-23 05:30:05.255  1534  3130 W ActivityManager: Unbinding backup agent with no active backup
05-23 05:30:05.255  1534  3130 D BackupManagerService: Restore complete, killing host process of com.knowz.mobleapp
05-23 05:30:05.255  1534  3130 W ActivityManager: Process/uid not found attempting kill of com.knowz.mobleapp / 10825
05-23 05:30:05.257  1534  3130 V BackupManagerService: No more packages; finishing restore
05-23 05:30:05.260  1534  3130 I BackupManagerService: Restore complete.
05-23 05:30:05.270  1534  2351 D CompatibilityChangeReporter: Compat change id reported: 168419799; UID 10239; state: DISABLED
05-23 05:30:05.289  1534  3130 V BackupManagerService: [UserID:0] Released wakelock:*backup*-0-3130
05-23 05:30:05.337  1534  2349 D CompatibilityChangeReporter: Compat change id reported: 168419799; UID 10111; state: DISABLED
05-23 05:30:05.359  1534  1713 D CompatibilityChangeReporter: Compat change id reported: 168419799; UID 10825; state: DISABLED
05-23 05:30:05.363  1534  1534 D MotoDevicePolicyManagerService: setNonBatteryOptimizedModeForAppList: [com.motorola.oemconfig.rel, com.motorola.oemconfig.demo]
05-23 05:30:05.364  1534  1534 E DeviceIdleController: Tried to add unknown package to power save whitelist: com.motorola.oemconfig.demo
05-23 05:30:05.364  1534  1534 E DeviceIdleController: Tried to add unknown package to power save whitelist: com.motorola.oemconfig.rel
05-23 05:30:05.378  1534  1534 D MotoDevicePolicyManagerService: Package not found: com.motorola.oemconfig.rel
05-23 05:30:05.378  1534  1534 D MotoDevicePolicyManagerService: Package not found: com.motorola.oemconfig.demo
05-23 05:30:05.378  1534  1534 D MotoDevicePolicyManagerService: setNonBatteryOptimizedModeForAppList: [com.motorola.oemconfig.rel, com.motorola.oemconfig.demo]
05-23 05:30:05.379  1534  1534 E DeviceIdleController: Tried to add unknown package to power save whitelist: com.motorola.oemconfig.demo
05-23 05:30:05.379  1534  1534 E DeviceIdleController: Tried to add unknown package to power save whitelist: com.motorola.oemconfig.rel
05-23 05:30:05.379  1534  1534 D MotoDevicePolicyManagerService: Package not found: com.motorola.oemconfig.rel
05-23 05:30:05.379  1534  1534 D MotoDevicePolicyManagerService: Package not found: com.motorola.oemconfig.demo
05-23 05:30:05.389  1534  1534 I Telecom : DefaultDialerCache: Refreshing default dialer for user 0: now com.google.android.dialer: DDC.oR@IHs
05-23 05:30:05.398  1534  1534 V BackupManagerConstants: getFullBackupIntervalMilliseconds(...) returns 86400000
05-23 05:30:05.398  1534  1534 V BackupManagerConstants: getFullBackupRequiredNetworkType(...) returns 2
05-23 05:30:05.398  1534  1534 V BackupManagerConstants: getFullBackupRequireCharging(...) returns true
05-23 05:30:05.408  1534  3219 D IntervalStats: Unable to parse usage stats packages: [349, 353, 356, 357, 361, 363, 364, 365, 367, 368, 370, 372, 373, 375, 376, 377, 378, 380, 383, 384, 385, 386, 387, 388, 389, 390, 391, 392, 394, 395, 397, 398, 399, 400, 404, 405, 406, 407, 408, 409, 410, 411, 412, 413, 414, 415, 416, 421, 422, 423, 426, 427, 428, 429, 430, 431, 432, 433, 434, 435, 437, 438, 439, 441, 442, 443, 444, 445, 446, 448, 449, 452, 453, 455, 457, 458, 459, 460, 461, 462, 465, 466, 467, 469, 470, 471, 473, 474, 475, 476, 477, 479, 480, 481, 482, 483, 484, 485, 486, 487, 488, 489, 491, 492, 494, 495, 498, 499, 500, 501, 503, 504, 505, 506, 507, 508, 509, 510, 511, 512, 513, 514, 515, 516, 517, 518, 519, 520, 521, 523, 525, 527, 528, 529, 530, 531, 532, 533, 534, 537, 542, 544, 545, 550, 551, 552, 554, 555, 556, 559, 560, 563, 564, 565, 566, 567, 568, 570, 571, 573, 574, 575, 577, 578, 580, 581, 582, 585, 586, 587, 588, 589, 590, 591, 594, 596, 597, 598, 600, 602, 603, 605, 606, 607, 609, 610, 613, 614, 615, 616, 617, 618, 619, 620, 621, 622, 623, 624, 625, 627, 629, 630, 631, 634, 636, 638, 642, 643, 644, 645, 646, 648, 649, 650, 653, 654, 656, 657, 658, 659, 662, 663, 665, 666, 667, 668, 669, 670, 671, 672, 674, 675, 676, 677, 678, 680, 681, 682, 683, 684]
05-23 05:30:05.520  1534  1534 I Telecom : DefaultDialerCache: Refreshing default dialer for user 0: now com.google.android.dialer: DDC.oR@IH4
05-23 05:30:05.528  1534  1666 D CompanionDeviceManagerService: onPackageModified(packageName = com.knowz.mobleapp)
05-23 05:30:05.608  1534  1686 W PackageManager: Failed registering loading progress callback. Package is fully loaded.
05-23 05:30:05.717  1534  1710 E VerityUtils: Failed to measure fs-verity, errno 1: /data/app/~~vR1r_Qwf26L9JAG5fTxPgw==/com.knowz.mobleapp-fLvAwHHrLfCDh4GLJKcrfg==/base.apk
05-23 05:30:05.821  1534  2347 W ActivityManager: Unable to start service Intent { act=com.motorola.intent.action.EXPERIENCE cmp=com.motorola.help/com.motorola.feedback.logrequest.service.LogCollectionService } U=0: not found
05-23 05:30:06.427  1534  4028 D JobScheduler: Enqueueing job: (job:-300/com.google.android.providers.media.module/com.android.providers.media.MediaService) work: JobWorkItem{id=0 intent=Intent { act=android.intent.action.PACKAGE_DATA_CLEARED dat=package:com.knowz.mobleapp flg=0x1000010 cmp=com.google.android.providers.media.module/com.android.providers.media.MediaService (has extras) }}
05-23 05:30:06.499  1534  2347 I ActivityManager: Background started FGS: Allowed [callingPackage: com.google.android.apps.wellbeing; callingUid: 10153; uidState: BTOP; intent: Intent { cmp=com.google.android.apps.wellbeing/com.google.apps.tiktok.concurrent.InternalForegroundService (has extras) }; code:BACKGROUND_ACTIVITY_PERMISSION; tempAllowListReason:<null>; targetSdkVersion:34; callerTargetSdkVersion:34; startForegroundCount:0; bindFromPackage:null]
05-23 05:30:06.501  1534  2347 D CompatibilityChangeReporter: Compat change id reported: 168419799; UID 10153; state: DISABLED
05-23 05:30:06.502  1534  6214 W BroadcastQueue: Background execution not allowed: receiving Intent { act=android.intent.action.PACKAGE_ADDED dat=package:com.knowz.mobleapp flg=0x4000010 (has extras) } to com.google.android.packageinstaller/com.android.packageinstaller.PackageInstalledReceiver
05-23 05:30:06.513  1534  1687 W BroadcastQueue: Background execution not allowed: receiving Intent { act=android.intent.action.PACKAGE_ADDED dat=package:com.knowz.mobleapp flg=0x4000010 (has extras) } to com.android.vending/com.google.android.finsky.packagemonitor.impl.PackageMonitorReceiverImpl$RegisteredReceiver
05-23 05:30:06.513  1534  1687 W BroadcastQueue: Background execution not allowed: receiving Intent { act=android.intent.action.PACKAGE_ADDED dat=package:com.knowz.mobleapp flg=0x4000010 (has extras) } to com.android.vending/com.google.android.finsky.packagemonitor.backgroundimpl.BackgroundPackageMonitorReceiverImpl$RegisteredReceiver
05-23 05:30:06.513  1534  1687 W BroadcastQueue: Background execution not allowed: receiving Intent { act=android.intent.action.PACKAGE_ADDED dat=package:com.knowz.mobleapp flg=0x4000010 (has extras) } to com.google.android.apps.nbu.files/.documentbrowser.browselanding.rootcontainerlist.receiver.PackageChangeReceiver_Receiver
05-23 05:30:06.514  1534  1687 W BroadcastQueue: Background execution not allowed: receiving Intent { act=android.intent.action.PACKAGE_ADDED dat=package:com.knowz.mobleapp flg=0x4000010 (has extras) } to com.google.android.gms/.chimera.GmsIntentOperationService$PersistentTrustedReceiver
05-23 05:30:06.514  1534  1687 W BroadcastQueue: Background execution not allowed: receiving Intent { act=android.intent.action.PACKAGE_ADDED dat=package:com.knowz.mobleapp flg=0x4000010 (has extras) } to com.google.android.gms/.games.chimera.GamesSystemBroadcastReceiverProxy
05-23 05:30:06.514  1534  1687 W BroadcastQueue: Background execution not allowed: receiving Intent { act=android.intent.action.PACKAGE_ADDED dat=package:com.knowz.mobleapp flg=0x4000010 (has extras) } to com.google.android.gms/.gass.chimera.PackageChangeBroadcastReceiver
05-23 05:30:06.514  1534  1687 W BroadcastQueue: Background execution not allowed: receiving Intent { act=android.intent.action.PACKAGE_ADDED dat=package:com.knowz.mobleapp flg=0x4000010 (has extras) } to com.verizon.loginengine.unbranded/com.verizon.vzwavs.AVSSystemReceiver
05-23 05:30:06.515  1534  1687 W BroadcastQueue: Background execution not allowed: receiving Intent { act=android.intent.action.PACKAGE_ADDED dat=package:com.knowz.mobleapp flg=0x4000010 (has extras) } to com.facebook.katana/com.facebook.feed.platformads.AppInstallReceiver
05-23 05:30:06.529  1534  1687 W BroadcastQueue: Background execution not allowed: receiving Intent { act=android.intent.action.PACKAGE_ADDED dat=package:com.knowz.mobleapp flg=0x4000010 (has extras) } to com.zhiliaoapp.musically/com.ss.android.common.applog.HotsoonReceiver
05-23 05:30:06.531  1534  1687 D CompatibilityChangeReporter: Compat change id reported: 168419799; UID 10317; state: DISABLED
05-23 05:30:06.550  1534  6214 D CompatibilityChangeReporter: Compat change id reported: 135634846; UID 10101; state: DISABLED
05-23 05:30:06.550  1534  6214 D CompatibilityChangeReporter: Compat change id reported: 177438394; UID 10101; state: DISABLED
05-23 05:30:06.550  1534  6214 D CompatibilityChangeReporter: Compat change id reported: 135772972; UID 10101; state: DISABLED
05-23 05:30:06.550  1534  6214 D CompatibilityChangeReporter: Compat change id reported: 135754954; UID 10101; state: ENABLED
05-23 05:30:06.550  1534  1688 D CompatibilityChangeReporter: Compat change id reported: 143937733; UID 10101; state: ENABLED
05-23 05:30:06.563  1534  1688 I ActivityManager: Start proc 16868:com.android.soundpicker/u0a101 for broadcast {com.android.soundpicker/com.android.soundpicker.PreloadedRROInit}
05-23 05:30:06.652  1534  2347 D IntervalStats: Unable to parse usage stats packages: [349, 353, 356, 357, 361, 363, 364, 365, 367, 368, 370, 372, 373, 375, 376, 377, 378, 380, 383, 384, 385, 386, 387, 388, 389, 390, 391, 392, 394, 395, 397, 398, 399, 400, 404, 405, 406, 407, 408, 409, 410, 411, 412, 413, 414, 415, 416, 421, 422, 423, 426, 427, 428, 429, 430, 431, 432, 433, 434, 435, 437, 438, 439, 441, 442, 443, 444, 445, 446, 448, 449, 452, 453, 455, 457, 458, 459, 460, 461, 462, 465, 466, 467, 469, 470, 471, 473, 474, 475, 476, 477, 479, 480, 481, 482, 483, 484, 485, 486, 487, 488, 489, 491, 492, 494, 495, 498, 499, 500, 501, 503, 504, 505, 506, 507, 508, 509, 510, 511, 512, 513, 514, 515, 516, 517, 518, 519, 520, 521, 523, 525, 527, 528, 529, 530, 531, 532, 533, 534, 537, 542, 544, 545, 550, 551, 552, 554, 555, 556, 559, 560, 563, 564, 565, 566, 567, 568, 570, 571, 573, 574, 575, 577, 578, 580, 581, 582, 585, 586, 587, 588, 589, 590, 591, 594, 596, 597, 598, 600, 602, 603, 605, 606, 607, 609, 610, 613, 614, 615, 616, 617, 618, 619, 620, 621, 622, 623, 624, 625, 627, 629, 630, 631, 634, 636, 638, 642, 643, 644, 645, 646, 648, 649, 650, 653, 654, 656, 657, 658, 659, 662, 663, 665, 666, 667, 668, 669, 670, 671, 672, 674, 675, 676, 677, 678, 680, 681, 682, 683, 684]
05-23 05:30:06.709  1534  6214 D CompatibilityChangeReporter: Compat change id reported: 168419799; UID 10166; state: DISABLED
05-23 05:30:06.720  1534  1534 I NotificationService: Cannot find enqueued record for key: 0|com.google.android.apps.wellbeing|174344743|null|10153
05-23 05:30:44.399  1534  1534 W Looper  : Slow dispatch took 139ms main h=com.android.server.job.JobSchedulerService$JobHandler c=null m=1
05-23 05:30:55.995  1534  2351 I ActivityTaskManager: START u0 {act=android.intent.action.VIEW dat=exp+knowzapp://expo-development-client/?url=http://192.168.1.9:8081 flg=0x10000000 cmp=com.knowz.mobleapp/.MainActivity} from uid 2000
05-23 05:30:56.002  1534  2351 D ActivityTaskManager: getPreferredLaunchDisplay userset_displayid false user set display id -1, current display id -1, current focus display 0
05-23 05:30:56.002  1534  2351 D ActivityTaskManager: getPreferredLaunchDisplay userset_displayid false user set display id -1, current display id -1, current focus display 0
05-23 05:30:56.003  1534  2351 W ActivityTaskManager: Can't find TaskDisplayArea to determine support for multi window. Task id=2159 attached=false
05-23 05:30:56.017  1534  2351 D ActivityTaskManager: getPreferredLaunchDisplay userset_displayid false user set display id 0, current display id -1, current focus display 0
05-23 05:30:56.018  1534  2351 D CompatibilityChangeReporter: Compat change id reported: 174042980; UID 10825; state: DISABLED
05-23 05:30:56.019  1534  2351 D CompatibilityChangeReporter: Compat change id reported: 184838306; UID 10825; state: DISABLED
05-23 05:30:56.020  1534  2351 D CompatibilityChangeReporter: Compat change id reported: 185004937; UID 10825; state: DISABLED
05-23 05:30:56.022  1534  2351 D CompatibilityChangeReporter: Compat change id reported: 181136395; UID 10825; state: DISABLED
05-23 05:30:56.023  1534  2351 D CompatibilityChangeReporter: Compat change id reported: 174042936; UID 10825; state: DISABLED
05-23 05:30:56.049  1534  1669 D CompatibilityChangeReporter: Compat change id reported: 135634846; UID 10825; state: DISABLED
