05-23 05:52:39.137  1534  1688 D CompatibilityChangeReporter: Compat change id reported: 143937733; UID 10238; state: ENABLED
05-23 05:52:39.150  1534  3181 I ActivityManager: appDiedLocked: app=ProcessRecord{e49b22f 18492:com.android.chrome:sandboxed_process0:org.chromium.content.app.SandboxedProcessService0:2/u0a238i-8998} thread=android.os.BinderProxy@71a7b79 fromBinderDied=true isKilledByAm=true reason=null
05-23 05:52:39.179  1534  1688 I ActivityManager: Start proc 18513:com.android.chrome:sandboxed_process0:org.chromium.content.app.SandboxedProcessService0:3/u0ai3 for  {com.android.chrome/org.chromium.content.app.SandboxedProcessService0:3}
05-23 05:52:39.312  1534  3181 I ActivityManager: Killing 18513:com.android.chrome:sandboxed_process0:org.chromium.content.app.SandboxedProcessService0:3/u0a238i-8997 (adj 0, setSvc -10000): isolated not needed
05-23 05:52:39.345  1534  3181 I ActivityManager: appDiedLocked: app=ProcessRecord{8a0ff72 18513:com.android.chrome:sandboxed_process0:org.chromium.content.app.SandboxedProcessService0:3/u0a238i-8997} thread=android.os.BinderProxy@1d3543b fromBinderDied=true isKilledByAm=true reason=null
05-23 05:53:08.782  1534  1534 D CompatibilityChangeReporter: Compat change id reported: 135634846; UID 10220; state: DISABLED
05-23 05:53:08.782  1534  1534 D CompatibilityChangeReporter: Compat change id reported: 177438394; UID 10220; state: DISABLED
05-23 05:53:08.782  1534  1534 D CompatibilityChangeReporter: Compat change id reported: 135772972; UID 10220; state: DISABLED
05-23 05:53:08.782  1534  1534 D CompatibilityChangeReporter: Compat change id reported: 135754954; UID 10220; state: ENABLED
05-23 05:53:08.782  1534  1688 D CompatibilityChangeReporter: Compat change id reported: 143937733; UID 10220; state: ENABLED
05-23 05:53:08.842  1534  1688 W ActivityManager: Slow operation: 61ms so far, now at startProcess: done updating battery stats
05-23 05:53:08.842  1534  1688 W ActivityManager: Slow operation: 61ms so far, now at startProcess: building log message
05-23 05:53:08.842  1534  1688 I ActivityManager: Start proc 18547:com.google.android.youtube/u0a220 for service {com.google.android.youtube/androidx.work.impl.background.systemjob.SystemJobService}
05-23 05:53:08.842  1534  1688 W ActivityManager: Slow operation: 61ms so far, now at startProcess: starting to update pids map
05-23 05:53:08.842  1534  1688 W ActivityManager: Slow operation: 61ms so far, now at startProcess: done updating pids map
05-23 05:53:08.884  1534  4031 D CompatibilityChangeReporter: Compat change id reported: 168419799; UID 10220; state: DISABLED
05-23 05:53:09.314  1534  1687 W BroadcastQueue: Permission Denial: broadcasting Intent { act=android.net.conn.CONNECTIVITY_CHANGE flg=0x4200010 (has extras) } from null (pid=-1, uid=-1) requires com.google.android.youtube.DYNAMIC_RECEIVER_NOT_EXPORTED_PERMISSION due to registered receiver BroadcastFilter{2b1492c 10220/u0 ReceiverList{360e8df 18547 com.google.android.youtube/10220/u0 remote:29f3b7e}}
05-23 05:53:09.604  1534  4031 D CompatibilityChangeReporter: Compat change id reported: 135634846; UID 10163; state: DISABLED
05-23 05:53:09.604  1534  4031 D CompatibilityChangeReporter: Compat change id reported: 177438394; UID 10163; state: DISABLED
05-23 05:53:09.605  1534  4031 D CompatibilityChangeReporter: Compat change id reported: 135772972; UID 10163; state: DISABLED
05-23 05:53:09.605  1534  4031 D CompatibilityChangeReporter: Compat change id reported: 135754954; UID 10163; state: ENABLED
05-23 05:53:09.605  1534  1688 D CompatibilityChangeReporter: Compat change id reported: 143937733; UID 10163; state: ENABLED
05-23 05:53:09.615  1534  1688 I ActivityManager: Start proc 18660:com.google.android.gms.unstable/u0a163 for service {com.google.android.gms/com.google.android.gms.droidguard.DroidGuardService}
05-23 05:53:11.398  1534  3196 D CompatibilityChangeReporter: Compat change id reported: 135634846; UID 10238; state: DISABLED
05-23 05:53:11.399  1534  1688 D CompatibilityChangeReporter: Compat change id reported: 143937733; UID 10238; state: ENABLED
05-23 05:53:11.600  1534  1688 W ActivityManager: Slow operation: 202ms so far, now at startProcess: returned from zygote!
05-23 05:53:11.600  1534  1688 W ActivityManager: Slow operation: 202ms so far, now at startProcess: done updating battery stats
05-23 05:53:11.601  1534  1688 W ActivityManager: Slow operation: 203ms so far, now at startProcess: building log message
05-23 05:53:11.601  1534  1688 I ActivityManager: Start proc 18776:com.android.chrome:sandboxed_process0:org.chromium.content.app.SandboxedProcessService0:4/u0ai0 for  {com.android.chrome/org.chromium.content.app.SandboxedProcessService0:4}
05-23 05:53:11.601  1534  1688 W ActivityManager: Slow operation: 203ms so far, now at startProcess: starting to update pids map
05-23 05:53:11.601  1534  1688 W ActivityManager: Slow operation: 203ms so far, now at startProcess: done updating pids map
05-23 05:53:11.660  1534  3981 D CompatibilityChangeReporter: Compat change id reported: 135634846; UID 10238; state: DISABLED
05-23 05:53:11.660  1534  1688 D CompatibilityChangeReporter: Compat change id reported: 143937733; UID 10238; state: ENABLED
05-23 05:53:11.682  1534  1688 I ActivityManager: Start proc 18793:com.android.chrome:privileged_process0/u0a238 for service {com.android.chrome/org.chromium.content.app.PrivilegedProcessService0}
05-23 05:53:15.140  1534  1534 W NotificationHistory: Attempted to add notif for locked/gone/disabled user 0
05-23 05:53:15.213  1534  1534 W NotificationHistory: Attempted to add notif for locked/gone/disabled user 0
05-23 05:53:15.233  1534  1534 W NotificationHistory: Attempted to add notif for locked/gone/disabled user 0
05-23 05:53:15.283  1534  1534 W NotificationHistory: Attempted to add notif for locked/gone/disabled user 0
05-23 05:53:15.317  1534  1534 W NotificationHistory: Attempted to add notif for locked/gone/disabled user 0
05-23 05:53:15.364  1534  1534 W NotificationHistory: Attempted to add notif for locked/gone/disabled user 0
05-23 05:53:15.378  1534  1534 W NotificationHistory: Attempted to add notif for locked/gone/disabled user 0
05-23 05:53:15.417  1534  1534 W NotificationHistory: Attempted to add notif for locked/gone/disabled user 0
05-23 05:53:15.454  1534  1534 W NotificationHistory: Attempted to add notif for locked/gone/disabled user 0
05-23 05:53:15.507  1534  1534 W NotificationHistory: Attempted to add notif for locked/gone/disabled user 0
05-23 05:53:15.530  1534  1534 W NotificationHistory: Attempted to add notif for locked/gone/disabled user 0
05-23 05:53:15.554  1534  1534 W NotificationHistory: Attempted to add notif for locked/gone/disabled user 0
05-23 05:53:15.598  1534  1534 W NotificationHistory: Attempted to add notif for locked/gone/disabled user 0
05-23 05:53:15.619  1534  1534 W NotificationHistory: Attempted to add notif for locked/gone/disabled user 0
05-23 05:53:15.652  1534  1534 W NotificationHistory: Attempted to add notif for locked/gone/disabled user 0
05-23 05:53:15.668  1534  1534 W NotificationHistory: Attempted to add notif for locked/gone/disabled user 0
05-23 05:53:15.709  1534  1534 W NotificationHistory: Attempted to add notif for locked/gone/disabled user 0
05-23 05:53:15.725  1534  1534 W NotificationHistory: Attempted to add notif for locked/gone/disabled user 0
05-23 05:53:15.752  1534  1534 W NotificationHistory: Attempted to add notif for locked/gone/disabled user 0
05-23 05:53:15.780  1534  1534 W NotificationHistory: Attempted to add notif for locked/gone/disabled user 0
05-23 05:53:15.838  1534  1534 W NotificationHistory: Attempted to add notif for locked/gone/disabled user 0
05-23 05:53:15.873  1534  1534 W NotificationHistory: Attempted to add notif for locked/gone/disabled user 0
05-23 05:53:15.895  1534  1534 W NotificationHistory: Attempted to add notif for locked/gone/disabled user 0
05-23 05:53:15.936  1534  1534 W NotificationHistory: Attempted to add notif for locked/gone/disabled user 0
05-23 05:53:15.967  1534  1534 W NotificationHistory: Attempted to add notif for locked/gone/disabled user 0
05-23 05:53:16.007  1534  1534 W NotificationHistory: Attempted to add notif for locked/gone/disabled user 0
05-23 05:53:16.027  1534  1534 W NotificationHistory: Attempted to add notif for locked/gone/disabled user 0
05-23 05:53:16.074  1534  1534 W NotificationHistory: Attempted to add notif for locked/gone/disabled user 0
05-23 05:53:16.094  1534  1534 W NotificationHistory: Attempted to add notif for locked/gone/disabled user 0
05-23 05:53:16.132  1534  1534 W NotificationHistory: Attempted to add notif for locked/gone/disabled user 0
05-23 05:53:16.161  1534  1534 W NotificationHistory: Attempted to add notif for locked/gone/disabled user 0
05-23 05:53:16.214  1534  1534 W NotificationHistory: Attempted to add notif for locked/gone/disabled user 0
05-23 05:53:16.271  1534  1534 W NotificationHistory: Attempted to add notif for locked/gone/disabled user 0
05-23 05:53:16.331  1534  1534 W NotificationHistory: Attempted to add notif for locked/gone/disabled user 0
05-23 05:53:16.343  1534  1534 W NotificationHistory: Attempted to add notif for locked/gone/disabled user 0
05-23 05:53:16.377  1534  1534 W NotificationHistory: Attempted to add notif for locked/gone/disabled user 0
05-23 05:53:16.407  1534  1534 W NotificationHistory: Attempted to add notif for locked/gone/disabled user 0
05-23 05:53:16.475  1534  1534 W NotificationHistory: Attempted to add notif for locked/gone/disabled user 0
05-23 05:53:16.478  1534  4032 I ActivityManager: Killing 17064:com.google.android.webview:webview_service/u0a224 (adj 975, setSvc -10000): empty #25
05-23 05:53:16.488  1534  1534 W NotificationHistory: Attempted to add notif for locked/gone/disabled user 0
05-23 05:53:16.501  1534  3981 I ActivityManager: appDiedLocked: app=ProcessRecord{7f5e4c6 17064:com.google.android.webview:webview_service/u0a224} thread=android.os.BinderProxy@3c1f9f4 fromBinderDied=true isKilledByAm=true reason=null
05-23 05:53:16.576  1534  1534 W NotificationHistory: Attempted to add notif for locked/gone/disabled user 0
05-23 05:53:16.600  1534  1534 W NotificationHistory: Attempted to add notif for locked/gone/disabled user 0
05-23 05:53:16.632  1534  1534 W NotificationHistory: Attempted to add notif for locked/gone/disabled user 0
05-23 05:53:21.735  1534  1534 W NotificationHistory: Attempted to add notif for locked/gone/disabled user 0
05-23 05:53:21.788  1534  1534 W NotificationHistory: Attempted to add notif for locked/gone/disabled user 0
05-23 05:53:21.832  1534  1534 W NotificationHistory: Attempted to add notif for locked/gone/disabled user 0
05-23 05:53:21.862  1534  1534 W NotificationHistory: Attempted to add notif for locked/gone/disabled user 0
05-23 05:53:21.916  1534  1534 W NotificationHistory: Attempted to add notif for locked/gone/disabled user 0
05-23 05:53:21.954  1534  1534 W NotificationHistory: Attempted to add notif for locked/gone/disabled user 0
05-23 05:53:21.982  1534  1534 W NotificationHistory: Attempted to add notif for locked/gone/disabled user 0
05-23 05:53:22.025  1534  1534 W NotificationHistory: Attempted to add notif for locked/gone/disabled user 0
05-23 05:53:22.045  1534  1534 W NotificationHistory: Attempted to add notif for locked/gone/disabled user 0
05-23 05:53:22.075  1534  1534 W NotificationHistory: Attempted to add notif for locked/gone/disabled user 0
05-23 05:53:22.104  1534  1534 W NotificationHistory: Attempted to add notif for locked/gone/disabled user 0
05-23 05:53:22.144  1534  1534 W NotificationHistory: Attempted to add notif for locked/gone/disabled user 0
05-23 05:53:22.180  1534  1534 W NotificationHistory: Attempted to add notif for locked/gone/disabled user 0
05-23 05:53:22.215  1534  1534 W NotificationHistory: Attempted to add notif for locked/gone/disabled user 0
05-23 05:53:22.240  1534  1534 W NotificationHistory: Attempted to add notif for locked/gone/disabled user 0
05-23 05:53:22.274  1534  1534 W NotificationHistory: Attempted to add notif for locked/gone/disabled user 0
05-23 05:53:22.302  1534  1534 W NotificationHistory: Attempted to add notif for locked/gone/disabled user 0
05-23 05:53:22.346  1534  1534 W NotificationHistory: Attempted to add notif for locked/gone/disabled user 0
05-23 05:53:22.373  1534  1534 W NotificationHistory: Attempted to add notif for locked/gone/disabled user 0
05-23 05:53:22.402  1534  1534 W NotificationHistory: Attempted to add notif for locked/gone/disabled user 0
05-23 05:53:22.424  1534  1534 W NotificationHistory: Attempted to add notif for locked/gone/disabled user 0
05-23 05:53:22.462  1534  1534 W NotificationHistory: Attempted to add notif for locked/gone/disabled user 0
05-23 05:53:22.488  1534  1534 W NotificationHistory: Attempted to add notif for locked/gone/disabled user 0
05-23 05:53:22.509  1534  1534 W NotificationHistory: Attempted to add notif for locked/gone/disabled user 0
05-23 05:53:22.536  1534  1534 W NotificationHistory: Attempted to add notif for locked/gone/disabled user 0
05-23 05:53:22.582  1534  1534 W NotificationHistory: Attempted to add notif for locked/gone/disabled user 0
05-23 05:53:22.609  1534  1534 W NotificationHistory: Attempted to add notif for locked/gone/disabled user 0
05-23 05:53:22.641  1534  1534 W NotificationHistory: Attempted to add notif for locked/gone/disabled user 0
05-23 05:53:22.693  1534  1534 W NotificationHistory: Attempted to add notif for locked/gone/disabled user 0
05-23 05:53:22.704  1534  1534 W NotificationHistory: Attempted to add notif for locked/gone/disabled user 0
05-23 05:53:22.724  1534  1534 W NotificationHistory: Attempted to add notif for locked/gone/disabled user 0
05-23 05:53:22.764  1534  1534 W NotificationHistory: Attempted to add notif for locked/gone/disabled user 0
05-23 05:53:22.798  1534  1534 W NotificationHistory: Attempted to add notif for locked/gone/disabled user 0
05-23 05:53:22.827  1534  1534 W NotificationHistory: Attempted to add notif for locked/gone/disabled user 0
05-23 05:53:22.875  1534  1534 W NotificationHistory: Attempted to add notif for locked/gone/disabled user 0
05-23 05:53:22.943  1534  1534 W NotificationHistory: Attempted to add notif for locked/gone/disabled user 0
05-23 05:53:22.999  1534  1534 W NotificationHistory: Attempted to add notif for locked/gone/disabled user 0
05-23 05:53:23.033  1534  1534 W NotificationHistory: Attempted to add notif for locked/gone/disabled user 0
05-23 05:53:23.063  1534  1534 W NotificationHistory: Attempted to add notif for locked/gone/disabled user 0
05-23 05:53:23.100  1534  1534 W NotificationHistory: Attempted to add notif for locked/gone/disabled user 0
05-23 05:53:23.126  1534  1534 W NotificationHistory: Attempted to add notif for locked/gone/disabled user 0
05-23 05:54:10.005  1534  4268 I ActivityManager: Killing 17206:com.google.android.cellbroadcastreceiver/u0a290 (adj 975, setSvc -10000): empty #25
05-23 05:54:10.031  1534  4268 I ActivityManager: appDiedLocked: app=ProcessRecord{9580cb1 17206:com.google.android.cellbroadcastreceiver/u0a290} thread=android.os.BinderProxy@9248f4c fromBinderDied=true isKilledByAm=true reason=null
05-23 05:54:10.059  1534  4268 I ActivityManager: Killing 17183:com.motorola.screenshoteditor/u0a150 (adj 985, setSvc -10000): empty #25
05-23 05:54:10.090  1534  2022 I ActivityManager: appDiedLocked: app=ProcessRecord{4990c40 17183:com.motorola.screenshoteditor/u0a150} thread=android.os.BinderProxy@67a1c11 fromBinderDied=true isKilledByAm=true reason=null
05-23 05:54:39.624  1534  1687 D CompatibilityChangeReporter: Compat change id reported: 168419799; UID 10730; state: DISABLED
05-23 05:55:28.844  1534  1534 W NotificationHistory: Attempted to add notif for locked/gone/disabled user 0
05-23 05:55:28.860  1534  1534 W NotificationHistory: Attempted to add notif for locked/gone/disabled user 0
05-23 05:55:28.890  1534  1534 W NotificationHistory: Attempted to add notif for locked/gone/disabled user 0
05-23 05:55:28.955  1534  1534 W NotificationHistory: Attempted to add notif for locked/gone/disabled user 0
05-23 05:55:28.976  1534  1534 W NotificationHistory: Attempted to add notif for locked/gone/disabled user 0
05-23 05:55:29.085  1534  1534 W NotificationHistory: Attempted to add notif for locked/gone/disabled user 0
05-23 05:55:29.103  1534  1534 W NotificationHistory: Attempted to add notif for locked/gone/disabled user 0
05-23 05:55:29.164  1534  1534 W NotificationHistory: Attempted to add notif for locked/gone/disabled user 0
05-23 05:55:29.176  1534  1534 W NotificationHistory: Attempted to add notif for locked/gone/disabled user 0
05-23 05:55:29.215  1534  1534 W NotificationHistory: Attempted to add notif for locked/gone/disabled user 0
05-23 05:55:29.239  1534  1534 W NotificationHistory: Attempted to add notif for locked/gone/disabled user 0
05-23 05:55:29.282  1534  1534 W NotificationHistory: Attempted to add notif for locked/gone/disabled user 0
05-23 05:55:29.311  1534  1534 W NotificationHistory: Attempted to add notif for locked/gone/disabled user 0
05-23 05:55:29.358  1534  1534 W NotificationHistory: Attempted to add notif for locked/gone/disabled user 0
05-23 05:55:29.395  1534  1534 W NotificationHistory: Attempted to add notif for locked/gone/disabled user 0
05-23 05:55:29.432  1534  1534 W NotificationHistory: Attempted to add notif for locked/gone/disabled user 0
05-23 05:55:29.455  1534  1534 W NotificationHistory: Attempted to add notif for locked/gone/disabled user 0
05-23 05:55:29.512  1534  1534 W NotificationHistory: Attempted to add notif for locked/gone/disabled user 0
05-23 05:55:29.522  1534  1534 W NotificationHistory: Attempted to add notif for locked/gone/disabled user 0
05-23 05:55:29.556  1534  1534 W NotificationHistory: Attempted to add notif for locked/gone/disabled user 0
05-23 05:55:29.591  1534  1534 W NotificationHistory: Attempted to add notif for locked/gone/disabled user 0
05-23 05:55:29.628  1534  1534 W NotificationHistory: Attempted to add notif for locked/gone/disabled user 0
05-23 05:55:29.664  1534  1534 W NotificationHistory: Attempted to add notif for locked/gone/disabled user 0
05-23 05:55:29.711  1534  1534 W NotificationHistory: Attempted to add notif for locked/gone/disabled user 0
05-23 05:55:29.735  1534  1534 W NotificationHistory: Attempted to add notif for locked/gone/disabled user 0
05-23 05:55:29.789  1534  1534 W NotificationHistory: Attempted to add notif for locked/gone/disabled user 0
05-23 05:55:29.819  1534  1534 W NotificationHistory: Attempted to add notif for locked/gone/disabled user 0
05-23 05:55:29.861  1534  1534 W NotificationHistory: Attempted to add notif for locked/gone/disabled user 0
05-23 05:55:29.888  1534  1534 W NotificationHistory: Attempted to add notif for locked/gone/disabled user 0
05-23 05:55:29.936  1534  1534 W NotificationHistory: Attempted to add notif for locked/gone/disabled user 0
05-23 05:55:29.949  1534  1534 W NotificationHistory: Attempted to add notif for locked/gone/disabled user 0
05-23 05:55:29.990  1534  1534 W NotificationHistory: Attempted to add notif for locked/gone/disabled user 0
05-23 05:55:30.029  1534  1534 W NotificationHistory: Attempted to add notif for locked/gone/disabled user 0
05-23 05:55:30.059  1534  1534 W NotificationHistory: Attempted to add notif for locked/gone/disabled user 0
05-23 05:55:30.127  1534  1534 W NotificationHistory: Attempted to add notif for locked/gone/disabled user 0
05-23 05:55:30.147  1534  1534 W NotificationHistory: Attempted to add notif for locked/gone/disabled user 0
05-23 05:55:30.201  1534  1534 W NotificationHistory: Attempted to add notif for locked/gone/disabled user 0
05-23 05:55:30.241  1534  1534 W NotificationHistory: Attempted to add notif for locked/gone/disabled user 0
05-23 05:55:30.278  1534  1534 W NotificationHistory: Attempted to add notif for locked/gone/disabled user 0
05-23 05:55:30.331  1534  1534 W NotificationHistory: Attempted to add notif for locked/gone/disabled user 0
05-23 05:55:30.360  1534  1534 W NotificationHistory: Attempted to add notif for locked/gone/disabled user 0
05-23 05:55:30.387  1534  1534 W NotificationHistory: Attempted to add notif for locked/gone/disabled user 0
05-23 05:55:36.087  1534  1534 W NotificationHistory: Attempted to add notif for locked/gone/disabled user 0
05-23 05:55:36.154  1534  1534 W NotificationHistory: Attempted to add notif for locked/gone/disabled user 0
05-23 05:55:36.188  1534  1534 W NotificationHistory: Attempted to add notif for locked/gone/disabled user 0
05-23 05:55:36.294  1534  1534 W NotificationHistory: Attempted to add notif for locked/gone/disabled user 0
05-23 05:55:36.319  1534  1534 W NotificationHistory: Attempted to add notif for locked/gone/disabled user 0
05-23 05:55:36.356  1534  1534 W NotificationHistory: Attempted to add notif for locked/gone/disabled user 0
05-23 05:55:36.376  1534  1534 W NotificationHistory: Attempted to add notif for locked/gone/disabled user 0
05-23 05:55:36.425  1534  1534 W NotificationHistory: Attempted to add notif for locked/gone/disabled user 0
05-23 05:55:36.445  1534  1534 W NotificationHistory: Attempted to add notif for locked/gone/disabled user 0
05-23 05:55:36.484  1534  1534 W NotificationHistory: Attempted to add notif for locked/gone/disabled user 0
05-23 05:55:36.503  1534  1534 W NotificationHistory: Attempted to add notif for locked/gone/disabled user 0
05-23 05:55:36.530  1534  1534 W NotificationHistory: Attempted to add notif for locked/gone/disabled user 0
05-23 05:55:36.565  1534  1534 W NotificationHistory: Attempted to add notif for locked/gone/disabled user 0
05-23 05:55:36.593  1534  1534 W NotificationHistory: Attempted to add notif for locked/gone/disabled user 0
05-23 05:55:36.614  1534  1534 W NotificationHistory: Attempted to add notif for locked/gone/disabled user 0
05-23 05:55:36.661  1534  1534 W NotificationHistory: Attempted to add notif for locked/gone/disabled user 0
05-23 05:55:36.679  1534  1534 W NotificationHistory: Attempted to add notif for locked/gone/disabled user 0
05-23 05:55:36.723  1534  1534 W NotificationHistory: Attempted to add notif for locked/gone/disabled user 0
05-23 05:55:36.744  1534  1534 W NotificationHistory: Attempted to add notif for locked/gone/disabled user 0
05-23 05:55:36.780  1534  1534 W NotificationHistory: Attempted to add notif for locked/gone/disabled user 0
05-23 05:55:36.816  1534  1534 W NotificationHistory: Attempted to add notif for locked/gone/disabled user 0
05-23 05:55:36.856  1534  1534 W NotificationHistory: Attempted to add notif for locked/gone/disabled user 0
05-23 05:55:36.877  1534  1534 W NotificationHistory: Attempted to add notif for locked/gone/disabled user 0
05-23 05:55:36.909  1534  1534 W NotificationHistory: Attempted to add notif for locked/gone/disabled user 0
05-23 05:55:36.940  1534  1534 W NotificationHistory: Attempted to add notif for locked/gone/disabled user 0
05-23 05:55:36.963  1534  1534 W NotificationHistory: Attempted to add notif for locked/gone/disabled user 0
05-23 05:55:36.992  1534  1534 W NotificationHistory: Attempted to add notif for locked/gone/disabled user 0
05-23 05:55:37.031  1534  1534 W NotificationHistory: Attempted to add notif for locked/gone/disabled user 0
05-23 05:55:37.053  1534  1534 W NotificationHistory: Attempted to add notif for locked/gone/disabled user 0
05-23 05:55:37.097  1534  1534 W NotificationHistory: Attempted to add notif for locked/gone/disabled user 0
05-23 05:55:37.130  1534  1534 W NotificationHistory: Attempted to add notif for locked/gone/disabled user 0
05-23 05:55:37.143  1534  1534 W NotificationHistory: Attempted to add notif for locked/gone/disabled user 0
05-23 05:55:37.190  1534  1534 W NotificationHistory: Attempted to add notif for locked/gone/disabled user 0
05-23 05:55:37.227  1534  1534 W NotificationHistory: Attempted to add notif for locked/gone/disabled user 0
05-23 05:55:37.276  1534  1534 W NotificationHistory: Attempted to add notif for locked/gone/disabled user 0
05-23 05:55:37.293  1534  1534 W NotificationHistory: Attempted to add notif for locked/gone/disabled user 0
05-23 05:55:37.359  1534  1534 W NotificationHistory: Attempted to add notif for locked/gone/disabled user 0
05-23 05:55:37.367  1534  1534 W NotificationHistory: Attempted to add notif for locked/gone/disabled user 0
05-23 05:55:37.385  1534  1534 W NotificationHistory: Attempted to add notif for locked/gone/disabled user 0
05-23 05:55:37.418  1534  1534 W NotificationHistory: Attempted to add notif for locked/gone/disabled user 0
05-23 05:55:37.459  1534  1534 W NotificationHistory: Attempted to add notif for locked/gone/disabled user 0
05-23 05:56:45.239  1534  2038 E MotoAITuneService: readCommaParameters: /sys/module/lowmemorykiller/parameters/lmk_count Not Found.
05-23 05:56:45.242  1534  1534 D CompatibilityChangeReporter: Compat change id reported: 135634846; UID 1000; state: DISABLED
05-23 05:56:45.242  1534  1534 D CompatibilityChangeReporter: Compat change id reported: 177438394; UID 1000; state: DISABLED
05-23 05:56:45.242  1534  1534 D CompatibilityChangeReporter: Compat change id reported: 135772972; UID 1000; state: DISABLED
05-23 05:56:45.242  1534  1534 D CompatibilityChangeReporter: Compat change id reported: 135754954; UID 1000; state: ENABLED
05-23 05:56:45.256  1534  1688 I ActivityManager: Start proc 18948:com.android.settings/1000 for aitune
05-23 05:56:47.480  1534  2038 I ActivityManager: Killing 17234:com.motorola.help/u0a179 (adj 915, setSvc -10000): empty #25
05-23 05:56:47.532  1534  2038 I ActivityManager: appDiedLocked: app=ProcessRecord{510a52c 17234:com.motorola.help/u0a179} thread=android.os.BinderProxy@923fa36 fromBinderDied=true isKilledByAm=true reason=null
05-23 05:58:29.573  1534  1534 D CompatibilityChangeReporter: Compat change id reported: 135634846; UID 10732; state: DISABLED
05-23 05:58:29.573  1534  1534 D CompatibilityChangeReporter: Compat change id reported: 177438394; UID 10732; state: DISABLED
05-23 05:58:29.573  1534  1534 D CompatibilityChangeReporter: Compat change id reported: 135772972; UID 10732; state: DISABLED
05-23 05:58:29.573  1534  1534 D CompatibilityChangeReporter: Compat change id reported: 135754954; UID 10732; state: ENABLED
05-23 05:58:29.574  1534  1688 D CompatibilityChangeReporter: Compat change id reported: 143937733; UID 10732; state: ENABLED
05-23 05:58:29.602  1534  1534 D CompatibilityChangeReporter: Compat change id reported: 135634846; UID 10192; state: DISABLED
05-23 05:58:29.603  1534  1534 D CompatibilityChangeReporter: Compat change id reported: 177438394; UID 10192; state: DISABLED
05-23 05:58:29.603  1534  1534 D CompatibilityChangeReporter: Compat change id reported: 135772972; UID 10192; state: DISABLED
05-23 05:58:29.603  1534  1534 D CompatibilityChangeReporter: Compat change id reported: 135754954; UID 10192; state: ENABLED
05-23 05:58:29.604  1534  1688 I ActivityManager: Start proc 19001:com.facebook.orca/u0a732 for service {com.facebook.orca/com.facebook.conditionalworker.LollipopConditionalWorkerService}
05-23 05:58:29.604  1534  1688 D CompatibilityChangeReporter: Compat change id reported: 143937733; UID 10192; state: ENABLED
05-23 05:58:29.626  1534  1688 I ActivityManager: Start proc 19008:com.google.android.apps.turbo:aab/u0a192 for service {com.google.android.apps.turbo/com.google.android.libraries.smartbattery.appusage.library.InferAppBucketsJob}
05-23 05:58:29.645  1534  2347 D CompatibilityChangeReporter: Compat change id reported: 168419799; UID 10732; state: DISABLED
05-23 05:58:29.667  1534  4032 D CompatibilityChangeReporter: Compat change id reported: 168419799; UID 10192; state: DISABLED
05-23 05:58:29.721  1534  1694 D KernelCpuUidUserSysTimeReader: Removing uids 90000-90000
05-23 05:58:29.722  1534  1694 D KernelCpuUidUserSysTimeReader: Removing uids 90001-90001
05-23 05:58:29.722  1534  1694 D KernelCpuUidUserSysTimeReader: Removing uids 90002-90002
05-23 05:58:29.723  1534  1694 D KernelCpuUidUserSysTimeReader: Removing uids 90003-90003
05-23 05:58:29.975  1534  2022 W ActivityManager: Background start not allowed: service Intent { cmp=com.facebook.orca/com.facebook.mqtt.service.MqttServiceV2 (has extras) } to com.facebook.orca/com.facebook.mqtt.service.MqttServiceV2 from pid=19001 uid=10732 pkg=com.facebook.orca startFg?=false
05-23 05:58:30.033  1534  3163 W ActivityManager: Background start not allowed: service Intent { cmp=com.facebook.orca/com.facebook.mqtt.service.MqttServiceV2 (has extras) } to com.facebook.orca/com.facebook.mqtt.service.MqttServiceV2 from pid=19001 uid=10732 pkg=com.facebook.orca startFg?=false
05-23 05:58:30.051  1534  3163 D CompatibilityChangeReporter: Compat change id reported: 171306433; UID 10155; state: ENABLED
05-23 05:58:30.242  1534  2022 I ActivityManager: Killing 7143:com.voicerecorder.audiorecorder.voicenote/u0a762 (adj 925, setSvc -10000): empty #25
05-23 05:58:30.275  1534  4032 D CompatibilityChangeReporter: Compat change id reported: 183164979; UID 10732; state: ENABLED
05-23 05:58:30.304  1534  4032 I ActivityManager: appDiedLocked: app=ProcessRecord{2381d74 7143:com.voicerecorder.audiorecorder.voicenote/u0a762} thread=android.os.BinderProxy@6813027 fromBinderDied=true isKilledByAm=true reason=null
05-23 05:58:30.613  1534  4032 D CompatibilityChangeReporter: Compat change id reported: 171306433; UID 10732; state: ENABLED
05-23 05:58:30.636  1534  4032 I ActivityManager: Killing 17508:com.motorola.moto/u0a182 (adj 975, setSvc -10000): empty #25
05-23 05:58:30.672  1534  4267 I ActivityManager: appDiedLocked: app=ProcessRecord{7b97eb9 17508:com.motorola.moto/u0a182} thread=android.os.BinderProxy@6bfece9 fromBinderDied=true isKilledByAm=true reason=null
05-23 05:58:34.195  1534  2022 W ActivityManager: Background start not allowed: service Intent { cmp=com.facebook.orca/com.facebook.mqtt.service.MqttServiceV2 (has extras) } to com.facebook.orca/com.facebook.mqtt.service.MqttServiceV2 from pid=19001 uid=10732 pkg=com.facebook.orca startFg?=false
05-23 05:58:34.520  1534  1687 W BroadcastQueue: Permission Denial: broadcasting Intent { act=android.net.conn.CONNECTIVITY_CHANGE flg=0x4200010 (has extras) } from null (pid=-1, uid=-1) requires com.facebook.permission.prod.FB_APP_COMMUNICATION due to registered receiver BroadcastFilter{ef3f7d0 10732/u0 ReceiverList{c845b93 19001 com.facebook.orca/10732/u0 remote:3fab882}}
05-23 05:58:34.643  1534  1864 D JobScheduler: Enqueueing job: (job:-1743238118/com.facebook.orca/com.facebook.messaging.livelocation.bindings.MessengerLiveLocationBooterService) work: JobWorkItem{id=0 intent=Intent { act=MAYBE_START_LIVE_LOCATION_SHARING_INTENT_ACTION cmp=com.facebook.orca/com.facebook.messaging.livelocation.bindings.MessengerLiveLocationInitializer }}
05-23 05:58:34.747  1534  1864 D CompatibilityChangeReporter: Compat change id reported: 182734110; UID 10732; state: ENABLED
05-23 05:58:50.129  1534  4267 D CompatibilityChangeReporter: Compat change id reported: 171306433; UID 1000; state: ENABLED
05-23 06:01:40.916  1534  2022 D CompatibilityChangeReporter: Compat change id reported: 171306433; UID 10163; state: ENABLED
05-23 06:01:41.010  1534  1687 D CompatibilityChangeReporter: Compat change id reported: 168419799; UID 10245; state: DISABLED
05-23 06:01:41.229  1534  1534 D CompatibilityChangeReporter: Compat change id reported: 135634846; UID 10294; state: DISABLED
05-23 06:01:41.229  1534  1534 D CompatibilityChangeReporter: Compat change id reported: 177438394; UID 10294; state: DISABLED
05-23 06:01:41.229  1534  1534 D CompatibilityChangeReporter: Compat change id reported: 135772972; UID 10294; state: DISABLED
05-23 06:01:41.229  1534  1534 D CompatibilityChangeReporter: Compat change id reported: 135754954; UID 10294; state: ENABLED
05-23 06:01:41.230  1534  1688 D CompatibilityChangeReporter: Compat change id reported: 143937733; UID 10294; state: ENABLED
05-23 06:01:41.250  1534  1534 D CompatibilityChangeReporter: Compat change id reported: 135634846; UID 10762; state: DISABLED
05-23 06:01:41.250  1534  1534 D CompatibilityChangeReporter: Compat change id reported: 177438394; UID 10762; state: DISABLED
05-23 06:01:41.251  1534  1534 D CompatibilityChangeReporter: Compat change id reported: 135772972; UID 10762; state: DISABLED
05-23 06:01:41.251  1534  1534 D CompatibilityChangeReporter: Compat change id reported: 135754954; UID 10762; state: ENABLED
05-23 06:01:41.291  1534  1864 W ActivityManager: Slow operation: 63ms so far, now at startProcess: done updating battery stats
05-23 06:01:41.291  1534  1864 W ActivityManager: Slow operation: 63ms so far, now at startProcess: building log message
05-23 06:01:41.291  1534  1864 I ActivityManager: Start proc 19262:com.facebook.katana/u0a294 for service {com.facebook.katana/com.facebook.push.registration.PushNegativeFeedbackLollipopService}
05-23 06:01:41.291  1534  1864 W ActivityManager: Slow operation: 63ms so far, now at startProcess: starting to update pids map
05-23 06:01:41.291  1534  1864 W ActivityManager: Slow operation: 63ms so far, now at startProcess: done updating pids map
05-23 06:01:41.295  1534  1864 D CompatibilityChangeReporter: Compat change id reported: 168419799; UID 10294; state: DISABLED
05-23 06:01:41.309  1534  1688 W ActivityManager: Slow operation: 59ms so far, now at startProcess: asking zygote to start proc
05-23 06:01:41.309  1534  1688 D CompatibilityChangeReporter: Compat change id reported: 143937733; UID 10762; state: ENABLED
05-23 06:01:41.319  1534  1688 W ActivityManager: Slow operation: 69ms so far, now at startProcess: returned from zygote!
05-23 06:01:41.333  1534  1688 W ActivityManager: Slow operation: 83ms so far, now at startProcess: done updating battery stats
05-23 06:01:41.334  1534  1688 W ActivityManager: Slow operation: 84ms so far, now at startProcess: building log message
05-23 06:01:41.334  1534  1688 I ActivityManager: Start proc 19278:com.voicerecorder.audiorecorder.voicenote/u0a762 for service {com.voicerecorder.audiorecorder.voicenote/androidx.work.impl.background.systemjob.SystemJobService}
05-23 06:01:41.334  1534  1688 W ActivityManager: Slow operation: 84ms so far, now at startProcess: starting to update pids map
05-23 06:01:41.334  1534  1688 W ActivityManager: Slow operation: 84ms so far, now at startProcess: done updating pids map
05-23 06:01:41.335  1534  1534 W Looper  : Slow dispatch took 125ms main h=com.android.server.job.JobSchedulerService$JobHandler c=null m=1
05-23 06:01:41.352  1534  2046 D CompatibilityChangeReporter: Compat change id reported: 168419799; UID 1000; state: DISABLED
05-23 06:01:41.364  1534  1534 D CompatibilityChangeReporter: Compat change id reported: 175319604; UID 1000; state: ENABLED
05-23 06:01:41.724  1534  4267 D CompatibilityChangeReporter: Compat change id reported: 157233955; UID 10762; state: ENABLED
05-23 06:01:41.806  1534  1864 D CompatibilityChangeReporter: Compat change id reported: 183164979; UID 10294; state: ENABLED
05-23 06:01:42.136  1534  1864 D CompatibilityChangeReporter: Compat change id reported: 135634846; UID 10762; state: DISABLED
05-23 06:01:42.136  1534  1864 D CompatibilityChangeReporter: Compat change id reported: 177438394; UID 10762; state: DISABLED
05-23 06:01:42.136  1534  1864 D CompatibilityChangeReporter: Compat change id reported: 135772972; UID 10762; state: DISABLED
05-23 06:01:42.136  1534  1864 D CompatibilityChangeReporter: Compat change id reported: 135754954; UID 10762; state: ENABLED
05-23 06:01:42.137  1534  1688 D CompatibilityChangeReporter: Compat change id reported: 143937733; UID 10762; state: ENABLED
05-23 06:01:42.151  1534  1688 I ActivityManager: Start proc 19512:com.google.android.webview:sandboxed_process0:org.chromium.content.app.SandboxedProcessService0:0/u0i100 for  {com.voicerecorder.audiorecorder.voicenote/org.chromium.content.app.SandboxedProcessService0:0}
05-23 06:01:42.388  1534  1864 D CompatibilityChangeReporter: Compat change id reported: 135634846; UID 10224; state: DISABLED
05-23 06:01:42.388  1534  1864 D CompatibilityChangeReporter: Compat change id reported: 177438394; UID 10224; state: DISABLED
05-23 06:01:42.388  1534  1864 D CompatibilityChangeReporter: Compat change id reported: 135772972; UID 10224; state: DISABLED
05-23 06:01:42.388  1534  1864 D CompatibilityChangeReporter: Compat change id reported: 135754954; UID 10224; state: ENABLED
05-23 06:01:42.388  1534  1688 D CompatibilityChangeReporter: Compat change id reported: 143937733; UID 10224; state: ENABLED
05-23 06:01:42.400  1534  1688 I ActivityManager: Start proc 19555:com.google.android.webview:webview_service/u0a224 for service {com.google.android.webview/org.chromium.android_webview.services.ComponentsProviderService}
05-23 06:01:42.453  1534  2353 D CompatibilityChangeReporter: Compat change id reported: 168419799; UID 10224; state: DISABLED
05-23 06:01:42.774  1534  2353 D CompatibilityChangeReporter: Compat change id reported: 183164979; UID 10762; state: ENABLED
05-23 06:01:42.811  1534  2351 D CompatibilityChangeReporter: Compat change id reported: 135634846; UID 10224; state: DISABLED
05-23 06:01:42.811  1534  2351 D CompatibilityChangeReporter: Compat change id reported: 177438394; UID 10224; state: DISABLED
05-23 06:01:42.812  1534  2351 D CompatibilityChangeReporter: Compat change id reported: 135772972; UID 10224; state: DISABLED
05-23 06:01:42.812  1534  2351 D CompatibilityChangeReporter: Compat change id reported: 135754954; UID 10224; state: ENABLED
05-23 06:01:42.812  1534  1688 D CompatibilityChangeReporter: Compat change id reported: 143937733; UID 10224; state: ENABLED
05-23 06:01:42.825  1534  1688 I ActivityManager: Start proc 19635:com.google.android.webview:webview_apk/u0a224 for service {com.google.android.webview/org.chromium.android_webview.nonembedded.AwComponentUpdateService}
05-23 06:01:43.540  1534  4032 I ActivityManager: Killing 17525:com.motorola.mototour/u0a199 (adj 975, setSvc -10000): empty #25
05-23 06:01:43.541  1534  4032 I ActivityManager: Killing 17541:com.motorola.personalize/u0a266 (adj 975, setSvc -10000): empty #26
05-23 06:01:43.558  1534  4032 I ActivityManager: appDiedLocked: app=ProcessRecord{f1937e6 17525:com.motorola.mototour/u0a199} thread=android.os.BinderProxy@482d2a1 fromBinderDied=true isKilledByAm=true reason=null
05-23 06:01:43.569  1534  1864 I ActivityManager: appDiedLocked: app=ProcessRecord{8395622 17541:com.motorola.personalize/u0a266} thread=android.os.BinderProxy@166ecc6 fromBinderDied=true isKilledByAm=true reason=null
05-23 06:01:46.892  1534  2351 D CompatibilityChangeReporter: Compat change id reported: 171306433; UID 10294; state: ENABLED
05-23 06:01:47.687  1534  1687 W BroadcastQueue: Permission Denial: broadcasting Intent { act=android.net.conn.CONNECTIVITY_CHANGE flg=0x4200010 (has extras) } from null (pid=-1, uid=-1) requires com.facebook.permission.prod.FB_APP_COMMUNICATION due to registered receiver BroadcastFilter{c06a409 10294/u0 ReceiverList{c2ba110 19262 com.facebook.katana/10294/u0 remote:b17e1d3}}
05-23 06:01:48.141 19262 19440 E ActivityThread: Failed to find provider info for com.android.launcher3.cornermark.unreadbadge
05-23 06:02:13.844  1534  4267 I ActivityManager: Killing 17561:com.motorola.motcameradesktop/u0a267 (adj 975, setSvc -10000): empty #25
05-23 06:02:13.859  1534  4267 I ActivityManager: appDiedLocked: app=ProcessRecord{ee20b88 17561:com.motorola.motcameradesktop/u0a267} thread=android.os.BinderProxy@bda821b fromBinderDied=true isKilledByAm=true reason=null
05-23 06:02:16.316  1534  4267 I ActivityManager: Killing 17729:com.motorola.lifetimedata/u0a263 (adj 975, setSvc -10000): empty #25
05-23 06:02:16.317  1534  4267 I ActivityManager: Killing 16135:com.google.android.permissioncontroller/u0a289 (adj 975, setSvc -10000): empty #26
05-23 06:02:16.342  1534  4267 I ActivityManager: appDiedLocked: app=ProcessRecord{38f0357 17729:com.motorola.lifetimedata/u0a263} thread=android.os.BinderProxy@dd5b191 fromBinderDied=true isKilledByAm=true reason=null
05-23 06:02:16.371  1534  2353 I ActivityManager: appDiedLocked: app=ProcessRecord{86972bf 16135:com.google.android.permissioncontroller/u0a289} thread=android.os.BinderProxy@73cf8f6 fromBinderDied=true isKilledByAm=true reason=null
05-23 06:02:16.380  1534  1669 W ActivityManager: setHasOverlayUi called on unknown pid: 16135
05-23 06:04:33.411  1534  1534 W NotificationHistory: Attempted to add notif for locked/gone/disabled user 0
05-23 06:04:33.472  1534  1534 W NotificationHistory: Attempted to add notif for locked/gone/disabled user 0
05-23 06:04:33.513  1534  1534 W NotificationHistory: Attempted to add notif for locked/gone/disabled user 0
05-23 06:04:33.559  1534  1534 W NotificationHistory: Attempted to add notif for locked/gone/disabled user 0
05-23 06:04:33.582  1534  1534 W NotificationHistory: Attempted to add notif for locked/gone/disabled user 0
05-23 06:04:33.609  1534  1534 W NotificationHistory: Attempted to add notif for locked/gone/disabled user 0
05-23 06:04:33.630  1534  1534 W NotificationHistory: Attempted to add notif for locked/gone/disabled user 0
05-23 06:04:33.683  1534  1534 W NotificationHistory: Attempted to add notif for locked/gone/disabled user 0
05-23 06:04:33.698  1534  1534 W NotificationHistory: Attempted to add notif for locked/gone/disabled user 0
05-23 06:04:33.734  1534  1534 W NotificationHistory: Attempted to add notif for locked/gone/disabled user 0
05-23 06:04:33.753  1534  1534 W NotificationHistory: Attempted to add notif for locked/gone/disabled user 0
05-23 06:04:33.795  1534  1534 W NotificationHistory: Attempted to add notif for locked/gone/disabled user 0
05-23 06:04:33.835  1534  1534 W NotificationHistory: Attempted to add notif for locked/gone/disabled user 0
05-23 06:04:33.880  1534  1534 W NotificationHistory: Attempted to add notif for locked/gone/disabled user 0
05-23 06:04:33.927  1534  1534 W NotificationHistory: Attempted to add notif for locked/gone/disabled user 0
05-23 06:04:33.963  1534  1534 W NotificationHistory: Attempted to add notif for locked/gone/disabled user 0
05-23 06:04:33.993  1534  1534 W NotificationHistory: Attempted to add notif for locked/gone/disabled user 0
05-23 06:04:34.025  1534  1534 W NotificationHistory: Attempted to add notif for locked/gone/disabled user 0
05-23 06:04:34.047  1534  1534 W NotificationHistory: Attempted to add notif for locked/gone/disabled user 0
05-23 06:04:34.075  1534  1534 W NotificationHistory: Attempted to add notif for locked/gone/disabled user 0
05-23 06:04:34.098  1534  1534 W NotificationHistory: Attempted to add notif for locked/gone/disabled user 0
05-23 06:04:34.142  1534  1534 W NotificationHistory: Attempted to add notif for locked/gone/disabled user 0
05-23 06:04:34.161  1534  1534 W NotificationHistory: Attempted to add notif for locked/gone/disabled user 0
05-23 06:04:34.186  1534  1534 W NotificationHistory: Attempted to add notif for locked/gone/disabled user 0
05-23 06:04:34.220  1534  1534 W NotificationHistory: Attempted to add notif for locked/gone/disabled user 0
05-23 06:04:34.261  1534  1534 W NotificationHistory: Attempted to add notif for locked/gone/disabled user 0
05-23 06:04:34.282  1534  1534 W NotificationHistory: Attempted to add notif for locked/gone/disabled user 0
05-23 06:04:34.336  1534  1534 W NotificationHistory: Attempted to add notif for locked/gone/disabled user 0
05-23 06:04:34.354  1534  1534 W NotificationHistory: Attempted to add notif for locked/gone/disabled user 0
05-23 06:04:34.387  1534  1534 W NotificationHistory: Attempted to add notif for locked/gone/disabled user 0
05-23 06:04:34.410  1534  1534 W NotificationHistory: Attempted to add notif for locked/gone/disabled user 0
05-23 06:04:34.452  1534  1534 W NotificationHistory: Attempted to add notif for locked/gone/disabled user 0
05-23 06:04:34.485  1534  1534 W NotificationHistory: Attempted to add notif for locked/gone/disabled user 0
05-23 06:04:34.502  1534  1534 W NotificationHistory: Attempted to add notif for locked/gone/disabled user 0
05-23 06:04:34.548  1534  1534 W NotificationHistory: Attempted to add notif for locked/gone/disabled user 0
05-23 06:04:34.617  1534  1534 W NotificationHistory: Attempted to add notif for locked/gone/disabled user 0
05-23 06:04:34.622  1534  1534 W NotificationHistory: Attempted to add notif for locked/gone/disabled user 0
05-23 06:04:34.635  1534  1534 W NotificationHistory: Attempted to add notif for locked/gone/disabled user 0
05-23 06:04:34.697  1534  1534 W NotificationHistory: Attempted to add notif for locked/gone/disabled user 0
05-23 06:04:34.723  1534  1534 W NotificationHistory: Attempted to add notif for locked/gone/disabled user 0
05-23 06:04:34.779  1534  1534 W NotificationHistory: Attempted to add notif for locked/gone/disabled user 0
05-23 06:04:34.840  1534  1534 W NotificationHistory: Attempted to add notif for locked/gone/disabled user 0
05-23 06:05:07.274  1534  1686 I ProcessStatsService: Pruning old procstats: /data/system/procstats/state-2024-05-22-01-43-49.bin
05-23 06:07:24.624  1534  2354 W ActivityManager: Background started FGS: Disallowed [callingPackage: com.whatsapp.w4b; callingUid: 10737; uidState: CEM ; intent: Intent { act=ACTION_START_FOREGROUND cmp=com.whatsapp.w4b/androidx.work.impl.foreground.SystemForegroundService (has extras) }; code:DENIED; tempAllowListReason:<null>; targetSdkVersion:34; callerTargetSdkVersion:34; startForegroundCount:0; bindFromPackage:null]
05-23 06:07:24.626  1534  2354 D CompatibilityChangeReporter: Compat change id reported: 170668199; UID 10737; state: ENABLED
05-23 06:07:24.626  1534  2354 W ActivityManager: startForegroundService() not allowed due to mAllowStartForeground false: service com.whatsapp.w4b/androidx.work.impl.foreground.SystemForegroundService
05-23 06:07:24.627  1534  2354 D CompatibilityChangeReporter: Compat change id reported: 174041399; UID 10737; state: ENABLED
05-23 06:07:24.649  1534  2354 W ActivityManager: Background start not allowed: service Intent { act=ACTION_STOP_FOREGROUND cmp=com.whatsapp.w4b/androidx.work.impl.foreground.SystemForegroundService } to com.whatsapp.w4b/androidx.work.impl.foreground.SystemForegroundService from pid=17289 uid=10737 pkg=com.whatsapp.w4b startFg?=false
05-23 06:07:53.539  1534  1686 I UsageStatsService: User[0] Flushing usage stats to disk
05-23 06:08:42.892  1534  1534 W Looper  : Slow dispatch took 147ms main h=com.android.server.job.JobSchedulerService$JobHandler c=null m=1
05-23 06:09:05.485  1534  1671 I WindowManager: SURFACE SHOW Surface(name=PopupWindow:e34ff8b)/@0xd7fe381 on display:0
05-23 06:09:56.183  1534  1829 D BatteryService: uevent={POWER_SUPPLY_VOLTAGE_NOW=4390000, POWER_SUPPLY_CHARGE_RATE=Normal, POWER_SUPPLY_CURRENT_AVG=-600, POWER_SUPPLY_CAPACITY_LEVEL=Full, POWER_SUPPLY_HEALTH=Good, POWER_SUPPLY_CURRENT_NOW=0, POWER_SUPPLY_PRESENT=1, POWER_SUPPLY_TECHNOLOGY=Li-poly, POWER_SUPPLY_CHARGE_FULL=4931000, POWER_SUPPLY_TIME_TO_FULL_NOW=0, POWER_SUPPLY_CHARGE_FULL_DESIGN=4931000, SUBSYSTEM=power_supply, POWER_SUPPLY_TEMP=267, SEQNUM=43753, ACTION=change, POWER_SUPPLY_AGE=91, POWER_SUPPLY_NAME=battery, POWER_SUPPLY_STATUS=Full, POWER_SUPPLY_CYCLE_COUNT=72, POWER_SUPPLY_CHARGE_COUNTER=4931000, POWER_SUPPLY_CAPACITY=100, DEVPATH=/devices/platform/battery/power_supply/battery}
05-23 06:09:56.185  1534  1829 D BatteryService: uevent={POWER_SUPPLY_VOLTAGE_NOW=4390000, POWER_SUPPLY_CHARGE_RATE=Normal, POWER_SUPPLY_CURRENT_AVG=-600, POWER_SUPPLY_CAPACITY_LEVEL=Full, POWER_SUPPLY_HEALTH=Good, POWER_SUPPLY_CURRENT_NOW=0, POWER_SUPPLY_PRESENT=1, POWER_SUPPLY_TECHNOLOGY=Li-poly, POWER_SUPPLY_CHARGE_FULL=4931000, POWER_SUPPLY_TIME_TO_FULL_NOW=0, POWER_SUPPLY_CHARGE_FULL_DESIGN=4931000, SUBSYSTEM=power_supply, POWER_SUPPLY_TEMP=267, SEQNUM=43753, ACTION=change, POWER_SUPPLY_AGE=91, POWER_SUPPLY_NAME=battery, POWER_SUPPLY_STATUS=Full, POWER_SUPPLY_CYCLE_COUNT=72, POWER_SUPPLY_CHARGE_COUNTER=4931000, POWER_SUPPLY_CAPACITY=100, DEVPATH=/devices/platform/battery/power_supply/battery}
05-23 06:12:31.668  1534  1534 W NotificationHistory: Attempted to add notif for locked/gone/disabled user 0
05-23 06:12:31.705  1534  1534 W NotificationHistory: Attempted to add notif for locked/gone/disabled user 0
05-23 06:12:31.728  1534  1534 W NotificationHistory: Attempted to add notif for locked/gone/disabled user 0
05-23 06:12:31.783  1534  1534 W NotificationHistory: Attempted to add notif for locked/gone/disabled user 0
05-23 06:12:31.802  1534  1534 W NotificationHistory: Attempted to add notif for locked/gone/disabled user 0
05-23 06:12:31.824  1534  1534 W NotificationHistory: Attempted to add notif for locked/gone/disabled user 0
05-23 06:12:31.852  1534  1534 W NotificationHistory: Attempted to add notif for locked/gone/disabled user 0
05-23 06:12:31.887  1534  1534 W NotificationHistory: Attempted to add notif for locked/gone/disabled user 0
05-23 06:12:31.917  1534  1534 W NotificationHistory: Attempted to add notif for locked/gone/disabled user 0
05-23 06:12:31.950  1534  1534 W NotificationHistory: Attempted to add notif for locked/gone/disabled user 0
05-23 06:12:31.995  1534  1534 W NotificationHistory: Attempted to add notif for locked/gone/disabled user 0
05-23 06:12:32.015  1534  1534 W NotificationHistory: Attempted to add notif for locked/gone/disabled user 0
05-23 06:12:32.051  1534  1534 W NotificationHistory: Attempted to add notif for locked/gone/disabled user 0
05-23 06:12:32.087  1534  1534 W NotificationHistory: Attempted to add notif for locked/gone/disabled user 0
05-23 06:12:32.112  1534  1534 W NotificationHistory: Attempted to add notif for locked/gone/disabled user 0
05-23 06:12:32.145  1534  1534 W NotificationHistory: Attempted to add notif for locked/gone/disabled user 0
